Archive member included to satisfy reference by file (symbol)

/opt/st/stm32cubeide_1.16.0/plugins/com.st.stm32cube.ide.mcu.externaltools.gnu-tools-for-stm32.12.3.rel1.linux64_1.0.200.202406132123/tools/bin/../lib/gcc/arm-none-eabi/12.3.1/../../../../arm-none-eabi/lib/thumb/v7e-m+fp/hard/libc_nano.a(libc_a-exit.o)
                              /opt/st/stm32cubeide_1.16.0/plugins/com.st.stm32cube.ide.mcu.externaltools.gnu-tools-for-stm32.12.3.rel1.linux64_1.0.200.202406132123/tools/bin/../lib/gcc/arm-none-eabi/12.3.1/../../../../arm-none-eabi/lib/thumb/v7e-m+fp/hard/crt0.o (exit)
/opt/st/stm32cubeide_1.16.0/plugins/com.st.stm32cube.ide.mcu.externaltools.gnu-tools-for-stm32.12.3.rel1.linux64_1.0.200.202406132123/tools/bin/../lib/gcc/arm-none-eabi/12.3.1/../../../../arm-none-eabi/lib/thumb/v7e-m+fp/hard/libc_nano.a(libc_a-realloc.o)
                              ./Core/Src/mainpp.o (realloc)
/opt/st/stm32cubeide_1.16.0/plugins/com.st.stm32cube.ide.mcu.externaltools.gnu-tools-for-stm32.12.3.rel1.linux64_1.0.200.202406132123/tools/bin/../lib/gcc/arm-none-eabi/12.3.1/../../../../arm-none-eabi/lib/thumb/v7e-m+fp/hard/libc_nano.a(libc_a-reallocr.o)
                              /opt/st/stm32cubeide_1.16.0/plugins/com.st.stm32cube.ide.mcu.externaltools.gnu-tools-for-stm32.12.3.rel1.linux64_1.0.200.202406132123/tools/bin/../lib/gcc/arm-none-eabi/12.3.1/../../../../arm-none-eabi/lib/thumb/v7e-m+fp/hard/libc_nano.a(libc_a-realloc.o) (_realloc_r)
/opt/st/stm32cubeide_1.16.0/plugins/com.st.stm32cube.ide.mcu.externaltools.gnu-tools-for-stm32.12.3.rel1.linux64_1.0.200.202406132123/tools/bin/../lib/gcc/arm-none-eabi/12.3.1/../../../../arm-none-eabi/lib/thumb/v7e-m+fp/hard/libc_nano.a(libc_a-fflush.o)
                              ./Core/Src/main.o (fflush)
/opt/st/stm32cubeide_1.16.0/plugins/com.st.stm32cube.ide.mcu.externaltools.gnu-tools-for-stm32.12.3.rel1.linux64_1.0.200.202406132123/tools/bin/../lib/gcc/arm-none-eabi/12.3.1/../../../../arm-none-eabi/lib/thumb/v7e-m+fp/hard/libc_nano.a(libc_a-findfp.o)
                              /opt/st/stm32cubeide_1.16.0/plugins/com.st.stm32cube.ide.mcu.externaltools.gnu-tools-for-stm32.12.3.rel1.linux64_1.0.200.202406132123/tools/bin/../lib/gcc/arm-none-eabi/12.3.1/../../../../arm-none-eabi/lib/thumb/v7e-m+fp/hard/libc_nano.a(libc_a-fflush.o) (__sglue)
/opt/st/stm32cubeide_1.16.0/plugins/com.st.stm32cube.ide.mcu.externaltools.gnu-tools-for-stm32.12.3.rel1.linux64_1.0.200.202406132123/tools/bin/../lib/gcc/arm-none-eabi/12.3.1/../../../../arm-none-eabi/lib/thumb/v7e-m+fp/hard/libc_nano.a(libc_a-fwalk.o)
                              /opt/st/stm32cubeide_1.16.0/plugins/com.st.stm32cube.ide.mcu.externaltools.gnu-tools-for-stm32.12.3.rel1.linux64_1.0.200.202406132123/tools/bin/../lib/gcc/arm-none-eabi/12.3.1/../../../../arm-none-eabi/lib/thumb/v7e-m+fp/hard/libc_nano.a(libc_a-fflush.o) (_fwalk_sglue)
/opt/st/stm32cubeide_1.16.0/plugins/com.st.stm32cube.ide.mcu.externaltools.gnu-tools-for-stm32.12.3.rel1.linux64_1.0.200.202406132123/tools/bin/../lib/gcc/arm-none-eabi/12.3.1/../../../../arm-none-eabi/lib/thumb/v7e-m+fp/hard/libc_nano.a(libc_a-sprintf.o)
                              ./Core/Src/main.o (sprintf)
/opt/st/stm32cubeide_1.16.0/plugins/com.st.stm32cube.ide.mcu.externaltools.gnu-tools-for-stm32.12.3.rel1.linux64_1.0.200.202406132123/tools/bin/../lib/gcc/arm-none-eabi/12.3.1/../../../../arm-none-eabi/lib/thumb/v7e-m+fp/hard/libc_nano.a(libc_a-stdio.o)
                              /opt/st/stm32cubeide_1.16.0/plugins/com.st.stm32cube.ide.mcu.externaltools.gnu-tools-for-stm32.12.3.rel1.linux64_1.0.200.202406132123/tools/bin/../lib/gcc/arm-none-eabi/12.3.1/../../../../arm-none-eabi/lib/thumb/v7e-m+fp/hard/libc_nano.a(libc_a-findfp.o) (__sread)
/opt/st/stm32cubeide_1.16.0/plugins/com.st.stm32cube.ide.mcu.externaltools.gnu-tools-for-stm32.12.3.rel1.linux64_1.0.200.202406132123/tools/bin/../lib/gcc/arm-none-eabi/12.3.1/../../../../arm-none-eabi/lib/thumb/v7e-m+fp/hard/libc_nano.a(libc_a-memset.o)
                              /opt/st/stm32cubeide_1.16.0/plugins/com.st.stm32cube.ide.mcu.externaltools.gnu-tools-for-stm32.12.3.rel1.linux64_1.0.200.202406132123/tools/bin/../lib/gcc/arm-none-eabi/12.3.1/../../../../arm-none-eabi/lib/thumb/v7e-m+fp/hard/crt0.o (memset)
/opt/st/stm32cubeide_1.16.0/plugins/com.st.stm32cube.ide.mcu.externaltools.gnu-tools-for-stm32.12.3.rel1.linux64_1.0.200.202406132123/tools/bin/../lib/gcc/arm-none-eabi/12.3.1/../../../../arm-none-eabi/lib/thumb/v7e-m+fp/hard/libc_nano.a(libc_a-closer.o)
                              /opt/st/stm32cubeide_1.16.0/plugins/com.st.stm32cube.ide.mcu.externaltools.gnu-tools-for-stm32.12.3.rel1.linux64_1.0.200.202406132123/tools/bin/../lib/gcc/arm-none-eabi/12.3.1/../../../../arm-none-eabi/lib/thumb/v7e-m+fp/hard/libc_nano.a(libc_a-stdio.o) (_close_r)
[...]
Memory Configuration

Name             Origin             Length             Attributes
RAM              0x20000000         0x00050000         rw
FLASH            0x08000000         0x00100000         xr
*default*        0x00000000         0xffffffff

Linker script and memory map

LOAD /opt/st/stm32cubeide_1.16.0/plugins/com.st.stm32cube.ide.mcu.externaltools.gnu-tools-for-stm32.12.3.rel1.linux64_1.0.200.202406132123/tools/bin/../lib/gcc/arm-none-eabi/12.3.1/thumb/v7e-m+fp/hard/crti.o
LOAD /opt/st/stm32cubeide_1.16.0/plugins/com.st.stm32cube.ide.mcu.externaltools.gnu-tools-for-stm32.12.3.rel1.linux64_1.0.200.202406132123/tools/bin/../lib/gcc/arm-none-eabi/12.3.1/thumb/v7e-m+fp/hard/crtbegin.o
LOAD /opt/st/stm32cubeide_1.16.0/plugins/com.st.stm32cube.ide.mcu.externaltools.gnu-tools-for-stm32.12.3.rel1.linux64_1.0.200.202406132123/tools/bin/../lib/gcc/arm-none-eabi/12.3.1/../../../../arm-none-eabi/lib/thumb/v7e-m+fp/hard/crt0.o
LOAD ./Core/Src/ILI9486.o
LOAD ./Core/Src/duration.o
LOAD ./Core/Src/freertos.o
LOAD ./Core/Src/main.o
LOAD ./Core/Src/mainpp.o
LOAD ./Core/Src/stm32f7xx_hal_msp.o
LOAD ./Core/Src/stm32f7xx_hal_timebase_tim.o
LOAD ./Core/Src/stm32f7xx_it.o
LOAD ./Core/Src/syscalls.o
LOAD ./Core/Src/sysmem.o
LOAD ./Core/Src/system_stm32f7xx.o
LOAD ./Core/Src/time.o
LOAD ./Core/Startup/startup_stm32f746zgtx.o
LOAD ./Drivers/STM32F7xx_HAL_Driver/Src/stm32f7xx_hal.o
LOAD ./Drivers/STM32F7xx_HAL_Driver/Src/stm32f7xx_hal_can.o
LOAD ./Drivers/STM32F7xx_HAL_Driver/Src/stm32f7xx_hal_cortex.o
LOAD ./Drivers/STM32F7xx_HAL_Driver/Src/stm32f7xx_hal_dma.o
LOAD ./Drivers/STM32F7xx_HAL_Driver/Src/stm32f7xx_hal_dma_ex.o
LOAD ./Drivers/STM32F7xx_HAL_Driver/Src/stm32f7xx_hal_exti.o
LOAD ./Drivers/STM32F7xx_HAL_Driver/Src/stm32f7xx_hal_flash.o
LOAD ./Drivers/STM32F7xx_HAL_Driver/Src/stm32f7xx_hal_flash_ex.o
LOAD ./Drivers/STM32F7xx_HAL_Driver/Src/stm32f7xx_hal_gpio.o
LOAD ./Drivers/STM32F7xx_HAL_Driver/Src/stm32f7xx_hal_i2c.o
LOAD ./Drivers/STM32F7xx_HAL_Driver/Src/stm32f7xx_hal_i2c_ex.o
LOAD ./Drivers/STM32F7xx_HAL_Driver/Src/stm32f7xx_hal_pwr.o
LOAD ./Drivers/STM32F7xx_HAL_Driver/Src/stm32f7xx_hal_pwr_ex.o
LOAD ./Drivers/STM32F7xx_HAL_Driver/Src/stm32f7xx_hal_rcc.o
LOAD ./Drivers/STM32F7xx_HAL_Driver/Src/stm32f7xx_hal_rcc_ex.o
LOAD ./Drivers/STM32F7xx_HAL_Driver/Src/stm32f7xx_hal_spi.o
LOAD ./Drivers/STM32F7xx_HAL_Driver/Src/stm32f7xx_hal_spi_ex.o
LOAD ./Drivers/STM32F7xx_HAL_Driver/Src/stm32f7xx_hal_tim.o
LOAD ./Drivers/STM32F7xx_HAL_Driver/Src/stm32f7xx_hal_tim_ex.o
LOAD ./Drivers/STM32F7xx_HAL_Driver/Src/stm32f7xx_hal_uart.o
LOAD ./Drivers/STM32F7xx_HAL_Driver/Src/stm32f7xx_hal_uart_ex.o
LOAD ./Middlewares/Third_Party/FreeRTOS/Source/CMSIS_RTOS/cmsis_os.o
LOAD ./Middlewares/Third_Party/FreeRTOS/Source/croutine.o
LOAD ./Middlewares/Third_Party/FreeRTOS/Source/event_groups.o
LOAD ./Middlewares/Third_Party/FreeRTOS/Source/list.o
LOAD ./Middlewares/Third_Party/FreeRTOS/Source/queue.o
LOAD ./Middlewares/Third_Party/FreeRTOS/Source/stream_buffer.o
LOAD ./Middlewares/Third_Party/FreeRTOS/Source/tasks.o
LOAD ./Middlewares/Third_Party/FreeRTOS/Source/timers.o
LOAD ./Middlewares/Third_Party/FreeRTOS/Source/portable/GCC/ARM_CM7/r0p1/port.o
LOAD ./Middlewares/Third_Party/FreeRTOS/Source/portable/MemMang/heap_4.o
START GROUP
LOAD /opt/st/stm32cubeide_1.16.0/plugins/com.st.stm32cube.ide.mcu.externaltools.gnu-tools-for-stm32.12.3.rel1.linux64_1.0.200.202406132123/tools/bin/../lib/gcc/arm-none-eabi/12.3.1/../../../../arm-none-eabi/lib/thumb/v7e-m+fp/hard/libstdc++_nano.a
LOAD /opt/st/stm32cubeide_1.16.0/plugins/com.st.stm32cube.ide.mcu.externaltools.gnu-tools-for-stm32.12.3.rel1.linux64_1.0.200.202406132123/tools/bin/../lib/gcc/arm-none-eabi/12.3.1/../../../../arm-none-eabi/lib/thumb/v7e-m+fp/hard/libsupc++_nano.a
END GROUP
LOAD /opt/st/stm32cubeide_1.16.0/plugins/com.st.stm32cube.ide.mcu.externaltools.gnu-tools-for-stm32.12.3.rel1.linux64_1.0.200.202406132123/tools/bin/../lib/gcc/arm-none-eabi/12.3.1/../../../../arm-none-eabi/lib/thumb/v7e-m+fp/hard/libstdc++_nano.a
LOAD /opt/st/stm32cubeide_1.16.0/plugins/com.st.stm32cube.ide.mcu.externaltools.gnu-tools-for-stm32.12.3.rel1.linux64_1.0.200.202406132123/tools/bin/../lib/gcc/arm-none-eabi/12.3.1/../../../../arm-none-eabi/lib/thumb/v7e-m+fp/hard/libm.a
LOAD /opt/st/stm32cubeide_1.16.0/plugins/com.st.stm32cube.ide.mcu.externaltools.gnu-tools-for-stm32.12.3.rel1.linux64_1.0.200.202406132123/tools/bin/../lib/gcc/arm-none-eabi/12.3.1/../../../../arm-none-eabi/lib/thumb/v7e-m+fp/hard/libc_nano.a
START GROUP
LOAD /opt/st/stm32cubeide_1.16.0/plugins/com.st.stm32cube.ide.mcu.externaltools.gnu-tools-for-stm32.12.3.rel1.linux64_1.0.200.202406132123/tools/bin/../lib/gcc/arm-none-eabi/12.3.1/thumb/v7e-m+fp/hard/libgcc.a
LOAD /opt/st/stm32cubeide_1.16.0/plugins/com.st.stm32cube.ide.mcu.externaltools.gnu-tools-for-stm32.12.3.rel1.linux64_1.0.200.202406132123/tools/bin/../lib/gcc/arm-none-eabi/12.3.1/../../../../arm-none-eabi/lib/thumb/v7e-m+fp/hard/libc_nano.a
END GROUP
START GROUP
LOAD /opt/st/stm32cubeide_1.16.0/plugins/com.st.stm32cube.ide.mcu.externaltools.gnu-tools-for-stm32.12.3.rel1.linux64_1.0.200.202406132123/tools/bin/../lib/gcc/arm-none-eabi/12.3.1/thumb/v7e-m+fp/hard/libgcc.a
LOAD /opt/st/stm32cubeide_1.16.0/plugins/com.st.stm32cube.ide.mcu.externaltools.gnu-tools-for-stm32.12.3.rel1.linux64_1.0.200.202406132123/tools/bin/../lib/gcc/arm-none-eabi/12.3.1/../../../../arm-none-eabi/lib/thumb/v7e-m+fp/hard/libc_nano.a
END GROUP
LOAD /opt/st/stm32cubeide_1.16.0/plugins/com.st.stm32cube.ide.mcu.externaltools.gnu-tools-for-stm32.12.3.rel1.linux64_1.0.200.202406132123/tools/bin/../lib/gcc/arm-none-eabi/12.3.1/thumb/v7e-m+fp/hard/crtend.o
LOAD /opt/st/stm32cubeide_1.16.0/plugins/com.st.stm32cube.ide.mcu.externaltools.gnu-tools-for-stm32.12.3.rel1.linux64_1.0.200.202406132123/tools/bin/../lib/gcc/arm-none-eabi/12.3.1/thumb/v7e-m+fp/hard/crtn.o
                0x20050000                        _estack = (ORIGIN (RAM) + LENGTH (RAM))
                0x00000200                        _Min_Heap_Size = 0x200
                0x00000400                        _Min_Stack_Size = 0x400

.isr_vector     0x08000000      0x1c8
                0x08000000                        . = ALIGN (0x4)
 *(.isr_vector)
 .isr_vector    0x08000000      0x1c8 ./Core/Startup/startup_stm32f746zgtx.o
                0x08000000                g_pfnVectors
                0x080001c8                        . = ALIGN (0x4)

.text           0x080001d0    0x11194
                0x080001d0                        . = ALIGN (0x4)
 *(.text)
 .text          0x080001d0       0x40 /opt/st/stm32cubeide_1.16.0/plugins/com.st.stm32cube.ide.mcu.externaltools.gnu-tools-for-stm32.12.3.rel1.linux64_1.0.200.202406132123/tools/bin/../lib/gcc/arm-none-eabi/12.3.1/thumb/v7e-m+fp/hard/crtbegin.o
 .text          0x08000210       0x10 /opt/st/stm32cubeide_1.16.0/plugins/com.st.stm32cube.ide.mcu.externaltools.gnu-tools-for-stm32.12.3.rel1.linux64_1.0.200.202406132123/tools/bin/../lib/gcc/arm-none-eabi/12.3.1/../../../../arm-none-eabi/lib/thumb/v7e-m+fp/hard/libc_nano.a(libc_a-strlen.o)
                0x08000210                strlen
 .text          0x08000220       0xa0 /opt/st/stm32cubeide_1.16.0/plugins/com.st.stm32cube.ide.mcu.externaltools.gnu-tools-for-stm32.12.3.rel1.linux64_1.0.200.202406132123/tools/bin/../lib/gcc/arm-none-eabi/12.3.1/../../../../arm-none-eabi/lib/thumb/v7e-m+fp/hard/libc_nano.a(libc_a-memchr.o)
                0x08000220                memchr
 .text          0x080002c0      0x378 /opt/st/stm32cubeide_1.16.0/plugins/com.st.stm32cube.ide.mcu.externaltools.gnu-tools-for-stm32.12.3.rel1.linux64_1.0.200.202406132123/tools/bin/../lib/gcc/arm-none-eabi/12.3.1/thumb/v7e-m+fp/hard/libgcc.a(_arm_addsubdf3.o)
                0x080002c0                __aeabi_drsub
                0x080002c8                __aeabi_dsub
                0x080002c8                __subdf3
                0x080002cc                __adddf3
                0x080002cc                __aeabi_dadd
                0x08000544                __aeabi_ui2d
                0x08000544                __floatunsidf
                0x08000564                __floatsidf
                0x08000564                __aeabi_i2d
                0x08000588                __extendsfdf2
                0x08000588                __aeabi_f2d
                0x080005cc                __aeabi_ul2d
                0x080005cc                __floatundidf
                0x080005dc                __floatdidf
                0x080005dc                __aeabi_l2d
 .text          0x08000638      0x424 /opt/st/stm32cubeide_1.16.0/plugins/com.st.stm32cube.ide.mcu.externaltools.gnu-tools-for-stm32.12.3.rel1.linux64_1.0.200.202406132123/tools/bin/../lib/gcc/arm-none-eabi/12.3.1/thumb/v7e-m+fp/hard/libgcc.a(_arm_muldivdf3.o)
                0x08000638                __aeabi_dmul
                0x08000638                __muldf3
                0x0800088c                __aeabi_ddiv
                0x0800088c                __divdf3
 .text          0x08000a5c       0x50 /opt/st/stm32cubeide_1.16.0/plugins/com.st.stm32cube.ide.mcu.externaltools.gnu-tools-for-stm32.12.3.rel1.linux64_1.0.200.202406132123/tools/bin/../lib/gcc/arm-none-eabi/12.3.1/thumb/v7e-m+fp/hard/libgcc.a(_arm_fixdfsi.o)
                0x08000a5c                __fixdfsi
                0x08000a5c                __aeabi_d2iz
 .text          0x08000aac       0x30 /opt/st/stm32cubeide_1.16.0/plugins/com.st.stm32cube.ide.mcu.externaltools.gnu-tools-for-stm32.12.3.rel1.linux64_1.0.200.202406132123/tools/bin/../lib/gcc/arm-none-eabi/12.3.1/thumb/v7e-m+fp/hard/libgcc.a(_aeabi_uldivmod.o)
                0x08000aac                __aeabi_uldivmod
 .text          0x08000adc      0x2bc /opt/st/stm32cubeide_1.16.0/plugins/com.st.stm32cube.ide.mcu.externaltools.gnu-tools-for-stm32.12.3.rel1.linux64_1.0.200.202406132123/tools/bin/../lib/gcc/arm-none-eabi/12.3.1/thumb/v7e-m+fp/hard/libgcc.a(_udivmoddi4.o)
                0x08000adc                __udivmoddi4
 .text          0x08000d98        0x4 /opt/st/stm32cubeide_1.16.0/plugins/com.st.stm32cube.ide.mcu.externaltools.gnu-tools-for-stm32.12.3.rel1.linux64_1.0.200.202406132123/tools/bin/../lib/gcc/arm-none-eabi/12.3.1/thumb/v7e-m+fp/hard/libgcc.a(_dvmd_tls.o)
                0x08000d98                __aeabi_ldiv0
                0x08000d98                __aeabi_idiv0
 *(.text*)
 .text.Driver_Delay_ms
                0x08000d9c       0x16 ./Core/Src/ILI9486.o
                0x08000d9c                Driver_Delay_ms
 *fill*         0x08000db2        0x2 
 .text.LCD_Reset
                0x08000db4       0x44 ./Core/Src/ILI9486.o
 .text.LCD_SetBackLight
                0x08000df8       0x18 ./Core/Src/ILI9486.o
                0x08000df8                LCD_SetBackLight
 .text.LCD_WriteReg
                0x08000e10       0x48 ./Core/Src/ILI9486.o
                0x08000e10                LCD_WriteReg
 .text.LCD_WriteData
                0x08000e58       0x48 ./Core/Src/ILI9486.o
                0x08000e58                LCD_WriteData
 .text.LCD_Write_AllData
                0x08000ea0       0x74 ./Core/Src/ILI9486.o
 .text.LCD_InitReg
                0x08000f14      0x212 ./Core/Src/ILI9486.o
 *fill*         0x08001126        0x2 
 .text.LCD_SetGramScanWay
                0x08001128      0x104 ./Core/Src/ILI9486.o
                0x08001128                LCD_SetGramScanWay
 .text.LCD_Init
                0x0800122c       0x52 ./Core/Src/ILI9486.o
                0x0800122c                LCD_Init
 .text.LCD_SetWindow
                0x0800127e       0xa0 ./Core/Src/ILI9486.o
                0x0800127e                LCD_SetWindow
 .text.LCD_SetCursor
                0x0800131e       0x24 ./Core/Src/ILI9486.o
                0x0800131e                LCD_SetCursor
 .text.LCD_SetColor
                0x08001342       0x2c ./Core/Src/ILI9486.o
                0x08001342                LCD_SetColor
 *fill*         0x0800136e        0x2 
 .text.LCD_SetPointlColor
                0x08001370       0x4c ./Core/Src/ILI9486.o
                0x08001370                LCD_SetPointlColor
 .text.LCD_SetArealColor
                0x080013bc       0x5a ./Core/Src/ILI9486.o
                0x080013bc                LCD_SetArealColor
 *fill*         0x08001416        0x2 
 .text.LCD_Clear
                0x08001418       0x2c ./Core/Src/ILI9486.o
                0x08001418                LCD_Clear
 .text.GUI_Swop
                0x08001444       0x28 ./Core/Src/ILI9486.o
                0x08001444                GUI_Swop
 .text.GUI_DrawPoint
                0x0800146c      0x10c ./Core/Src/ILI9486.o
                0x0800146c                GUI_DrawPoint
 .text.GUI_DrawLine
                0x08001578      0x180 ./Core/Src/ILI9486.o
                0x08001578                GUI_DrawLine
 .text.GUI_DrawRectangle
                0x080016f8      0x108 ./Core/Src/ILI9486.o
                0x080016f8                GUI_DrawRectangle
 .text.GUI_DrawCircle
                0x08001800      0x314 ./Core/Src/ILI9486.o
                0x08001800                GUI_DrawCircle
 .text.GUI_DisChar
                0x08001b14      0x15c ./Core/Src/ILI9486.o
                0x08001b14                GUI_DisChar
 .text.GUI_DisString_EN
                0x08001c70       0xa4 ./Core/Src/ILI9486.o
                0x08001c70                GUI_DisString_EN
 .text.GUI_display
                0x08001d14      0x378 ./Core/Src/ILI9486.o
                0x08001d14                GUI_display
 .text.vApplicationGetIdleTaskMemory
                0x0800208c       0x34 ./Core/Src/freertos.o
                0x0800208c                vApplicationGetIdleTaskMemory
 .text.main     0x080020c0      0x2d8 ./Core/Src/main.o
                0x080020c0                main
 .text.SystemClock_Config
                0x08002398       0xdc ./Core/Src/main.o
                0x08002398                SystemClock_Config
 .text.MX_CAN1_Init
                0x08002474       0xd4 ./Core/Src/main.o
 .text.MX_SPI1_Init
                0x08002548       0x7c ./Core/Src/main.o
 .text.MX_SPI4_Init
                0x080025c4       0x7c ./Core/Src/main.o
 .text.MX_TIM1_Init
                0x08002640       0xb4 ./Core/Src/main.o
 .text.MX_TIM2_Init
                0x080026f4       0xa8 ./Core/Src/main.o
 .text.MX_TIM3_Init
                0x0800279c       0xf8 ./Core/Src/main.o
 .text.MX_TIM4_Init
                0x08002894       0xac ./Core/Src/main.o
 .text.MX_TIM5_Init
                0x08002940       0xcc ./Core/Src/main.o
 .text.MX_TIM8_Init
                0x08002a0c       0xb4 ./Core/Src/main.o
 .text.MX_TIM10_Init
                0x08002ac0       0x48 ./Core/Src/main.o
 .text.MX_TIM12_Init
                0x08002b08       0xa0 ./Core/Src/main.o
 .text.MX_USART2_UART_Init
                0x08002ba8       0x60 ./Core/Src/main.o
 .text.MX_USART3_UART_Init
                0x08002c08       0x60 ./Core/Src/main.o
 .text.MX_DMA_Init
                0x08002c68       0xa4 ./Core/Src/main.o
 .text.MX_GPIO_Init
                0x08002d0c      0x274 ./Core/Src/main.o
 .text.motor_speed
                0x08002f80       0xe8 ./Core/Src/main.o
                0x08002f80                motor_speed
 .text.motor1   0x08003068       0x8c ./Core/Src/main.o
                0x08003068                motor1
 .text.motor2   0x080030f4       0x8c ./Core/Src/main.o
                0x080030f4                motor2
 .text.motor3   0x08003180       0x80 ./Core/Src/main.o
                0x08003180                motor3
 .text.motor4   0x08003200       0x8c ./Core/Src/main.o
                0x08003200                motor4
 .text.turn     0x0800328c      0x164 ./Core/Src/main.o
                0x0800328c                turn
 .text.yvj_ergeh
                0x080033f0      0x170 ./Core/Src/main.o
                0x080033f0                yvj_ergeh
 .text.HAL_CAN_RxFifo0MsgPendingCallback
                0x08003560       0xe8 ./Core/Src/main.o
                0x08003560                HAL_CAN_RxFifo0MsgPendingCallback
 .text.can_transmit
                0x08003648       0x6a ./Core/Src/main.o
                0x08003648                can_transmit
 *fill*         0x080036b2        0x2 
 .text.Joystick_task
                0x080036b4       0x40 ./Core/Src/main.o
                0x080036b4                Joystick_task
 .text.Ball_task
                0x080036f4      0x164 ./Core/Src/main.o
                0x080036f4                Ball_task
 .text.Seedling_task
                0x08003858      0x314 ./Core/Src/main.o
                0x08003858                Seedling_task
 .text.Wheel_task
                0x08003b6c      0x418 ./Core/Src/main.o
                0x08003b6c                Wheel_task
 .text.Encoder_task
                0x08003f84      0x290 ./Core/Src/main.o
                0x08003f84                Encoder_task
 .text.Display_task
                0x08004214      0xf90 ./Core/Src/main.o
                0x08004214                Display_task
 .text.Ros_Transmit
                0x080051a4      0x1a8 ./Core/Src/main.o
                0x080051a4                Ros_Transmit
 .text.M3508_task
                0x0800534c      0x178 ./Core/Src/main.o
                0x0800534c                M3508_task
 .text.HAL_TIM_PeriodElapsedCallback
                0x080054c4       0x24 ./Core/Src/main.o
                0x080054c4                HAL_TIM_PeriodElapsedCallback
 .text.Error_Handler
                0x080054e8       0x12 ./Core/Src/main.o
                0x080054e8                Error_Handler
 .text._ZN3ros4TimeC2Ev
                0x080054fa       0x22 ./Core/Src/mainpp.o
                0x080054fa                ros::Time::Time()
                0x080054fa                ros::Time::Time()
 .text._ZN3ros3MsgC2Ev
                0x0800551c       0x20 ./Core/Src/mainpp.o
                0x0800551c                ros::Msg::Msg()
                0x0800551c                ros::Msg::Msg()
 .text._ZN8std_msgs4TimeC2Ev
                0x0800553c       0x30 ./Core/Src/mainpp.o
                0x0800553c                std_msgs::Time::Time()
                0x0800553c                std_msgs::Time::Time()
 .text._ZNK8std_msgs4Time9serializeEPh
                0x0800556c       0xb0 ./Core/Src/mainpp.o
                0x0800556c                std_msgs::Time::serialize(unsigned char*) const
 .text._ZN8std_msgs4Time11deserializeEPh
                0x0800561c       0xc8 ./Core/Src/mainpp.o
                0x0800561c                std_msgs::Time::deserialize(unsigned char*)
 .text._ZN8std_msgs4Time7getTypeEv
                0x080056e4       0x1c ./Core/Src/mainpp.o
                0x080056e4                std_msgs::Time::getType()
 .text._ZN8std_msgs4Time6getMD5Ev
                0x08005700       0x1c ./Core/Src/mainpp.o
                0x08005700                std_msgs::Time::getMD5()
 .text._ZN14rosserial_msgs9TopicInfoC2Ev
                0x0800571c       0x48 ./Core/Src/mainpp.o
                0x0800571c                rosserial_msgs::TopicInfo::TopicInfo()
                0x0800571c                rosserial_msgs::TopicInfo::TopicInfo()
 .text._ZNK14rosserial_msgs9TopicInfo9serializeEPh
                0x08005764      0x136 ./Core/Src/mainpp.o
                0x08005764                rosserial_msgs::TopicInfo::serialize(unsigned char*) const
 .text._ZN14rosserial_msgs9TopicInfo11deserializeEPh
                0x0800589a      0x1d0 ./Core/Src/mainpp.o
                0x0800589a                rosserial_msgs::TopicInfo::deserialize(unsigned char*)
 *fill*         0x08005a6a        0x2 
 .text._ZN14rosserial_msgs9TopicInfo7getTypeEv
                0x08005a6c       0x1c ./Core/Src/mainpp.o
                0x08005a6c                rosserial_msgs::TopicInfo::getType()
 .text._ZN14rosserial_msgs9TopicInfo6getMD5Ev
                0x08005a88       0x1c ./Core/Src/mainpp.o
                0x08005a88                rosserial_msgs::TopicInfo::getMD5()
 .text._ZN14rosserial_msgs3LogC2Ev
                0x08005aa4       0x34 ./Core/Src/mainpp.o
                0x08005aa4                rosserial_msgs::Log::Log()
                0x08005aa4                rosserial_msgs::Log::Log()
 .text._ZNK14rosserial_msgs3Log9serializeEPh
                0x08005ad8       0x64 ./Core/Src/mainpp.o
                0x08005ad8                rosserial_msgs::Log::serialize(unsigned char*) const
 .text._ZN14rosserial_msgs3Log11deserializeEPh
                0x08005b3c       0x90 ./Core/Src/mainpp.o
                0x08005b3c                rosserial_msgs::Log::deserialize(unsigned char*)
 .text._ZN14rosserial_msgs3Log7getTypeEv
                0x08005bcc       0x1c ./Core/Src/mainpp.o
                0x08005bcc                rosserial_msgs::Log::getType()
 .text._ZN14rosserial_msgs3Log6getMD5Ev
                0x08005be8       0x1c ./Core/Src/mainpp.o
                0x08005be8                rosserial_msgs::Log::getMD5()
 .text._ZN14rosserial_msgs20RequestParamResponseC2Ev
                0x08005c04       0x5c ./Core/Src/mainpp.o
                0x08005c04                rosserial_msgs::RequestParamResponse::RequestParamResponse()
                0x08005c04                rosserial_msgs::RequestParamResponse::RequestParamResponse()
 .text._ZNK14rosserial_msgs20RequestParamResponse9serializeEPh
                0x08005c60      0x222 ./Core/Src/mainpp.o
                0x08005c60                rosserial_msgs::RequestParamResponse::serialize(unsigned char*) const
 .text._ZN14rosserial_msgs20RequestParamResponse11deserializeEPh
                0x08005e82      0x2e2 ./Core/Src/mainpp.o
                0x08005e82                rosserial_msgs::RequestParamResponse::deserialize(unsigned char*)
 .text._ZN14rosserial_msgs20RequestParamResponse7getTypeEv
                0x08006164       0x1c ./Core/Src/mainpp.o
                0x08006164                rosserial_msgs::RequestParamResponse::getType()
 .text._ZN14rosserial_msgs20RequestParamResponse6getMD5Ev
                0x08006180       0x1c ./Core/Src/mainpp.o
                0x08006180                rosserial_msgs::RequestParamResponse::getMD5()
 .text._ZN3ros9PublisherC2EPKcPNS_3MsgEi
                0x0800619c       0x2e ./Core/Src/mainpp.o
                0x0800619c                ros::Publisher::Publisher(char const*, ros::Msg*, int)
                0x0800619c                ros::Publisher::Publisher(char const*, ros::Msg*, int)
 .text._ZN3ros9Publisher7publishEPKNS_3MsgE
                0x080061ca       0x28 ./Core/Src/mainpp.o
                0x080061ca                ros::Publisher::publish(ros::Msg const*)
 .text._ZN3ros9Publisher15getEndpointTypeEv
                0x080061f2       0x18 ./Core/Src/mainpp.o
                0x080061f2                ros::Publisher::getEndpointType()
 .text._ZN11SerialClassC2ER20__UART_HandleTypeDef
                0x0800620a       0x4c ./Core/Src/mainpp.o
                0x0800620a                SerialClass::SerialClass(__UART_HandleTypeDef&)
                0x0800620a                SerialClass::SerialClass(__UART_HandleTypeDef&)
 .text._ZN11SerialClass10get_handleEv
                0x08006256       0x1c ./Core/Src/mainpp.o
                0x08006256                SerialClass::get_handle()
 .text._ZN11SerialClass9start_dmaEv
                0x08006272       0x3c ./Core/Src/mainpp.o
                0x08006272                SerialClass::start_dma()
 .text._ZN11SerialClass4readEv
                0x080062ae       0x7e ./Core/Src/mainpp.o
                0x080062ae                SerialClass::read()
 .text._ZN11SerialClass5writeEPKhi
                0x0800632c       0x88 ./Core/Src/mainpp.o
                0x0800632c                SerialClass::write(unsigned char const*, int)
 .text._ZN11SerialClass16tx_cplt_callbackEv
                0x080063b4       0x1e ./Core/Src/mainpp.o
                0x080063b4                SerialClass::tx_cplt_callback()
 .text._ZN11SerialClass10reset_rbufEv
                0x080063d2       0x28 ./Core/Src/mainpp.o
                0x080063d2                SerialClass::reset_rbuf()
 *fill*         0x080063fa        0x2 
 .text.HAL_UART_TxCpltCallback
                0x080063fc       0x38 ./Core/Src/mainpp.o
                0x080063fc                HAL_UART_TxCpltCallback
 .text.HAL_UART_RxCpltCallback
                0x08006434       0x1c ./Core/Src/mainpp.o
                0x08006434                HAL_UART_RxCpltCallback
 .text._ZN13STM32HardwareC2Ev
                0x08006450       0x20 ./Core/Src/mainpp.o
                0x08006450                STM32Hardware::STM32Hardware()
                0x08006450                STM32Hardware::STM32Hardware()
 .text._ZN13STM32Hardware4initEv
                0x08006470       0x1a ./Core/Src/mainpp.o
                0x08006470                STM32Hardware::init()
 .text._ZN13STM32Hardware4readEv
                0x0800648a       0x1c ./Core/Src/mainpp.o
                0x0800648a                STM32Hardware::read()
 .text._ZN13STM32Hardware5writeEPhi
                0x080064a6       0x22 ./Core/Src/mainpp.o
                0x080064a6                STM32Hardware::write(unsigned char*, int)
 .text._ZN13STM32Hardware4timeEv
                0x080064c8       0x16 ./Core/Src/mainpp.o
                0x080064c8                STM32Hardware::time()
 *fill*         0x080064de        0x2 
 .text._ZN8std_msgs19MultiArrayDimensionC2Ev
                0x080064e0       0x3c ./Core/Src/mainpp.o
                0x080064e0                std_msgs::MultiArrayDimension::MultiArrayDimension()
                0x080064e0                std_msgs::MultiArrayDimension::MultiArrayDimension()
 .text._ZNK8std_msgs19MultiArrayDimension9serializeEPh
                0x0800651c       0xe6 ./Core/Src/mainpp.o
                0x0800651c                std_msgs::MultiArrayDimension::serialize(unsigned char*) const
 .text._ZN8std_msgs19MultiArrayDimension11deserializeEPh
                0x08006602      0x12a ./Core/Src/mainpp.o
                0x08006602                std_msgs::MultiArrayDimension::deserialize(unsigned char*)
 .text._ZN8std_msgs19MultiArrayDimension7getTypeEv
                0x0800672c       0x1c ./Core/Src/mainpp.o
                0x0800672c                std_msgs::MultiArrayDimension::getType()
 .text._ZN8std_msgs19MultiArrayDimension6getMD5Ev
                0x08006748       0x1c ./Core/Src/mainpp.o
                0x08006748                std_msgs::MultiArrayDimension::getMD5()
 .text._ZN8std_msgs16MultiArrayLayoutC2Ev
                0x08006764       0x40 ./Core/Src/mainpp.o
                0x08006764                std_msgs::MultiArrayLayout::MultiArrayLayout()
                0x08006764                std_msgs::MultiArrayLayout::MultiArrayLayout()
 .text._ZNK8std_msgs16MultiArrayLayout9serializeEPh
                0x080067a4       0xec ./Core/Src/mainpp.o
                0x080067a4                std_msgs::MultiArrayLayout::serialize(unsigned char*) const
 .text._ZN8std_msgs16MultiArrayLayout11deserializeEPh
                0x08006890      0x120 ./Core/Src/mainpp.o
                0x08006890                std_msgs::MultiArrayLayout::deserialize(unsigned char*)
 .text._ZN8std_msgs16MultiArrayLayout7getTypeEv
                0x080069b0       0x1c ./Core/Src/mainpp.o
                0x080069b0                std_msgs::MultiArrayLayout::getType()
 .text._ZN8std_msgs16MultiArrayLayout6getMD5Ev
                0x080069cc       0x1c ./Core/Src/mainpp.o
                0x080069cc                std_msgs::MultiArrayLayout::getMD5()
 .text._ZN8std_msgs4Int8C2Ev
                0x080069e8       0x2c ./Core/Src/mainpp.o
                0x080069e8                std_msgs::Int8::Int8()
                0x080069e8                std_msgs::Int8::Int8()
 .text._ZNK8std_msgs4Int89serializeEPh
                0x08006a14       0x34 ./Core/Src/mainpp.o
                0x08006a14                std_msgs::Int8::serialize(unsigned char*) const
 .text._ZN8std_msgs4Int811deserializeEPh
                0x08006a48       0x3e ./Core/Src/mainpp.o
                0x08006a48                std_msgs::Int8::deserialize(unsigned char*)
 *fill*         0x08006a86        0x2 
 .text._ZN8std_msgs4Int87getTypeEv
                0x08006a88       0x1c ./Core/Src/mainpp.o
                0x08006a88                std_msgs::Int8::getType()
 .text._ZN8std_msgs4Int86getMD5Ev
                0x08006aa4       0x1c ./Core/Src/mainpp.o
                0x08006aa4                std_msgs::Int8::getMD5()
 .text._ZN8std_msgs14Int8MultiArrayC2Ev
                0x08006ac0       0x44 ./Core/Src/mainpp.o
                0x08006ac0                std_msgs::Int8MultiArray::Int8MultiArray()
                0x08006ac0                std_msgs::Int8MultiArray::Int8MultiArray()
 .text._ZNK8std_msgs14Int8MultiArray9serializeEPh
                0x08006b04       0xae ./Core/Src/mainpp.o
                0x08006b04                std_msgs::Int8MultiArray::serialize(unsigned char*) const
 .text._ZN8std_msgs14Int8MultiArray11deserializeEPh
                0x08006bb2       0xe2 ./Core/Src/mainpp.o
                0x08006bb2                std_msgs::Int8MultiArray::deserialize(unsigned char*)
 .text._ZN8std_msgs14Int8MultiArray7getTypeEv
                0x08006c94       0x1c ./Core/Src/mainpp.o
                0x08006c94                std_msgs::Int8MultiArray::getType()
 .text._ZN8std_msgs14Int8MultiArray6getMD5Ev
                0x08006cb0       0x1c ./Core/Src/mainpp.o
                0x08006cb0                std_msgs::Int8MultiArray::getMD5()
 .text._ZN13geometry_msgs7Vector3C2Ev
                0x08006ccc       0x50 ./Core/Src/mainpp.o
                0x08006ccc                geometry_msgs::Vector3::Vector3()
                0x08006ccc                geometry_msgs::Vector3::Vector3()
 .text._ZNK13geometry_msgs7Vector39serializeEPh
                0x08006d1c      0x2e6 ./Core/Src/mainpp.o
                0x08006d1c                geometry_msgs::Vector3::serialize(unsigned char*) const
 .text._ZN13geometry_msgs7Vector311deserializeEPh
                0x08007002      0x6be ./Core/Src/mainpp.o
                0x08007002                geometry_msgs::Vector3::deserialize(unsigned char*)
 .text._ZN13geometry_msgs7Vector37getTypeEv
                0x080076c0       0x1c ./Core/Src/mainpp.o
                0x080076c0                geometry_msgs::Vector3::getType()
 .text._ZN13geometry_msgs7Vector36getMD5Ev
                0x080076dc       0x1c ./Core/Src/mainpp.o
                0x080076dc                geometry_msgs::Vector3::getMD5()
 .text._ZN13geometry_msgs5TwistC2Ev
                0x080076f8       0x38 ./Core/Src/mainpp.o
                0x080076f8                geometry_msgs::Twist::Twist()
                0x080076f8                geometry_msgs::Twist::Twist()
 .text._ZNK13geometry_msgs5Twist9serializeEPh
                0x08007730       0x4c ./Core/Src/mainpp.o
                0x08007730                geometry_msgs::Twist::serialize(unsigned char*) const
 .text._ZN13geometry_msgs5Twist11deserializeEPh
                0x0800777c       0x4c ./Core/Src/mainpp.o
                0x0800777c                geometry_msgs::Twist::deserialize(unsigned char*)
 .text._ZN13geometry_msgs5Twist7getTypeEv
                0x080077c8       0x1c ./Core/Src/mainpp.o
                0x080077c8                geometry_msgs::Twist::getType()
 .text._ZN13geometry_msgs5Twist6getMD5Ev
                0x080077e4       0x1c ./Core/Src/mainpp.o
                0x080077e4                geometry_msgs::Twist::getMD5()
 .text._ZN3ros15NodeHandleBase_C2Ev
                0x08007800       0x20 ./Core/Src/mainpp.o
                0x08007800                ros::NodeHandleBase_::NodeHandleBase_()
                0x08007800                ros::NodeHandleBase_::NodeHandleBase_()
 .text._ZN3ros11NodeHandle_I13STM32HardwareLi25ELi25ELi512ELi512EEC2Ev
                0x08007820       0xe4 ./Core/Src/mainpp.o
                0x08007820                ros::NodeHandle_<STM32Hardware, 25, 25, 512, 512>::NodeHandle_()
                0x08007820                ros::NodeHandle_<STM32Hardware, 25, 25, 512, 512>::NodeHandle_()
 .text._Z9call_backRKN13geometry_msgs5TwistE
                0x08007904       0x50 ./Core/Src/mainpp.o
                0x08007904                call_back(geometry_msgs::Twist const&)
 .text._Z4seedRKN8std_msgs4Int8E
                0x08007954       0x24 ./Core/Src/mainpp.o
                0x08007954                seed(std_msgs::Int8 const&)
 .text.setup    0x08007978       0x38 ./Core/Src/mainpp.o
                0x08007978                setup
 .text.loop     0x080079b0       0x34 ./Core/Src/mainpp.o
                0x080079b0                loop
 .text._ZN3ros3Msg8varToArrIPhmEEvT_T0_
                0x080079e4       0x3e ./Core/Src/mainpp.o
                0x080079e4                void ros::Msg::varToArr<unsigned char*, unsigned long>(unsigned char*, unsigned long)
 .text._ZN3ros3Msg8arrToVarImPhEEvRT_T0_
                0x08007a22       0x4c ./Core/Src/mainpp.o
                0x08007a22                void ros::Msg::arrToVar<unsigned long, unsigned char*>(unsigned long&, unsigned char*)
 *fill*         0x08007a6e        0x2 
 .text._ZN3ros11Subscriber_C2Ev
                0x08007a70       0x20 ./Core/Src/mainpp.o
                0x08007a70                ros::Subscriber_::Subscriber_()
                0x08007a70                ros::Subscriber_::Subscriber_()
 .text._ZN3ros10SubscriberIN13geometry_msgs5TwistEvEC2EPKcPFvRKS2_Ei
                0x08007a90       0x48 ./Core/Src/mainpp.o
                0x08007a90                ros::Subscriber<geometry_msgs::Twist, void>::Subscriber(char const*, void (*)(geometry_msgs::Twist const&), int)
                0x08007a90                ros::Subscriber<geometry_msgs::Twist, void>::Subscriber(char const*, void (*)(geometry_msgs::Twist const&), int)
 .text._ZN3ros10SubscriberIN8std_msgs4Int8EvEC2EPKcPFvRKS2_Ei
                0x08007ad8       0x48 ./Core/Src/mainpp.o
                0x08007ad8                ros::Subscriber<std_msgs::Int8, void>::Subscriber(char const*, void (*)(std_msgs::Int8 const&), int)
                0x08007ad8                ros::Subscriber<std_msgs::Int8, void>::Subscriber(char const*, void (*)(std_msgs::Int8 const&), int)
 .text._ZN3ros11NodeHandle_I13STM32HardwareLi25ELi25ELi512ELi512EE8initNodeEv
                0x08007b20       0x3a ./Core/Src/mainpp.o
                0x08007b20                ros::NodeHandle_<STM32Hardware, 25, 25, 512, 512>::initNode()
 .text._ZN3ros11NodeHandle_I13STM32HardwareLi25ELi25ELi512ELi512EE9advertiseERNS_9PublisherE
                0x08007b5a       0x5c ./Core/Src/mainpp.o
                0x08007b5a                ros::NodeHandle_<STM32Hardware, 25, 25, 512, 512>::advertise(ros::Publisher&)
 .text._ZN3ros11NodeHandle_I13STM32HardwareLi25ELi25ELi512ELi512EE9subscribeERNS_11Subscriber_E
                0x08007bb6       0x5a ./Core/Src/mainpp.o
                0x08007bb6                ros::NodeHandle_<STM32Hardware, 25, 25, 512, 512>::subscribe(ros::Subscriber_&)
 .text._ZN3ros11NodeHandle_I13STM32HardwareLi25ELi25ELi512ELi512EE8spinOnceEv
                0x08007c10      0x3a6 ./Core/Src/mainpp.o
                0x08007c10                ros::NodeHandle_<STM32Hardware, 25, 25, 512, 512>::spinOnce()
 .text._ZN3ros11NodeHandle_I13STM32HardwareLi25ELi25ELi512ELi512EE15requestSyncTimeEv
                0x08007fb6       0x3a ./Core/Src/mainpp.o
                0x08007fb6                ros::NodeHandle_<STM32Hardware, 25, 25, 512, 512>::requestSyncTime()
 .text._ZN3ros11NodeHandle_I13STM32HardwareLi25ELi25ELi512ELi512EE15negotiateTopicsEv
                0x08007ff0      0x1c0 ./Core/Src/mainpp.o
                0x08007ff0                ros::NodeHandle_<STM32Hardware, 25, 25, 512, 512>::negotiateTopics()
 .text._ZN3ros11NodeHandle_I13STM32HardwareLi25ELi25ELi512ELi512EE8syncTimeEPh
                0x080081b0       0x94 ./Core/Src/mainpp.o
                0x080081b0                ros::NodeHandle_<STM32Hardware, 25, 25, 512, 512>::syncTime(unsigned char*)
 .text._ZN3ros11NodeHandle_I13STM32HardwareLi25ELi25ELi512ELi512EE7publishEiPKNS_3MsgE
                0x08008244      0x128 ./Core/Src/mainpp.o
                0x08008244                ros::NodeHandle_<STM32Hardware, 25, 25, 512, 512>::publish(int, ros::Msg const*)
 .text._ZN3ros11NodeHandle_I13STM32HardwareLi25ELi25ELi512ELi512EE6setNowERKNS_4TimeE
                0x0800836c       0x7c ./Core/Src/mainpp.o
                0x0800836c                ros::NodeHandle_<STM32Hardware, 25, 25, 512, 512>::setNow(ros::Time const&)
 .text._ZN3ros11NodeHandle_I13STM32HardwareLi25ELi25ELi512ELi512EE8logerrorEPKc
                0x080083e8       0x1c ./Core/Src/mainpp.o
                0x080083e8                ros::NodeHandle_<STM32Hardware, 25, 25, 512, 512>::logerror(char const*)
 .text._ZN3ros11NodeHandle_I13STM32HardwareLi25ELi25ELi512ELi512EE3logEcPKc
                0x08008404       0x38 ./Core/Src/mainpp.o
                0x08008404                ros::NodeHandle_<STM32Hardware, 25, 25, 512, 512>::log(char, char const*)
 .text._Z41__static_initialization_and_destruction_0ii
                0x0800843c       0x8c ./Core/Src/mainpp.o
 .text._ZN3ros10SubscriberIN8std_msgs4Int8EvE8callbackEPh
                0x080084c8       0x2a ./Core/Src/mainpp.o
                0x080084c8                ros::Subscriber<std_msgs::Int8, void>::callback(unsigned char*)
 .text._ZN3ros10SubscriberIN8std_msgs4Int8EvE15getEndpointTypeEv
                0x080084f2       0x18 ./Core/Src/mainpp.o
                0x080084f2                ros::Subscriber<std_msgs::Int8, void>::getEndpointType()
 .text._ZN3ros10SubscriberIN8std_msgs4Int8EvE10getMsgTypeEv
                0x0800850a       0x1c ./Core/Src/mainpp.o
                0x0800850a                ros::Subscriber<std_msgs::Int8, void>::getMsgType()
 .text._ZN3ros10SubscriberIN8std_msgs4Int8EvE9getMsgMD5Ev
                0x08008526       0x1c ./Core/Src/mainpp.o
                0x08008526                ros::Subscriber<std_msgs::Int8, void>::getMsgMD5()
 .text._ZN3ros10SubscriberIN13geometry_msgs5TwistEvE8callbackEPh
                0x08008542       0x2a ./Core/Src/mainpp.o
                0x08008542                ros::Subscriber<geometry_msgs::Twist, void>::callback(unsigned char*)
 .text._ZN3ros10SubscriberIN13geometry_msgs5TwistEvE15getEndpointTypeEv
                0x0800856c       0x18 ./Core/Src/mainpp.o
                0x0800856c                ros::Subscriber<geometry_msgs::Twist, void>::getEndpointType()
 .text._ZN3ros10SubscriberIN13geometry_msgs5TwistEvE10getMsgTypeEv
                0x08008584       0x1c ./Core/Src/mainpp.o
                0x08008584                ros::Subscriber<geometry_msgs::Twist, void>::getMsgType()
 .text._ZN3ros10SubscriberIN13geometry_msgs5TwistEvE9getMsgMD5Ev
                0x080085a0       0x1c ./Core/Src/mainpp.o
                0x080085a0                ros::Subscriber<geometry_msgs::Twist, void>::getMsgMD5()
 .text._ZN3ros11NodeHandle_I13STM32HardwareLi25ELi25ELi512ELi512EE9connectedEv
                0x080085bc       0x1a ./Core/Src/mainpp.o
                0x080085bc                ros::NodeHandle_<STM32Hardware, 25, 25, 512, 512>::connected()
 .text._GLOBAL__sub_I_serial
                0x080085d6       0x10 ./Core/Src/mainpp.o
 *fill*         0x080085e6        0x2 
 .text.HAL_MspInit
                0x080085e8       0x50 ./Core/Src/stm32f7xx_hal_msp.o
                0x080085e8                HAL_MspInit
 .text.HAL_CAN_MspInit
                0x08008638       0x98 ./Core/Src/stm32f7xx_hal_msp.o
                0x08008638                HAL_CAN_MspInit
 .text.HAL_SPI_MspInit
                0x080086d0      0x230 ./Core/Src/stm32f7xx_hal_msp.o
                0x080086d0                HAL_SPI_MspInit
 .text.HAL_TIM_Encoder_MspInit
                0x08008900      0x1c0 ./Core/Src/stm32f7xx_hal_msp.o
                0x08008900                HAL_TIM_Encoder_MspInit
 .text.HAL_TIM_PWM_MspInit
                0x08008ac0       0x90 ./Core/Src/stm32f7xx_hal_msp.o
                0x08008ac0                HAL_TIM_PWM_MspInit
 .text.HAL_TIM_Base_MspInit
                0x08008b50       0x40 ./Core/Src/stm32f7xx_hal_msp.o
                0x08008b50                HAL_TIM_Base_MspInit
 .text.HAL_TIM_MspPostInit
                0x08008b90      0x144 ./Core/Src/stm32f7xx_hal_msp.o
                0x08008b90                HAL_TIM_MspPostInit
 .text.HAL_UART_MspInit
                0x08008cd4      0x300 ./Core/Src/stm32f7xx_hal_msp.o
                0x08008cd4                HAL_UART_MspInit
 .text.HAL_InitTick
                0x08008fd4       0xe4 ./Core/Src/stm32f7xx_hal_timebase_tim.o
                0x08008fd4                HAL_InitTick
 .text.NMI_Handler
                0x080090b8        0x8 ./Core/Src/stm32f7xx_it.o
                0x080090b8                NMI_Handler
 .text.HardFault_Handler
                0x080090c0        0x8 ./Core/Src/stm32f7xx_it.o
                0x080090c0                HardFault_Handler
 .text.MemManage_Handler
                0x080090c8        0x8 ./Core/Src/stm32f7xx_it.o
                0x080090c8                MemManage_Handler
 .text.BusFault_Handler
                0x080090d0        0x8 ./Core/Src/stm32f7xx_it.o
                0x080090d0                BusFault_Handler
 .text.UsageFault_Handler
                0x080090d8        0x8 ./Core/Src/stm32f7xx_it.o
                0x080090d8                UsageFault_Handler
 .text.DebugMon_Handler
                0x080090e0        0xe ./Core/Src/stm32f7xx_it.o
                0x080090e0                DebugMon_Handler
 *fill*         0x080090ee        0x2 
 .text.DMA1_Stream1_IRQHandler
                0x080090f0       0x14 ./Core/Src/stm32f7xx_it.o
                0x080090f0                DMA1_Stream1_IRQHandler
 .text.DMA1_Stream3_IRQHandler
                0x08009104       0x14 ./Core/Src/stm32f7xx_it.o
                0x08009104                DMA1_Stream3_IRQHandler
 .text.DMA1_Stream5_IRQHandler
                0x08009118       0x14 ./Core/Src/stm32f7xx_it.o
                0x08009118                DMA1_Stream5_IRQHandler
 .text.DMA1_Stream6_IRQHandler
                0x0800912c       0x14 ./Core/Src/stm32f7xx_it.o
                0x0800912c                DMA1_Stream6_IRQHandler
 .text.CAN1_RX0_IRQHandler
                0x08009140       0x14 ./Core/Src/stm32f7xx_it.o
                0x08009140                CAN1_RX0_IRQHandler
 .text.TIM1_BRK_TIM9_IRQHandler
                0x08009154       0x1c ./Core/Src/stm32f7xx_it.o
                0x08009154                TIM1_BRK_TIM9_IRQHandler
 .text.USART2_IRQHandler
                0x08009170       0x14 ./Core/Src/stm32f7xx_it.o
                0x08009170                USART2_IRQHandler
 .text.USART3_IRQHandler
                0x08009184       0x14 ./Core/Src/stm32f7xx_it.o
                0x08009184                USART3_IRQHandler
 .text.DMA2_Stream0_IRQHandler
                0x08009198       0x14 ./Core/Src/stm32f7xx_it.o
                0x08009198                DMA2_Stream0_IRQHandler
 .text.DMA2_Stream1_IRQHandler
                0x080091ac       0x14 ./Core/Src/stm32f7xx_it.o
                0x080091ac                DMA2_Stream1_IRQHandler
 .text._read    0x080091c0       0x3a ./Core/Src/syscalls.o
                0x080091c0                _read
 .text._write   0x080091fa       0x38 ./Core/Src/syscalls.o
                0x080091fa                _write
 .text._close   0x08009232       0x18 ./Core/Src/syscalls.o
                0x08009232                _close
 .text._lseek   0x0800924a       0x1a ./Core/Src/syscalls.o
                0x0800924a                _lseek
 .text._sbrk    0x08009264       0x6c ./Core/Src/sysmem.o
                0x08009264                _sbrk
 .text.SystemInit
                0x080092d0       0x24 ./Core/Src/system_stm32f7xx.o
                0x080092d0                SystemInit
 .text._ZN3ros16normalizeSecNSecERmS0_
                0x080092f4       0x58 ./Core/Src/time.o
                0x080092f4                ros::normalizeSecNSec(unsigned long&, unsigned long&)
 .text.Reset_Handler
                0x0800934c       0x50 ./Core/Startup/startup_stm32f746zgtx.o
                0x0800934c                Reset_Handler
 .text.Default_Handler
                0x0800939c        0x2 ./Core/Startup/startup_stm32f746zgtx.o
                0x0800939c                RTC_Alarm_IRQHandler
                0x0800939c                EXTI2_IRQHandler
                0x0800939c                TIM8_CC_IRQHandler
                0x0800939c                UART8_IRQHandler
                0x0800939c                SPI4_IRQHandler
                0x0800939c                TIM1_CC_IRQHandler
                0x0800939c                DMA2_Stream5_IRQHandler
                0x0800939c                PVD_IRQHandler
                0x0800939c                TAMP_STAMP_IRQHandler
                0x0800939c                CAN2_RX1_IRQHandler
                0x0800939c                EXTI3_IRQHandler
                0x0800939c                TIM8_TRG_COM_TIM14_IRQHandler
                0x0800939c                TIM1_UP_TIM10_IRQHandler
                0x0800939c                TIM8_UP_TIM13_IRQHandler
                0x0800939c                I2C3_ER_IRQHandler
                0x0800939c                EXTI0_IRQHandler
                0x0800939c                I2C2_EV_IRQHandler
                0x0800939c                DMA1_Stream2_IRQHandler
                0x0800939c                FPU_IRQHandler
                0x0800939c                OTG_HS_WKUP_IRQHandler
                0x0800939c                LTDC_ER_IRQHandler
                0x0800939c                CAN2_SCE_IRQHandler
                0x0800939c                DMA2_Stream2_IRQHandler
                0x0800939c                SPI1_IRQHandler
                0x0800939c                TIM6_DAC_IRQHandler
                0x0800939c                DCMI_IRQHandler
                0x0800939c                CAN2_RX0_IRQHandler
                0x0800939c                DMA2_Stream3_IRQHandler
                0x0800939c                SAI2_IRQHandler
                0x0800939c                USART6_IRQHandler
                0x0800939c                CAN1_RX1_IRQHandler
                0x0800939c                UART5_IRQHandler
                0x0800939c                TIM4_IRQHandler
                0x0800939c                QUADSPI_IRQHandler
                0x0800939c                I2C1_EV_IRQHandler
                0x0800939c                UART4_IRQHandler
                0x0800939c                TIM3_IRQHandler
                0x0800939c                RCC_IRQHandler
                0x0800939c                TIM8_BRK_TIM12_IRQHandler
                0x0800939c                Default_Handler
                0x0800939c                CEC_IRQHandler
                0x0800939c                EXTI15_10_IRQHandler
                0x0800939c                ADC_IRQHandler
                0x0800939c                DMA1_Stream7_IRQHandler
                0x0800939c                SPI5_IRQHandler
                0x0800939c                TIM7_IRQHandler
                0x0800939c                SDMMC1_IRQHandler
                0x0800939c                CAN2_TX_IRQHandler
                0x0800939c                TIM5_IRQHandler
                0x0800939c                DMA2_Stream7_IRQHandler
                0x0800939c                I2C3_EV_IRQHandler
                0x0800939c                EXTI9_5_IRQHandler
                0x0800939c                RTC_WKUP_IRQHandler
                0x0800939c                LTDC_IRQHandler
                0x0800939c                ETH_WKUP_IRQHandler
                0x0800939c                SPDIF_RX_IRQHandler
                0x0800939c                SPI2_IRQHandler
                0x0800939c                OTG_HS_EP1_IN_IRQHandler
                0x0800939c                DMA1_Stream0_IRQHandler
                0x0800939c                CAN1_TX_IRQHandler
                0x0800939c                EXTI4_IRQHandler
                0x0800939c                RNG_IRQHandler
                0x0800939c                ETH_IRQHandler
                0x0800939c                OTG_HS_EP1_OUT_IRQHandler
                0x0800939c                WWDG_IRQHandler
                0x0800939c                SPI6_IRQHandler
                0x0800939c                I2C4_EV_IRQHandler
                0x0800939c                TIM2_IRQHandler
                0x0800939c                OTG_FS_WKUP_IRQHandler
                0x0800939c                TIM1_TRG_COM_TIM11_IRQHandler
                0x0800939c                OTG_HS_IRQHandler
                0x0800939c                DMA2D_IRQHandler
                0x0800939c                EXTI1_IRQHandler
                0x0800939c                UART7_IRQHandler
                0x0800939c                I2C2_ER_IRQHandler
                0x0800939c                CAN1_SCE_IRQHandler
                0x0800939c                FLASH_IRQHandler
                0x0800939c                DMA2_Stream4_IRQHandler
                0x0800939c                USART1_IRQHandler
                0x0800939c                OTG_FS_IRQHandler
                0x0800939c                SPI3_IRQHandler
                0x0800939c                DMA1_Stream4_IRQHandler
                0x0800939c                I2C1_ER_IRQHandler
                0x0800939c                FMC_IRQHandler
                0x0800939c                LPTIM1_IRQHandler
                0x0800939c                I2C4_ER_IRQHandler
                0x0800939c                DMA2_Stream6_IRQHandler
                0x0800939c                SAI1_IRQHandler
 .text.HAL_Init
                0x0800939e       0x1a ./Drivers/STM32F7xx_HAL_Driver/Src/stm32f7xx_hal.o
                0x0800939e                HAL_Init
 .text.HAL_IncTick
                0x080093b8       0x28 ./Drivers/STM32F7xx_HAL_Driver/Src/stm32f7xx_hal.o
                0x080093b8                HAL_IncTick
 .text.HAL_GetTick
                0x080093e0       0x18 ./Drivers/STM32F7xx_HAL_Driver/Src/stm32f7xx_hal.o
                0x080093e0                HAL_GetTick
 .text.HAL_Delay
                0x080093f8       0x48 ./Drivers/STM32F7xx_HAL_Driver/Src/stm32f7xx_hal.o
                0x080093f8                HAL_Delay
 .text.HAL_CAN_Init
                0x08009440      0x1f6 ./Drivers/STM32F7xx_HAL_Driver/Src/stm32f7xx_hal_can.o
                0x08009440                HAL_CAN_Init
 *fill*         0x08009636        0x2 
 .text.HAL_CAN_ConfigFilter
                0x08009638      0x1c0 ./Drivers/STM32F7xx_HAL_Driver/Src/stm32f7xx_hal_can.o
                0x08009638                HAL_CAN_ConfigFilter
 .text.HAL_CAN_Start
                0x080097f8       0x88 ./Drivers/STM32F7xx_HAL_Driver/Src/stm32f7xx_hal_can.o
                0x080097f8                HAL_CAN_Start
 .text.HAL_CAN_AddTxMessage
                0x08009880      0x1a0 ./Drivers/STM32F7xx_HAL_Driver/Src/stm32f7xx_hal_can.o
                0x08009880                HAL_CAN_AddTxMessage
 .text.HAL_CAN_IsTxMessagePending
                0x08009a20       0x48 ./Drivers/STM32F7xx_HAL_Driver/Src/stm32f7xx_hal_can.o
                0x08009a20                HAL_CAN_IsTxMessagePending
 .text.HAL_CAN_GetRxMessage
                0x08009a68      0x224 ./Drivers/STM32F7xx_HAL_Driver/Src/stm32f7xx_hal_can.o
                0x08009a68                HAL_CAN_GetRxMessage
 .text.HAL_CAN_ActivateNotification
                0x08009c8c       0x4c ./Drivers/STM32F7xx_HAL_Driver/Src/stm32f7xx_hal_can.o
                0x08009c8c                HAL_CAN_ActivateNotification
 .text.HAL_CAN_IRQHandler
                0x08009cd8      0x36e ./Drivers/STM32F7xx_HAL_Driver/Src/stm32f7xx_hal_can.o
                0x08009cd8                HAL_CAN_IRQHandler
 .text.HAL_CAN_TxMailbox0CompleteCallback
                0x0800a046       0x14 ./Drivers/STM32F7xx_HAL_Driver/Src/stm32f7xx_hal_can.o
                0x0800a046                HAL_CAN_TxMailbox0CompleteCallback
 .text.HAL_CAN_TxMailbox1CompleteCallback
                0x0800a05a       0x14 ./Drivers/STM32F7xx_HAL_Driver/Src/stm32f7xx_hal_can.o
                0x0800a05a                HAL_CAN_TxMailbox1CompleteCallback
 .text.HAL_CAN_TxMailbox2CompleteCallback
                0x0800a06e       0x14 ./Drivers/STM32F7xx_HAL_Driver/Src/stm32f7xx_hal_can.o
                0x0800a06e                HAL_CAN_TxMailbox2CompleteCallback
 .text.HAL_CAN_TxMailbox0AbortCallback
                0x0800a082       0x14 ./Drivers/STM32F7xx_HAL_Driver/Src/stm32f7xx_hal_can.o
                0x0800a082                HAL_CAN_TxMailbox0AbortCallback
 .text.HAL_CAN_TxMailbox1AbortCallback
                0x0800a096       0x14 ./Drivers/STM32F7xx_HAL_Driver/Src/stm32f7xx_hal_can.o
                0x0800a096                HAL_CAN_TxMailbox1AbortCallback
 .text.HAL_CAN_TxMailbox2AbortCallback
                0x0800a0aa       0x14 ./Drivers/STM32F7xx_HAL_Driver/Src/stm32f7xx_hal_can.o
                0x0800a0aa                HAL_CAN_TxMailbox2AbortCallback
 .text.HAL_CAN_RxFifo0FullCallback
                0x0800a0be       0x14 ./Drivers/STM32F7xx_HAL_Driver/Src/stm32f7xx_hal_can.o
                0x0800a0be                HAL_CAN_RxFifo0FullCallback
 .text.HAL_CAN_RxFifo1MsgPendingCallback
                0x0800a0d2       0x14 ./Drivers/STM32F7xx_HAL_Driver/Src/stm32f7xx_hal_can.o
                0x0800a0d2                HAL_CAN_RxFifo1MsgPendingCallback
 .text.HAL_CAN_RxFifo1FullCallback
                0x0800a0e6       0x14 ./Drivers/STM32F7xx_HAL_Driver/Src/stm32f7xx_hal_can.o
                0x0800a0e6                HAL_CAN_RxFifo1FullCallback
 .text.HAL_CAN_SleepCallback
                0x0800a0fa       0x14 ./Drivers/STM32F7xx_HAL_Driver/Src/stm32f7xx_hal_can.o
                0x0800a0fa                HAL_CAN_SleepCallback
 .text.HAL_CAN_WakeUpFromRxMsgCallback
                0x0800a10e       0x14 ./Drivers/STM32F7xx_HAL_Driver/Src/stm32f7xx_hal_can.o
                0x0800a10e                HAL_CAN_WakeUpFromRxMsgCallback
 .text.HAL_CAN_ErrorCallback
                0x0800a122       0x14 ./Drivers/STM32F7xx_HAL_Driver/Src/stm32f7xx_hal_can.o
                0x0800a122                HAL_CAN_ErrorCallback
 *fill*         0x0800a136        0x2 
 .text.__NVIC_SetPriorityGrouping
                0x0800a138       0x48 ./Drivers/STM32F7xx_HAL_Driver/Src/stm32f7xx_hal_cortex.o
 .text.__NVIC_GetPriorityGrouping
                0x0800a180       0x1c ./Drivers/STM32F7xx_HAL_Driver/Src/stm32f7xx_hal_cortex.o
 .text.__NVIC_EnableIRQ
                0x0800a19c       0x3c ./Drivers/STM32F7xx_HAL_Driver/Src/stm32f7xx_hal_cortex.o
 .text.__NVIC_SetPriority
                0x0800a1d8       0x54 ./Drivers/STM32F7xx_HAL_Driver/Src/stm32f7xx_hal_cortex.o
 .text.NVIC_EncodePriority
                0x0800a22c       0x66 ./Drivers/STM32F7xx_HAL_Driver/Src/stm32f7xx_hal_cortex.o
 .text.HAL_NVIC_SetPriorityGrouping
                0x0800a292       0x16 ./Drivers/STM32F7xx_HAL_Driver/Src/stm32f7xx_hal_cortex.o
                0x0800a292                HAL_NVIC_SetPriorityGrouping
 .text.HAL_NVIC_SetPriority
                0x0800a2a8       0x38 ./Drivers/STM32F7xx_HAL_Driver/Src/stm32f7xx_hal_cortex.o
                0x0800a2a8                HAL_NVIC_SetPriority
 .text.HAL_NVIC_EnableIRQ
                0x0800a2e0       0x1c ./Drivers/STM32F7xx_HAL_Driver/Src/stm32f7xx_hal_cortex.o
                0x0800a2e0                HAL_NVIC_EnableIRQ
 .text.HAL_DMA_Init
                0x0800a2fc      0x15c ./Drivers/STM32F7xx_HAL_Driver/Src/stm32f7xx_hal_dma.o
                0x0800a2fc                HAL_DMA_Init
 .text.HAL_DMA_Start_IT
                0x0800a458       0xc0 ./Drivers/STM32F7xx_HAL_Driver/Src/stm32f7xx_hal_dma.o
                0x0800a458                HAL_DMA_Start_IT
 .text.HAL_DMA_Abort
                0x0800a518       0xe0 ./Drivers/STM32F7xx_HAL_Driver/Src/stm32f7xx_hal_dma.o
                0x0800a518                HAL_DMA_Abort
 .text.HAL_DMA_Abort_IT
                0x0800a5f8       0x44 ./Drivers/STM32F7xx_HAL_Driver/Src/stm32f7xx_hal_dma.o
                0x0800a5f8                HAL_DMA_Abort_IT
 .text.HAL_DMA_IRQHandler
                0x0800a63c      0x314 ./Drivers/STM32F7xx_HAL_Driver/Src/stm32f7xx_hal_dma.o
                0x0800a63c                HAL_DMA_IRQHandler
 .text.DMA_SetConfig
                0x0800a950       0x5c ./Drivers/STM32F7xx_HAL_Driver/Src/stm32f7xx_hal_dma.o
 .text.DMA_CalcBaseAndBitshift
                0x0800a9ac       0x6c ./Drivers/STM32F7xx_HAL_Driver/Src/stm32f7xx_hal_dma.o
 .text.DMA_CheckFifoParam
                0x0800aa18       0xf8 ./Drivers/STM32F7xx_HAL_Driver/Src/stm32f7xx_hal_dma.o
 .text.HAL_GPIO_Init
                0x0800ab10      0x358 ./Drivers/STM32F7xx_HAL_Driver/Src/stm32f7xx_hal_gpio.o
                0x0800ab10                HAL_GPIO_Init
 .text.HAL_GPIO_ReadPin
                0x0800ae68       0x30 ./Drivers/STM32F7xx_HAL_Driver/Src/stm32f7xx_hal_gpio.o
                0x0800ae68                HAL_GPIO_ReadPin
 .text.HAL_GPIO_WritePin
                0x0800ae98       0x32 ./Drivers/STM32F7xx_HAL_Driver/Src/stm32f7xx_hal_gpio.o
                0x0800ae98                HAL_GPIO_WritePin
 *fill*         0x0800aeca        0x2 
 .text.HAL_PWR_EnableBkUpAccess
                0x0800aecc       0x20 ./Drivers/STM32F7xx_HAL_Driver/Src/stm32f7xx_hal_pwr.o
                0x0800aecc                HAL_PWR_EnableBkUpAccess
 .text.HAL_PWREx_EnableOverDrive
                0x0800aeec       0xa0 ./Drivers/STM32F7xx_HAL_Driver/Src/stm32f7xx_hal_pwr_ex.o
                0x0800aeec                HAL_PWREx_EnableOverDrive
 .text.HAL_RCC_OscConfig
                0x0800af8c      0x548 ./Drivers/STM32F7xx_HAL_Driver/Src/stm32f7xx_hal_rcc.o
                0x0800af8c                HAL_RCC_OscConfig
 .text.HAL_RCC_ClockConfig
                0x0800b4d4      0x1d8 ./Drivers/STM32F7xx_HAL_Driver/Src/stm32f7xx_hal_rcc.o
                0x0800b4d4                HAL_RCC_ClockConfig
 .text.HAL_RCC_GetSysClockFreq
                0x0800b6ac      0x20c ./Drivers/STM32F7xx_HAL_Driver/Src/stm32f7xx_hal_rcc.o
                0x0800b6ac                HAL_RCC_GetSysClockFreq
 .text.HAL_RCC_GetHCLKFreq
                0x0800b8b8       0x18 ./Drivers/STM32F7xx_HAL_Driver/Src/stm32f7xx_hal_rcc.o
                0x0800b8b8                HAL_RCC_GetHCLKFreq
 .text.HAL_RCC_GetPCLK1Freq
                0x0800b8d0       0x28 ./Drivers/STM32F7xx_HAL_Driver/Src/stm32f7xx_hal_rcc.o
                0x0800b8d0                HAL_RCC_GetPCLK1Freq
 .text.HAL_RCC_GetPCLK2Freq
                0x0800b8f8       0x28 ./Drivers/STM32F7xx_HAL_Driver/Src/stm32f7xx_hal_rcc.o
                0x0800b8f8                HAL_RCC_GetPCLK2Freq
 .text.HAL_RCC_GetClockConfig
                0x0800b920       0x64 ./Drivers/STM32F7xx_HAL_Driver/Src/stm32f7xx_hal_rcc.o
                0x0800b920                HAL_RCC_GetClockConfig
 .text.HAL_RCCEx_PeriphCLKConfig
                0x0800b984      0x7e0 ./Drivers/STM32F7xx_HAL_Driver/Src/stm32f7xx_hal_rcc_ex.o
                0x0800b984                HAL_RCCEx_PeriphCLKConfig
 .text.HAL_SPI_Init
                0x0800c164      0x156 ./Drivers/STM32F7xx_HAL_Driver/Src/stm32f7xx_hal_spi.o
                0x0800c164                HAL_SPI_Init
 .text.HAL_SPI_Transmit
                0x0800c2ba      0x2dc ./Drivers/STM32F7xx_HAL_Driver/Src/stm32f7xx_hal_spi.o
                0x0800c2ba                HAL_SPI_Transmit
 *fill*         0x0800c596        0x2 
 .text.SPI_WaitFlagStateUntilTimeout
                0x0800c598      0x110 ./Drivers/STM32F7xx_HAL_Driver/Src/stm32f7xx_hal_spi.o
 .text.SPI_WaitFifoStateUntilTimeout
                0x0800c6a8      0x12c ./Drivers/STM32F7xx_HAL_Driver/Src/stm32f7xx_hal_spi.o
 .text.SPI_EndRxTxTransaction
                0x0800c7d4       0xd4 ./Drivers/STM32F7xx_HAL_Driver/Src/stm32f7xx_hal_spi.o
 .text.HAL_TIM_Base_Init
                0x0800c8a8       0xae ./Drivers/STM32F7xx_HAL_Driver/Src/stm32f7xx_hal_tim.o
                0x0800c8a8                HAL_TIM_Base_Init
 *fill*         0x0800c956        0x2 
 .text.HAL_TIM_Base_Start_IT
                0x0800c958       0xf0 ./Drivers/STM32F7xx_HAL_Driver/Src/stm32f7xx_hal_tim.o
                0x0800c958                HAL_TIM_Base_Start_IT
 .text.HAL_TIM_PWM_Init
                0x0800ca48       0xae ./Drivers/STM32F7xx_HAL_Driver/Src/stm32f7xx_hal_tim.o
                0x0800ca48                HAL_TIM_PWM_Init
 *fill*         0x0800caf6        0x2 
 .text.HAL_TIM_PWM_Start
                0x0800caf8      0x1f4 ./Drivers/STM32F7xx_HAL_Driver/Src/stm32f7xx_hal_tim.o
                0x0800caf8                HAL_TIM_PWM_Start
 .text.HAL_TIM_Encoder_Init
                0x0800ccec      0x14c ./Drivers/STM32F7xx_HAL_Driver/Src/stm32f7xx_hal_tim.o
                0x0800ccec                HAL_TIM_Encoder_Init
 .text.HAL_TIM_Encoder_Start
                0x0800ce38      0x11c ./Drivers/STM32F7xx_HAL_Driver/Src/stm32f7xx_hal_tim.o
                0x0800ce38                HAL_TIM_Encoder_Start
 .text.HAL_TIM_IRQHandler
                0x0800cf54      0x23e ./Drivers/STM32F7xx_HAL_Driver/Src/stm32f7xx_hal_tim.o
                0x0800cf54                HAL_TIM_IRQHandler
 *fill*         0x0800d192        0x2 
 .text.HAL_TIM_PWM_ConfigChannel
                0x0800d194      0x228 ./Drivers/STM32F7xx_HAL_Driver/Src/stm32f7xx_hal_tim.o
                0x0800d194                HAL_TIM_PWM_ConfigChannel
 .text.HAL_TIM_OC_DelayElapsedCallback
                0x0800d3bc       0x14 ./Drivers/STM32F7xx_HAL_Driver/Src/stm32f7xx_hal_tim.o
                0x0800d3bc                HAL_TIM_OC_DelayElapsedCallback
 .text.HAL_TIM_IC_CaptureCallback
                0x0800d3d0       0x14 ./Drivers/STM32F7xx_HAL_Driver/Src/stm32f7xx_hal_tim.o
                0x0800d3d0                HAL_TIM_IC_CaptureCallback
 .text.HAL_TIM_PWM_PulseFinishedCallback
                0x0800d3e4       0x14 ./Drivers/STM32F7xx_HAL_Driver/Src/stm32f7xx_hal_tim.o
                0x0800d3e4                HAL_TIM_PWM_PulseFinishedCallback
 .text.HAL_TIM_TriggerCallback
                0x0800d3f8       0x14 ./Drivers/STM32F7xx_HAL_Driver/Src/stm32f7xx_hal_tim.o
                0x0800d3f8                HAL_TIM_TriggerCallback
 .text.TIM_Base_SetConfig
                0x0800d40c      0x140 ./Drivers/STM32F7xx_HAL_Driver/Src/stm32f7xx_hal_tim.o
                0x0800d40c                TIM_Base_SetConfig
 .text.TIM_OC1_SetConfig
                0x0800d54c       0xe4 ./Drivers/STM32F7xx_HAL_Driver/Src/stm32f7xx_hal_tim.o
 .text.TIM_OC2_SetConfig
                0x0800d630       0xf0 ./Drivers/STM32F7xx_HAL_Driver/Src/stm32f7xx_hal_tim.o
                0x0800d630                TIM_OC2_SetConfig
 .text.TIM_OC3_SetConfig
                0x0800d720       0xec ./Drivers/STM32F7xx_HAL_Driver/Src/stm32f7xx_hal_tim.o
 .text.TIM_OC4_SetConfig
                0x0800d80c       0xb0 ./Drivers/STM32F7xx_HAL_Driver/Src/stm32f7xx_hal_tim.o
 .text.TIM_OC5_SetConfig
                0x0800d8bc       0xa4 ./Drivers/STM32F7xx_HAL_Driver/Src/stm32f7xx_hal_tim.o
 .text.TIM_OC6_SetConfig
                0x0800d960       0xa8 ./Drivers/STM32F7xx_HAL_Driver/Src/stm32f7xx_hal_tim.o
 .text.TIM_CCxChannelCmd
                0x0800da08       0x4a ./Drivers/STM32F7xx_HAL_Driver/Src/stm32f7xx_hal_tim.o
                0x0800da08                TIM_CCxChannelCmd
 *fill*         0x0800da52        0x2 
 .text.HAL_TIMEx_MasterConfigSynchronization
                0x0800da54      0x11c ./Drivers/STM32F7xx_HAL_Driver/Src/stm32f7xx_hal_tim_ex.o
                0x0800da54                HAL_TIMEx_MasterConfigSynchronization
 .text.HAL_TIMEx_CommutCallback
                0x0800db70       0x14 ./Drivers/STM32F7xx_HAL_Driver/Src/stm32f7xx_hal_tim_ex.o
                0x0800db70                HAL_TIMEx_CommutCallback
 .text.HAL_TIMEx_BreakCallback
                0x0800db84       0x14 ./Drivers/STM32F7xx_HAL_Driver/Src/stm32f7xx_hal_tim_ex.o
                0x0800db84                HAL_TIMEx_BreakCallback
 .text.HAL_TIMEx_Break2Callback
                0x0800db98       0x14 ./Drivers/STM32F7xx_HAL_Driver/Src/stm32f7xx_hal_tim_ex.o
                0x0800db98                HAL_TIMEx_Break2Callback
 .text.HAL_UART_Init
                0x0800dbac       0x9c ./Drivers/STM32F7xx_HAL_Driver/Src/stm32f7xx_hal_uart.o
                0x0800dbac                HAL_UART_Init
 .text.HAL_UART_Transmit_DMA
                0x0800dc48       0xf8 ./Drivers/STM32F7xx_HAL_Driver/Src/stm32f7xx_hal_uart.o
                0x0800dc48                HAL_UART_Transmit_DMA
 .text.HAL_UART_Receive_DMA
                0x0800dd40       0x88 ./Drivers/STM32F7xx_HAL_Driver/Src/stm32f7xx_hal_uart.o
                0x0800dd40                HAL_UART_Receive_DMA
 .text.HAL_UART_IRQHandler
                0x0800ddc8      0x5a4 ./Drivers/STM32F7xx_HAL_Driver/Src/stm32f7xx_hal_uart.o
                0x0800ddc8                HAL_UART_IRQHandler
 .text.HAL_UART_TxHalfCpltCallback
                0x0800e36c       0x14 ./Drivers/STM32F7xx_HAL_Driver/Src/stm32f7xx_hal_uart.o
                0x0800e36c                HAL_UART_TxHalfCpltCallback
 .text.HAL_UART_RxHalfCpltCallback
                0x0800e380       0x14 ./Drivers/STM32F7xx_HAL_Driver/Src/stm32f7xx_hal_uart.o
                0x0800e380                HAL_UART_RxHalfCpltCallback
 .text.HAL_UART_ErrorCallback
                0x0800e394       0x14 ./Drivers/STM32F7xx_HAL_Driver/Src/stm32f7xx_hal_uart.o
                0x0800e394                HAL_UART_ErrorCallback
 .text.HAL_UARTEx_RxEventCallback
                0x0800e3a8       0x18 ./Drivers/STM32F7xx_HAL_Driver/Src/stm32f7xx_hal_uart.o
                0x0800e3a8                HAL_UARTEx_RxEventCallback
 .text.UART_SetConfig
                0x0800e3c0      0x4c8 ./Drivers/STM32F7xx_HAL_Driver/Src/stm32f7xx_hal_uart.o
                0x0800e3c0                UART_SetConfig
 .text.UART_AdvFeatureConfig
                0x0800e888      0x144 ./Drivers/STM32F7xx_HAL_Driver/Src/stm32f7xx_hal_uart.o
                0x0800e888                UART_AdvFeatureConfig
 .text.UART_CheckIdleState
                0x0800e9cc       0x6e ./Drivers/STM32F7xx_HAL_Driver/Src/stm32f7xx_hal_uart.o
                0x0800e9cc                UART_CheckIdleState
 .text.UART_WaitOnFlagUntilTimeout
                0x0800ea3a      0x18c ./Drivers/STM32F7xx_HAL_Driver/Src/stm32f7xx_hal_uart.o
                0x0800ea3a                UART_WaitOnFlagUntilTimeout
 *fill*         0x0800ebc6        0x2 
 .text.UART_Start_Receive_DMA
                0x0800ebc8      0x140 ./Drivers/STM32F7xx_HAL_Driver/Src/stm32f7xx_hal_uart.o
                0x0800ebc8                UART_Start_Receive_DMA
 .text.UART_EndTxTransfer
                0x0800ed08       0x4c ./Drivers/STM32F7xx_HAL_Driver/Src/stm32f7xx_hal_uart.o
 .text.UART_EndRxTransfer
                0x0800ed54       0xc8 ./Drivers/STM32F7xx_HAL_Driver/Src/stm32f7xx_hal_uart.o
 .text.UART_DMATransmitCplt
                0x0800ee1c       0x96 ./Drivers/STM32F7xx_HAL_Driver/Src/stm32f7xx_hal_uart.o
 .text.UART_DMATxHalfCplt
                0x0800eeb2       0x1c ./Drivers/STM32F7xx_HAL_Driver/Src/stm32f7xx_hal_uart.o
 .text.UART_DMAReceiveCplt
                0x0800eece      0x128 ./Drivers/STM32F7xx_HAL_Driver/Src/stm32f7xx_hal_uart.o
 .text.UART_DMARxHalfCplt
                0x0800eff6       0x3e ./Drivers/STM32F7xx_HAL_Driver/Src/stm32f7xx_hal_uart.o
 .text.UART_DMAError
                0x0800f034       0x7e ./Drivers/STM32F7xx_HAL_Driver/Src/stm32f7xx_hal_uart.o
 .text.UART_DMAAbortOnError
                0x0800f0b2       0x2c ./Drivers/STM32F7xx_HAL_Driver/Src/stm32f7xx_hal_uart.o
 .text.UART_EndTransmit_IT
                0x0800f0de       0x54 ./Drivers/STM32F7xx_HAL_Driver/Src/stm32f7xx_hal_uart.o
 .text.makeFreeRtosPriority
                0x0800f132       0x30 ./Middlewares/Third_Party/FreeRTOS/Source/CMSIS_RTOS/cmsis_os.o
 .text.osKernelStart
                0x0800f162        0xe ./Middlewares/Third_Party/FreeRTOS/Source/CMSIS_RTOS/cmsis_os.o
                0x0800f162                osKernelStart
 .text.osThreadCreate
                0x0800f170       0x98 ./Middlewares/Third_Party/FreeRTOS/Source/CMSIS_RTOS/cmsis_os.o
                0x0800f170                osThreadCreate
 .text.osDelay  0x0800f208       0x28 ./Middlewares/Third_Party/FreeRTOS/Source/CMSIS_RTOS/cmsis_os.o
                0x0800f208                osDelay
 .text.vListInitialise
                0x0800f230       0x40 ./Middlewares/Third_Party/FreeRTOS/Source/list.o
                0x0800f230                vListInitialise
 .text.vListInitialiseItem
                0x0800f270       0x1a ./Middlewares/Third_Party/FreeRTOS/Source/list.o
                0x0800f270                vListInitialiseItem
 .text.vListInsertEnd
                0x0800f28a       0x48 ./Middlewares/Third_Party/FreeRTOS/Source/list.o
                0x0800f28a                vListInsertEnd
 .text.vListInsert
                0x0800f2d2       0x72 ./Middlewares/Third_Party/FreeRTOS/Source/list.o
                0x0800f2d2                vListInsert
 .text.uxListRemove
                0x0800f344       0x54 ./Middlewares/Third_Party/FreeRTOS/Source/list.o
                0x0800f344                uxListRemove
 .text.xTaskCreateStatic
                0x0800f398       0xcc ./Middlewares/Third_Party/FreeRTOS/Source/tasks.o
                0x0800f398                xTaskCreateStatic
 .text.xTaskCreate
                0x0800f464       0x8a ./Middlewares/Third_Party/FreeRTOS/Source/tasks.o
                0x0800f464                xTaskCreate
 .text.prvInitialiseNewTask
                0x0800f4ee      0x114 ./Middlewares/Third_Party/FreeRTOS/Source/tasks.o
 *fill*         0x0800f602        0x2 
 .text.prvAddNewTaskToReadyList
                0x0800f604       0xd4 ./Middlewares/Third_Party/FreeRTOS/Source/tasks.o
 .text.vTaskDelay
                0x0800f6d8       0x70 ./Middlewares/Third_Party/FreeRTOS/Source/tasks.o
                0x0800f6d8                vTaskDelay
 .text.vTaskStartScheduler
                0x0800f748       0xcc ./Middlewares/Third_Party/FreeRTOS/Source/tasks.o
                0x0800f748                vTaskStartScheduler
 .text.vTaskSuspendAll
                0x0800f814       0x1c ./Middlewares/Third_Party/FreeRTOS/Source/tasks.o
                0x0800f814                vTaskSuspendAll
 .text.xTaskResumeAll
                0x0800f830      0x140 ./Middlewares/Third_Party/FreeRTOS/Source/tasks.o
                0x0800f830                xTaskResumeAll
 .text.xTaskIncrementTick
                0x0800f970      0x178 ./Middlewares/Third_Party/FreeRTOS/Source/tasks.o
                0x0800f970                xTaskIncrementTick
 .text.vTaskSwitchContext
                0x0800fae8       0xbc ./Middlewares/Third_Party/FreeRTOS/Source/tasks.o
                0x0800fae8                vTaskSwitchContext
 .text.prvIdleTask
                0x0800fba4       0x30 ./Middlewares/Third_Party/FreeRTOS/Source/tasks.o
 .text.prvInitialiseTaskLists
                0x0800fbd4       0x80 ./Middlewares/Third_Party/FreeRTOS/Source/tasks.o
 .text.prvCheckTasksWaitingTermination
                0x0800fc54       0x5c ./Middlewares/Third_Party/FreeRTOS/Source/tasks.o
 .text.prvDeleteTCB
                0x0800fcb0       0x64 ./Middlewares/Third_Party/FreeRTOS/Source/tasks.o
 .text.prvResetNextTaskUnblockTime
                0x0800fd14       0x40 ./Middlewares/Third_Party/FreeRTOS/Source/tasks.o
 .text.prvAddCurrentTaskToDelayedList
                0x0800fd54       0xcc ./Middlewares/Third_Party/FreeRTOS/Source/tasks.o
 .text.pxPortInitialiseStack
                0x0800fe20       0x68 ./Middlewares/Third_Party/FreeRTOS/Source/portable/GCC/ARM_CM7/r0p1/port.o
                0x0800fe20                pxPortInitialiseStack
 .text.prvTaskExitError
                0x0800fe88       0x64 ./Middlewares/Third_Party/FreeRTOS/Source/portable/GCC/ARM_CM7/r0p1/port.o
 *fill*         0x0800feec        0x4 
 .text.SVC_Handler
                0x0800fef0       0x28 ./Middlewares/Third_Party/FreeRTOS/Source/portable/GCC/ARM_CM7/r0p1/port.o
                0x0800fef0                SVC_Handler
 .text.prvPortStartFirstTask
                0x0800ff18       0x28 ./Middlewares/Third_Party/FreeRTOS/Source/portable/GCC/ARM_CM7/r0p1/port.o
 .text.xPortStartScheduler
                0x0800ff40       0xfc ./Middlewares/Third_Party/FreeRTOS/Source/portable/GCC/ARM_CM7/r0p1/port.o
                0x0800ff40                xPortStartScheduler
 .text.vPortEnterCritical
                0x0801003c       0x6c ./Middlewares/Third_Party/FreeRTOS/Source/portable/GCC/ARM_CM7/r0p1/port.o
                0x0801003c                vPortEnterCritical
 .text.vPortExitCritical
                0x080100a8       0x58 ./Middlewares/Third_Party/FreeRTOS/Source/portable/GCC/ARM_CM7/r0p1/port.o
                0x080100a8                vPortExitCritical
 .text.PendSV_Handler
                0x08010100       0x68 ./Middlewares/Third_Party/FreeRTOS/Source/portable/GCC/ARM_CM7/r0p1/port.o
                0x08010100                PendSV_Handler
 .text.SysTick_Handler
                0x08010168       0x48 ./Middlewares/Third_Party/FreeRTOS/Source/portable/GCC/ARM_CM7/r0p1/port.o
                0x08010168                SysTick_Handler
 .text.vPortSetupTimerInterrupt
                0x080101b0       0x48 ./Middlewares/Third_Party/FreeRTOS/Source/portable/GCC/ARM_CM7/r0p1/port.o
                0x080101b0                vPortSetupTimerInterrupt
 .text.vPortEnableVFP
                0x080101f8       0x14 ./Middlewares/Third_Party/FreeRTOS/Source/portable/GCC/ARM_CM7/r0p1/port.o
 .text.pvPortMalloc
                0x0801020c      0x19c ./Middlewares/Third_Party/FreeRTOS/Source/portable/MemMang/heap_4.o
                0x0801020c                pvPortMalloc
 .text.vPortFree
                0x080103a8       0xc0 ./Middlewares/Third_Party/FreeRTOS/Source/portable/MemMang/heap_4.o
                0x080103a8                vPortFree
 .text.prvHeapInit
                0x08010468       0xc4 ./Middlewares/Third_Party/FreeRTOS/Source/portable/MemMang/heap_4.o
 .text.prvInsertBlockIntoFreeList
                0x0801052c       0xb4 ./Middlewares/Third_Party/FreeRTOS/Source/portable/MemMang/heap_4.o
 .text.realloc  0x080105e0       0x10 /opt/st/stm32cubeide_1.16.0/plugins/com.st.stm32cube.ide.mcu.externaltools.gnu-tools-for-stm32.12.3.rel1.linux64_1.0.200.202406132123/tools/bin/../lib/gcc/arm-none-eabi/12.3.1/../../../../arm-none-eabi/lib/thumb/v7e-m+fp/hard/libc_nano.a(libc_a-realloc.o)
                0x080105e0                realloc
 .text._realloc_r
                0x080105f0       0x5c /opt/st/stm32cubeide_1.16.0/plugins/com.st.stm32cube.ide.mcu.externaltools.gnu-tools-for-stm32.12.3.rel1.linux64_1.0.200.202406132123/tools/bin/../lib/gcc/arm-none-eabi/12.3.1/../../../../arm-none-eabi/lib/thumb/v7e-m+fp/hard/libc_nano.a(libc_a-reallocr.o)
                0x080105f0                _realloc_r
 .text.__sflush_r
                0x0801064c      0x108 /opt/st/stm32cubeide_1.16.0/plugins/com.st.stm32cube.ide.mcu.externaltools.gnu-tools-for-stm32.12.3.rel1.linux64_1.0.200.202406132123/tools/bin/../lib/gcc/arm-none-eabi/12.3.1/../../../../arm-none-eabi/lib/thumb/v7e-m+fp/hard/libc_nano.a(libc_a-fflush.o)
                0x0801064c                __sflush_r
 .text._fflush_r
                0x08010754       0x50 /opt/st/stm32cubeide_1.16.0/plugins/com.st.stm32cube.ide.mcu.externaltools.gnu-tools-for-stm32.12.3.rel1.linux64_1.0.200.202406132123/tools/bin/../lib/gcc/arm-none-eabi/12.3.1/../../../../arm-none-eabi/lib/thumb/v7e-m+fp/hard/libc_nano.a(libc_a-fflush.o)
                0x08010754                _fflush_r
 .text.fflush   0x080107a4       0x28 /opt/st/stm32cubeide_1.16.0/plugins/com.st.stm32cube.ide.mcu.externaltools.gnu-tools-for-stm32.12.3.rel1.linux64_1.0.200.202406132123/tools/bin/../lib/gcc/arm-none-eabi/12.3.1/../../../../arm-none-eabi/lib/thumb/v7e-m+fp/hard/libc_nano.a(libc_a-fflush.o)
                0x080107a4                fflush
 .text.std      0x080107cc       0x6c /opt/st/stm32cubeide_1.16.0/plugins/com.st.stm32cube.ide.mcu.externaltools.gnu-tools-for-stm32.12.3.rel1.linux64_1.0.200.202406132123/tools/bin/../lib/gcc/arm-none-eabi/12.3.1/../../../../arm-none-eabi/lib/thumb/v7e-m+fp/hard/libc_nano.a(libc_a-findfp.o)
 .text.stdio_exit_handler
                0x08010838       0x18 /opt/st/stm32cubeide_1.16.0/plugins/com.st.stm32cube.ide.mcu.externaltools.gnu-tools-for-stm32.12.3.rel1.linux64_1.0.200.202406132123/tools/bin/../lib/gcc/arm-none-eabi/12.3.1/../../../../arm-none-eabi/lib/thumb/v7e-m+fp/hard/libc_nano.a(libc_a-findfp.o)
 .text.cleanup_stdio
                0x08010850       0x40 /opt/st/stm32cubeide_1.16.0/plugins/com.st.stm32cube.ide.mcu.externaltools.gnu-tools-for-stm32.12.3.rel1.linux64_1.0.200.202406132123/tools/bin/../lib/gcc/arm-none-eabi/12.3.1/../../../../arm-none-eabi/lib/thumb/v7e-m+fp/hard/libc_nano.a(libc_a-findfp.o)
 .text.global_stdio_init.part.0
                0x08010890       0x3c /opt/st/stm32cubeide_1.16.0/plugins/com.st.stm32cube.ide.mcu.externaltools.gnu-tools-for-stm32.12.3.rel1.linux64_1.0.200.202406132123/tools/bin/../lib/gcc/arm-none-eabi/12.3.1/../../../../arm-none-eabi/lib/thumb/v7e-m+fp/hard/libc_nano.a(libc_a-findfp.o)
 .text.__sfp_lock_acquire
                0x080108cc        0xc /opt/st/stm32cubeide_1.16.0/plugins/com.st.stm32cube.ide.mcu.externaltools.gnu-tools-for-stm32.12.3.rel1.linux64_1.0.200.202406132123/tools/bin/../lib/gcc/arm-none-eabi/12.3.1/../../../../arm-none-eabi/lib/thumb/v7e-m+fp/hard/libc_nano.a(libc_a-findfp.o)
                0x080108cc                __sfp_lock_acquire
 .text.__sfp_lock_release
                0x080108d8        0xc /opt/st/stm32cubeide_1.16.0/plugins/com.st.stm32cube.ide.mcu.externaltools.gnu-tools-for-stm32.12.3.rel1.linux64_1.0.200.202406132123/tools/bin/../lib/gcc/arm-none-eabi/12.3.1/../../../../arm-none-eabi/lib/thumb/v7e-m+fp/hard/libc_nano.a(libc_a-findfp.o)
                0x080108d8                __sfp_lock_release
 .text.__sinit  0x080108e4       0x30 /opt/st/stm32cubeide_1.16.0/plugins/com.st.stm32cube.ide.mcu.externaltools.gnu-tools-for-stm32.12.3.rel1.linux64_1.0.200.202406132123/tools/bin/../lib/gcc/arm-none-eabi/12.3.1/../../../../arm-none-eabi/lib/thumb/v7e-m+fp/hard/libc_nano.a(libc_a-findfp.o)
                0x080108e4                __sinit
 .text._fwalk_sglue
                0x08010914       0x3c /opt/st/stm32cubeide_1.16.0/plugins/com.st.stm32cube.ide.mcu.externaltools.gnu-tools-for-stm32.12.3.rel1.linux64_1.0.200.202406132123/tools/bin/../lib/gcc/arm-none-eabi/12.3.1/../../../../arm-none-eabi/lib/thumb/v7e-m+fp/hard/libc_nano.a(libc_a-fwalk.o)
                0x08010914                _fwalk_sglue
 .text.sprintf  0x08010950       0x40 /opt/st/stm32cubeide_1.16.0/plugins/com.st.stm32cube.ide.mcu.externaltools.gnu-tools-for-stm32.12.3.rel1.linux64_1.0.200.202406132123/tools/bin/../lib/gcc/arm-none-eabi/12.3.1/../../../../arm-none-eabi/lib/thumb/v7e-m+fp/hard/libc_nano.a(libc_a-sprintf.o)
                0x08010950                sprintf
                0x08010950                siprintf
 .text.__sread  0x08010990       0x22 /opt/st/stm32cubeide_1.16.0/plugins/com.st.stm32cube.ide.mcu.externaltools.gnu-tools-for-stm32.12.3.rel1.linux64_1.0.200.202406132123/tools/bin/../lib/gcc/arm-none-eabi/12.3.1/../../../../arm-none-eabi/lib/thumb/v7e-m+fp/hard/libc_nano.a(libc_a-stdio.o)
                0x08010990                __sread
 .text.__swrite
                0x080109b2       0x38 /opt/st/stm32cubeide_1.16.0/plugins/com.st.stm32cube.ide.mcu.externaltools.gnu-tools-for-stm32.12.3.rel1.linux64_1.0.200.202406132123/tools/bin/../lib/gcc/arm-none-eabi/12.3.1/../../../../arm-none-eabi/lib/thumb/v7e-m+fp/hard/libc_nano.a(libc_a-stdio.o)
                0x080109b2                __swrite
 .text.__sseek  0x080109ea       0x24 /opt/st/stm32cubeide_1.16.0/plugins/com.st.stm32cube.ide.mcu.externaltools.gnu-tools-for-stm32.12.3.rel1.linux64_1.0.200.202406132123/tools/bin/../lib/gcc/arm-none-eabi/12.3.1/../../../../arm-none-eabi/lib/thumb/v7e-m+fp/hard/libc_nano.a(libc_a-stdio.o)
                0x080109ea                __sseek
 .text.__sclose
                0x08010a0e        0x8 /opt/st/stm32cubeide_1.16.0/plugins/com.st.stm32cube.ide.mcu.externaltools.gnu-tools-for-stm32.12.3.rel1.linux64_1.0.200.202406132123/tools/bin/../lib/gcc/arm-none-eabi/12.3.1/../../../../arm-none-eabi/lib/thumb/v7e-m+fp/hard/libc_nano.a(libc_a-stdio.o)
                0x08010a0e                __sclose
 .text.memset   0x08010a16       0x10 /opt/st/stm32cubeide_1.16.0/plugins/com.st.stm32cube.ide.mcu.externaltools.gnu-tools-for-stm32.12.3.rel1.linux64_1.0.200.202406132123/tools/bin/../lib/gcc/arm-none-eabi/12.3.1/../../../../arm-none-eabi/lib/thumb/v7e-m+fp/hard/libc_nano.a(libc_a-memset.o)
                0x08010a16                memset
 *fill*         0x08010a26        0x2 
 .text._close_r
                0x08010a28       0x20 /opt/st/stm32cubeide_1.16.0/plugins/com.st.stm32cube.ide.mcu.externaltools.gnu-tools-for-stm32.12.3.rel1.linux64_1.0.200.202406132123/tools/bin/../lib/gcc/arm-none-eabi/12.3.1/../../../../arm-none-eabi/lib/thumb/v7e-m+fp/hard/libc_nano.a(libc_a-closer.o)
                0x08010a28                _close_r
 .text._lseek_r
                0x08010a48       0x24 /opt/st/stm32cubeide_1.16.0/plugins/com.st.stm32cube.ide.mcu.externaltools.gnu-tools-for-stm32.12.3.rel1.linux64_1.0.200.202406132123/tools/bin/../lib/gcc/arm-none-eabi/12.3.1/../../../../arm-none-eabi/lib/thumb/v7e-m+fp/hard/libc_nano.a(libc_a-lseekr.o)
                0x08010a48                _lseek_r
 .text._read_r  0x08010a6c       0x24 /opt/st/stm32cubeide_1.16.0/plugins/com.st.stm32cube.ide.mcu.externaltools.gnu-tools-for-stm32.12.3.rel1.linux64_1.0.200.202406132123/tools/bin/../lib/gcc/arm-none-eabi/12.3.1/../../../../arm-none-eabi/lib/thumb/v7e-m+fp/hard/libc_nano.a(libc_a-readr.o)
                0x08010a6c                _read_r
 .text._write_r
                0x08010a90       0x24 /opt/st/stm32cubeide_1.16.0/plugins/com.st.stm32cube.ide.mcu.externaltools.gnu-tools-for-stm32.12.3.rel1.linux64_1.0.200.202406132123/tools/bin/../lib/gcc/arm-none-eabi/12.3.1/../../../../arm-none-eabi/lib/thumb/v7e-m+fp/hard/libc_nano.a(libc_a-writer.o)
                0x08010a90                _write_r
 .text.__errno  0x08010ab4        0xc /opt/st/stm32cubeide_1.16.0/plugins/com.st.stm32cube.ide.mcu.externaltools.gnu-tools-for-stm32.12.3.rel1.linux64_1.0.200.202406132123/tools/bin/../lib/gcc/arm-none-eabi/12.3.1/../../../../arm-none-eabi/lib/thumb/v7e-m+fp/hard/libc_nano.a(libc_a-errno.o)
                0x08010ab4                __errno
 .text.__libc_init_array
                0x08010ac0       0x48 /opt/st/stm32cubeide_1.16.0/plugins/com.st.stm32cube.ide.mcu.externaltools.gnu-tools-for-stm32.12.3.rel1.linux64_1.0.200.202406132123/tools/bin/../lib/gcc/arm-none-eabi/12.3.1/../../../../arm-none-eabi/lib/thumb/v7e-m+fp/hard/libc_nano.a(libc_a-init.o)
                0x08010ac0                __libc_init_array
 .text.__retarget_lock_init_recursive
                0x08010b08        0x2 /opt/st/stm32cubeide_1.16.0/plugins/com.st.stm32cube.ide.mcu.externaltools.gnu-tools-for-stm32.12.3.rel1.linux64_1.0.200.202406132123/tools/bin/../lib/gcc/arm-none-eabi/12.3.1/../../../../arm-none-eabi/lib/thumb/v7e-m+fp/hard/libc_nano.a(libc_a-lock.o)
                0x08010b08                __retarget_lock_init_recursive
 .text.__retarget_lock_acquire_recursive
                0x08010b0a        0x2 /opt/st/stm32cubeide_1.16.0/plugins/com.st.stm32cube.ide.mcu.externaltools.gnu-tools-for-stm32.12.3.rel1.linux64_1.0.200.202406132123/tools/bin/../lib/gcc/arm-none-eabi/12.3.1/../../../../arm-none-eabi/lib/thumb/v7e-m+fp/hard/libc_nano.a(libc_a-lock.o)
                0x08010b0a                __retarget_lock_acquire_recursive
 .text.__retarget_lock_release_recursive
                0x08010b0c        0x2 /opt/st/stm32cubeide_1.16.0/plugins/com.st.stm32cube.ide.mcu.externaltools.gnu-tools-for-stm32.12.3.rel1.linux64_1.0.200.202406132123/tools/bin/../lib/gcc/arm-none-eabi/12.3.1/../../../../arm-none-eabi/lib/thumb/v7e-m+fp/hard/libc_nano.a(libc_a-lock.o)
                0x08010b0c                __retarget_lock_release_recursive
 .text.memcpy   0x08010b0e       0x1c /opt/st/stm32cubeide_1.16.0/plugins/com.st.stm32cube.ide.mcu.externaltools.gnu-tools-for-stm32.12.3.rel1.linux64_1.0.200.202406132123/tools/bin/../lib/gcc/arm-none-eabi/12.3.1/../../../../arm-none-eabi/lib/thumb/v7e-m+fp/hard/libc_nano.a(libc_a-memcpy-stub.o)
                0x08010b0e                memcpy
 *fill*         0x08010b2a        0x2 
 .text._free_r  0x08010b2c       0x94 /opt/st/stm32cubeide_1.16.0/plugins/com.st.stm32cube.ide.mcu.externaltools.gnu-tools-for-stm32.12.3.rel1.linux64_1.0.200.202406132123/tools/bin/../lib/gcc/arm-none-eabi/12.3.1/../../../../arm-none-eabi/lib/thumb/v7e-m+fp/hard/libc_nano.a(libc_a-freer.o)
                0x08010b2c                _free_r
 .text.sbrk_aligned
                0x08010bc0       0x44 /opt/st/stm32cubeide_1.16.0/plugins/com.st.stm32cube.ide.mcu.externaltools.gnu-tools-for-stm32.12.3.rel1.linux64_1.0.200.202406132123/tools/bin/../lib/gcc/arm-none-eabi/12.3.1/../../../../arm-none-eabi/lib/thumb/v7e-m+fp/hard/libc_nano.a(libc_a-mallocr.o)
 .text._malloc_r
                0x08010c04      0x100 /opt/st/stm32cubeide_1.16.0/plugins/com.st.stm32cube.ide.mcu.externaltools.gnu-tools-for-stm32.12.3.rel1.linux64_1.0.200.202406132123/tools/bin/../lib/gcc/arm-none-eabi/12.3.1/../../../../arm-none-eabi/lib/thumb/v7e-m+fp/hard/libc_nano.a(libc_a-mallocr.o)
                0x08010c04                _malloc_r
 .text.__malloc_lock
                0x08010d04        0xc /opt/st/stm32cubeide_1.16.0/plugins/com.st.stm32cube.ide.mcu.externaltools.gnu-tools-for-stm32.12.3.rel1.linux64_1.0.200.202406132123/tools/bin/../lib/gcc/arm-none-eabi/12.3.1/../../../../arm-none-eabi/lib/thumb/v7e-m+fp/hard/libc_nano.a(libc_a-mlock.o)
                0x08010d04                __malloc_lock
 .text.__malloc_unlock
                0x08010d10        0xc /opt/st/stm32cubeide_1.16.0/plugins/com.st.stm32cube.ide.mcu.externaltools.gnu-tools-for-stm32.12.3.rel1.linux64_1.0.200.202406132123/tools/bin/../lib/gcc/arm-none-eabi/12.3.1/../../../../arm-none-eabi/lib/thumb/v7e-m+fp/hard/libc_nano.a(libc_a-mlock.o)
                0x08010d10                __malloc_unlock
 .text._malloc_usable_size_r
                0x08010d1c       0x10 /opt/st/stm32cubeide_1.16.0/plugins/com.st.stm32cube.ide.mcu.externaltools.gnu-tools-for-stm32.12.3.rel1.linux64_1.0.200.202406132123/tools/bin/../lib/gcc/arm-none-eabi/12.3.1/../../../../arm-none-eabi/lib/thumb/v7e-m+fp/hard/libc_nano.a(libc_a-msizer.o)
                0x08010d1c                _malloc_usable_size_r
 .text.__ssputs_r
                0x08010d2c       0xb6 /opt/st/stm32cubeide_1.16.0/plugins/com.st.stm32cube.ide.mcu.externaltools.gnu-tools-for-stm32.12.3.rel1.linux64_1.0.200.202406132123/tools/bin/../lib/gcc/arm-none-eabi/12.3.1/../../../../arm-none-eabi/lib/thumb/v7e-m+fp/hard/libc_nano.a(libc_a-nano-svfprintf.o)
                0x08010d2c                __ssputs_r
 *fill*         0x08010de2        0x2 
 .text._svfprintf_r
                0x08010de4      0x1f8 /opt/st/stm32cubeide_1.16.0/plugins/com.st.stm32cube.ide.mcu.externaltools.gnu-tools-for-stm32.12.3.rel1.linux64_1.0.200.202406132123/tools/bin/../lib/gcc/arm-none-eabi/12.3.1/../../../../arm-none-eabi/lib/thumb/v7e-m+fp/hard/libc_nano.a(libc_a-nano-svfprintf.o)
                0x08010de4                _svfprintf_r
                0x08010de4                _svfiprintf_r
 .text._printf_common
                0x08010fdc       0xda /opt/st/stm32cubeide_1.16.0/plugins/com.st.stm32cube.ide.mcu.externaltools.gnu-tools-for-stm32.12.3.rel1.linux64_1.0.200.202406132123/tools/bin/../lib/gcc/arm-none-eabi/12.3.1/../../../../arm-none-eabi/lib/thumb/v7e-m+fp/hard/libc_nano.a(libc_a-nano-vfprintf_i.o)
                0x08010fdc                _printf_common
 *fill*         0x080110b6        0x2 
 .text._printf_i
                0x080110b8      0x240 /opt/st/stm32cubeide_1.16.0/plugins/com.st.stm32cube.ide.mcu.externaltools.gnu-tools-for-stm32.12.3.rel1.linux64_1.0.200.202406132123/tools/bin/../lib/gcc/arm-none-eabi/12.3.1/../../../../arm-none-eabi/lib/thumb/v7e-m+fp/hard/libc_nano.a(libc_a-nano-vfprintf_i.o)
                0x080110b8                _printf_i
 .text.memmove  0x080112f8       0x34 /opt/st/stm32cubeide_1.16.0/plugins/com.st.stm32cube.ide.mcu.externaltools.gnu-tools-for-stm32.12.3.rel1.linux64_1.0.200.202406132123/tools/bin/../lib/gcc/arm-none-eabi/12.3.1/../../../../arm-none-eabi/lib/thumb/v7e-m+fp/hard/libc_nano.a(libc_a-memmove.o)
                0x080112f8                memmove
 .text._sbrk_r  0x0801132c       0x20 /opt/st/stm32cubeide_1.16.0/plugins/com.st.stm32cube.ide.mcu.externaltools.gnu-tools-for-stm32.12.3.rel1.linux64_1.0.200.202406132123/tools/bin/../lib/gcc/arm-none-eabi/12.3.1/../../../../arm-none-eabi/lib/thumb/v7e-m+fp/hard/libc_nano.a(libc_a-sbrkr.o)
                0x0801132c                _sbrk_r
 *(.glue_7)
 .glue_7        0x0801134c        0x0 linker stubs
 *(.glue_7t)
 .glue_7t       0x0801134c        0x0 linker stubs
 *(.eh_frame)
 .eh_frame      0x0801134c        0x0 /opt/st/stm32cubeide_1.16.0/plugins/com.st.stm32cube.ide.mcu.externaltools.gnu-tools-for-stm32.12.3.rel1.linux64_1.0.200.202406132123/tools/bin/../lib/gcc/arm-none-eabi/12.3.1/thumb/v7e-m+fp/hard/crtbegin.o
 *(.init)
 .init          0x0801134c        0x4 /opt/st/stm32cubeide_1.16.0/plugins/com.st.stm32cube.ide.mcu.externaltools.gnu-tools-for-stm32.12.3.rel1.linux64_1.0.200.202406132123/tools/bin/../lib/gcc/arm-none-eabi/12.3.1/thumb/v7e-m+fp/hard/crti.o
                0x0801134c                _init
 .init          0x08011350        0x8 /opt/st/stm32cubeide_1.16.0/plugins/com.st.stm32cube.ide.mcu.externaltools.gnu-tools-for-stm32.12.3.rel1.linux64_1.0.200.202406132123/tools/bin/../lib/gcc/arm-none-eabi/12.3.1/thumb/v7e-m+fp/hard/crtn.o
 *(.fini)
 .fini          0x08011358        0x4 /opt/st/stm32cubeide_1.16.0/plugins/com.st.stm32cube.ide.mcu.externaltools.gnu-tools-for-stm32.12.3.rel1.linux64_1.0.200.202406132123/tools/bin/../lib/gcc/arm-none-eabi/12.3.1/thumb/v7e-m+fp/hard/crti.o
                0x08011358                _fini
 .fini          0x0801135c        0x8 /opt/st/stm32cubeide_1.16.0/plugins/com.st.stm32cube.ide.mcu.externaltools.gnu-tools-for-stm32.12.3.rel1.linux64_1.0.200.202406132123/tools/bin/../lib/gcc/arm-none-eabi/12.3.1/thumb/v7e-m+fp/hard/crtn.o
                0x08011364                        . = ALIGN (0x4)
                0x08011364                        _etext = .

.vfp11_veneer   0x08011364        0x0
 .vfp11_veneer  0x08011364        0x0 linker stubs

.v4_bx          0x08011364        0x0
 .v4_bx         0x08011364        0x0 linker stubs

.iplt           0x08011364        0x0
 .iplt          0x08011364        0x0 /opt/st/stm32cubeide_1.16.0/plugins/com.st.stm32cube.ide.mcu.externaltools.gnu-tools-for-stm32.12.3.rel1.linux64_1.0.200.202406132123/tools/bin/../lib/gcc/arm-none-eabi/12.3.1/thumb/v7e-m+fp/hard/crtbegin.o

.rodata         0x08011364     0x2550
                0x08011364                        . = ALIGN (0x4)
 *(.rodata)
 .rodata        0x08011364       0x51 ./Core/Src/ILI9486.o
 *fill*         0x080113b5        0x3 
 .rodata        0x080113b8      0x14e ./Core/Src/main.o
 *fill*         0x08011506        0x2 
 .rodata        0x08011508      0x28d ./Core/Src/mainpp.o
 *fill*         0x08011795        0x3 
 .rodata        0x08011798        0x5 ./Middlewares/Third_Party/FreeRTOS/Source/tasks.o
 *(.rodata*)
 *fill*         0x0801179d        0x3 
 .rodata.Font12_Table
                0x080117a0      0x474 ./Core/Src/ILI9486.o
                0x080117a0                Font12_Table
 .rodata.Font16_Table
                0x08011c14      0xbe0 ./Core/Src/ILI9486.o
                0x08011c14                Font16_Table
 .rodata.Font20_Table
                0x080127f4      0xed8 ./Core/Src/ILI9486.o
                0x080127f4                Font20_Table
 .rodata._ZN14rosserial_msgsL12REQUESTPARAME
                0x080136cc       0x1c ./Core/Src/mainpp.o
 .rodata._ZTVN3ros10SubscriberIN8std_msgs4Int8EvEE
                0x080136e8       0x18 ./Core/Src/mainpp.o
                0x080136e8                vtable for ros::Subscriber<std_msgs::Int8, void>
 .rodata._ZTVN3ros10SubscriberIN13geometry_msgs5TwistEvEE
                0x08013700       0x18 ./Core/Src/mainpp.o
                0x08013700                vtable for ros::Subscriber<geometry_msgs::Twist, void>
 .rodata._ZTVN3ros11NodeHandle_I13STM32HardwareLi25ELi25ELi512ELi512EEE
                0x08013718       0x14 ./Core/Src/mainpp.o
                0x08013718                vtable for ros::NodeHandle_<STM32Hardware, 25, 25, 512, 512>
 .rodata._ZTVN13geometry_msgs5TwistE
                0x0801372c       0x18 ./Core/Src/mainpp.o
                0x0801372c                vtable for geometry_msgs::Twist
 .rodata._ZTVN13geometry_msgs7Vector3E
                0x08013744       0x18 ./Core/Src/mainpp.o
                0x08013744                vtable for geometry_msgs::Vector3
 .rodata._ZTVN8std_msgs14Int8MultiArrayE
                0x0801375c       0x18 ./Core/Src/mainpp.o
                0x0801375c                vtable for std_msgs::Int8MultiArray
 .rodata._ZTVN8std_msgs4Int8E
                0x08013774       0x18 ./Core/Src/mainpp.o
                0x08013774                vtable for std_msgs::Int8
 .rodata._ZTVN8std_msgs16MultiArrayLayoutE
                0x0801378c       0x18 ./Core/Src/mainpp.o
                0x0801378c                vtable for std_msgs::MultiArrayLayout
 .rodata._ZTVN8std_msgs19MultiArrayDimensionE
                0x080137a4       0x18 ./Core/Src/mainpp.o
                0x080137a4                vtable for std_msgs::MultiArrayDimension
 .rodata._ZTVN3ros11Subscriber_E
                0x080137bc       0x18 ./Core/Src/mainpp.o
                0x080137bc                vtable for ros::Subscriber_
 .rodata._ZTVN3ros15NodeHandleBase_E
                0x080137d4       0x14 ./Core/Src/mainpp.o
                0x080137d4                vtable for ros::NodeHandleBase_
 .rodata._ZTVN14rosserial_msgs20RequestParamResponseE
                0x080137e8       0x18 ./Core/Src/mainpp.o
                0x080137e8                vtable for rosserial_msgs::RequestParamResponse
 .rodata._ZTVN14rosserial_msgs3LogE
                0x08013800       0x18 ./Core/Src/mainpp.o
                0x08013800                vtable for rosserial_msgs::Log
 .rodata._ZTVN14rosserial_msgs9TopicInfoE
                0x08013818       0x18 ./Core/Src/mainpp.o
                0x08013818                vtable for rosserial_msgs::TopicInfo
 .rodata._ZTVN8std_msgs4TimeE
                0x08013830       0x18 ./Core/Src/mainpp.o