Archive member included to satisfy reference by file (symbol)

/Applications/STM32CubeIDE.app/Contents/Eclipse/plugins/com.st.stm32cube.ide.mcu.externaltools.gnu-tools-for-stm32.12.3.rel1.macos64_1.0.200.202406191456/tools/bin/../lib/gcc/arm-none-eabi/12.3.1/../../../../arm-none-eabi/lib/thumb/v7e-m+fp/hard/libm.a(libm_a-w_atan2.o)
                              ./Core/Src/main.o (atan2)
/Applications/STM32CubeIDE.app/Contents/Eclipse/plugins/com.st.stm32cube.ide.mcu.externaltools.gnu-tools-for-stm32.12.3.rel1.macos64_1.0.200.202406191456/tools/bin/../lib/gcc/arm-none-eabi/12.3.1/../../../../arm-none-eabi/lib/thumb/v7e-m+fp/hard/libm.a(libm_a-w_hypot.o)
                              ./Core/Src/main.o (hypot)
/Applications/STM32CubeIDE.app/Contents/Eclipse/plugins/com.st.stm32cube.ide.mcu.externaltools.gnu-tools-for-stm32.12.3.rel1.macos64_1.0.200.202406191456/tools/bin/../lib/gcc/arm-none-eabi/12.3.1/../../../../arm-none-eabi/lib/thumb/v7e-m+fp/hard/libm.a(libm_a-e_atan2.o)
                              /Applications/STM32CubeIDE.app/Contents/Eclipse/plugins/com.st.stm32cube.ide.mcu.externaltools.gnu-tools-for-stm32.12.3.rel1.macos64_1.0.200.202406191456/tools/bin/../lib/gcc/arm-none-eabi/12.3.1/../../../../arm-none-eabi/lib/thumb/v7e-m+fp/hard/libm.a(libm_a-w_atan2.o) (__ieee754_atan2)
/Applications/STM32CubeIDE.app/Contents/Eclipse/plugins/com.st.stm32cube.ide.mcu.externaltools.gnu-tools-for-stm32.12.3.rel1.macos64_1.0.200.202406191456/tools/bin/../lib/gcc/arm-none-eabi/12.3.1/../../../../arm-none-eabi/lib/thumb/v7e-m+fp/hard/libm.a(libm_a-s_atan.o)
                              /Applications/STM32CubeIDE.app/Contents/Eclipse/plugins/com.st.stm32cube.ide.mcu.externaltools.gnu-tools-for-stm32.12.3.rel1.macos64_1.0.200.202406191456/tools/bin/../lib/gcc/arm-none-eabi/12.3.1/../../../../arm-none-eabi/lib/thumb/v7e-m+fp/hard/libm.a(libm_a-e_atan2.o) (atan)
/Applications/STM32CubeIDE.app/Contents/Eclipse/plugins/com.st.stm32cube.ide.mcu.externaltools.gnu-tools-for-stm32.12.3.rel1.macos64_1.0.200.202406191456/tools/bin/../lib/gcc/arm-none-eabi/12.3.1/../../../../arm-none-eabi/lib/thumb/v7e-m+fp/hard/libm.a(libm_a-s_cos.o)
                              ./Core/Src/main.o (cos)
/Applications/STM32CubeIDE.app/Contents/Eclipse/plugins/com.st.stm32cube.ide.mcu.externaltools.gnu-tools-for-stm32.12.3.rel1.macos64_1.0.200.202406191456/tools/bin/../lib/gcc/arm-none-eabi/12.3.1/../../../../arm-none-eabi/lib/thumb/v7e-m+fp/hard/libm.a(libm_a-s_fabs.o)
                              /Applications/STM32CubeIDE.app/Contents/Eclipse/plugins/com.st.stm32cube.ide.mcu.externaltools.gnu-tools-for-stm32.12.3.rel1.macos64_1.0.200.202406191456/tools/bin/../lib/gcc/arm-none-eabi/12.3.1/../../../../arm-none-eabi/lib/thumb/v7e-m+fp/hard/libm.a(libm_a-e_atan2.o) (fabs)
/Applications/STM32CubeIDE.app/Contents/Eclipse/plugins/com.st.stm32cube.ide.mcu.externaltools.gnu-tools-for-stm32.12.3.rel1.macos64_1.0.200.202406191456/tools/bin/../lib/gcc/arm-none-eabi/12.3.1/../../../../arm-none-eabi/lib/thumb/v7e-m+fp/hard/libm.a(libm_a-s_finite.o)
                              /Applications/STM32CubeIDE.app/Contents/Eclipse/plugins/com.st.stm32cube.ide.mcu.externaltools.gnu-tools-for-stm32.12.3.rel1.macos64_1.0.200.202406191456/tools/bin/../lib/gcc/arm-none-eabi/12.3.1/../../../../arm-none-eabi/lib/thumb/v7e-m+fp/hard/libm.a(libm_a-w_hypot.o) (finite)
/Applications/STM32CubeIDE.app/Contents/Eclipse/plugins/com.st.stm32cube.ide.mcu.externaltools.gnu-tools-for-stm32.12.3.rel1.macos64_1.0.200.202406191456/tools/bin/../lib/gcc/arm-none-eabi/12.3.1/../../../../arm-none-eabi/lib/thumb/v7e-m+fp/hard/libm.a(libm_a-s_sin.o)
                              ./Core/Src/main.o (sin)
/Applications/STM32CubeIDE.app/Contents/Eclipse/plugins/com.st.stm32cube.ide.mcu.externaltools.gnu-tools-for-stm32.12.3.rel1.macos64_1.0.200.202406191456/tools/bin/../lib/gcc/arm-none-eabi/12.3.1/../../../../arm-none-eabi/lib/thumb/v7e-m+fp/hard/libm.a(libm_a-e_hypot.o)
                              /Applications/STM32CubeIDE.app/Contents/Eclipse/plugins/com.st.stm32cube.ide.mcu.externaltools.gnu-tools-for-stm32.12.3.rel1.macos64_1.0.200.202406191456/tools/bin/../lib/gcc/arm-none-eabi/12.3.1/../../../../arm-none-eabi/lib/thumb/v7e-m+fp/hard/libm.a(libm_a-w_hypot.o) (__ieee754_hypot)
/Applications/STM32CubeIDE.app/Contents/Eclipse/plugins/com.st.stm32cube.ide.mcu.externaltools.gnu-tools-for-stm32.12.3.rel1.macos64_1.0.200.202406191456/tools/bin/../lib/gcc/arm-none-eabi/12.3.1/../../../../arm-none-eabi/lib/thumb/v7e-m+fp/hard/libm.a(libm_a-e_rem_pio2.o)
                              /Applications/STM32CubeIDE.app/Contents/Eclipse/plugins/com.st.stm32cube.ide.mcu.externaltools.gnu-tools-for-stm32.12.3.rel1.macos64_1.0.200.202406191456/tools/bin/../lib/gcc/arm-none-eabi/12.3.1/../../../../arm-none-eabi/lib/thumb/v7e-m+fp/hard/libm.a(libm_a-s_cos.o) (__ieee754_rem_pio2)
[...]
Memory Configuration

Name             Origin             Length             Attributes
RAM              0x20000000         0x00050000         rw
FLASH            0x08000000         0x00100000         xr
*default*        0x00000000         0xffffffff

Linker script and memory map

LOAD /Applications/STM32CubeIDE.app/Contents/Eclipse/plugins/com.st.stm32cube.ide.mcu.externaltools.gnu-tools-for-stm32.12.3.rel1.macos64_1.0.200.202406191456/tools/bin/../lib/gcc/arm-none-eabi/12.3.1/thumb/v7e-m+fp/hard/crti.o
LOAD /Applications/STM32CubeIDE.app/Contents/Eclipse/plugins/com.st.stm32cube.ide.mcu.externaltools.gnu-tools-for-stm32.12.3.rel1.macos64_1.0.200.202406191456/tools/bin/../lib/gcc/arm-none-eabi/12.3.1/thumb/v7e-m+fp/hard/crtbegin.o
LOAD /Applications/STM32CubeIDE.app/Contents/Eclipse/plugins/com.st.stm32cube.ide.mcu.externaltools.gnu-tools-for-stm32.12.3.rel1.macos64_1.0.200.202406191456/tools/bin/../lib/gcc/arm-none-eabi/12.3.1/../../../../arm-none-eabi/lib/thumb/v7e-m+fp/hard/crt0.o
LOAD ./Core/Src/ILI9486.o
LOAD ./Core/Src/duration.o
LOAD ./Core/Src/freertos.o
LOAD ./Core/Src/main.o
LOAD ./Core/Src/mainpp.o
LOAD ./Core/Src/stm32f7xx_hal_msp.o
LOAD ./Core/Src/stm32f7xx_hal_timebase_tim.o
LOAD ./Core/Src/stm32f7xx_it.o
LOAD ./Core/Src/syscalls.o
LOAD ./Core/Src/sysmem.o
LOAD ./Core/Src/system_stm32f7xx.o
LOAD ./Core/Src/time.o
LOAD ./Core/Startup/startup_stm32f746zgtx.o
LOAD ./Drivers/STM32F7xx_HAL_Driver/Src/stm32f7xx_hal.o
LOAD ./Drivers/STM32F7xx_HAL_Driver/Src/stm32f7xx_hal_can.o
LOAD ./Drivers/STM32F7xx_HAL_Driver/Src/stm32f7xx_hal_cortex.o
LOAD ./Drivers/STM32F7xx_HAL_Driver/Src/stm32f7xx_hal_dma.o
LOAD ./Drivers/STM32F7xx_HAL_Driver/Src/stm32f7xx_hal_dma_ex.o
LOAD ./Drivers/STM32F7xx_HAL_Driver/Src/stm32f7xx_hal_exti.o
LOAD ./Drivers/STM32F7xx_HAL_Driver/Src/stm32f7xx_hal_flash.o
LOAD ./Drivers/STM32F7xx_HAL_Driver/Src/stm32f7xx_hal_flash_ex.o
LOAD ./Drivers/STM32F7xx_HAL_Driver/Src/stm32f7xx_hal_gpio.o
LOAD ./Drivers/STM32F7xx_HAL_Driver/Src/stm32f7xx_hal_i2c.o
LOAD ./Drivers/STM32F7xx_HAL_Driver/Src/stm32f7xx_hal_i2c_ex.o
LOAD ./Drivers/STM32F7xx_HAL_Driver/Src/stm32f7xx_hal_pwr.o
LOAD ./Drivers/STM32F7xx_HAL_Driver/Src/stm32f7xx_hal_pwr_ex.o
LOAD ./Drivers/STM32F7xx_HAL_Driver/Src/stm32f7xx_hal_rcc.o
LOAD ./Drivers/STM32F7xx_HAL_Driver/Src/stm32f7xx_hal_rcc_ex.o
LOAD ./Drivers/STM32F7xx_HAL_Driver/Src/stm32f7xx_hal_spi.o
LOAD ./Drivers/STM32F7xx_HAL_Driver/Src/stm32f7xx_hal_spi_ex.o
LOAD ./Drivers/STM32F7xx_HAL_Driver/Src/stm32f7xx_hal_tim.o
LOAD ./Drivers/STM32F7xx_HAL_Driver/Src/stm32f7xx_hal_tim_ex.o
LOAD ./Drivers/STM32F7xx_HAL_Driver/Src/stm32f7xx_hal_uart.o
LOAD ./Drivers/STM32F7xx_HAL_Driver/Src/stm32f7xx_hal_uart_ex.o
LOAD ./Middlewares/Third_Party/FreeRTOS/Source/CMSIS_RTOS/cmsis_os.o
LOAD ./Middlewares/Third_Party/FreeRTOS/Source/croutine.o
LOAD ./Middlewares/Third_Party/FreeRTOS/Source/event_groups.o
LOAD ./Middlewares/Third_Party/FreeRTOS/Source/list.o
LOAD ./Middlewares/Third_Party/FreeRTOS/Source/queue.o
LOAD ./Middlewares/Third_Party/FreeRTOS/Source/stream_buffer.o
LOAD ./Middlewares/Third_Party/FreeRTOS/Source/tasks.o
LOAD ./Middlewares/Third_Party/FreeRTOS/Source/timers.o
LOAD ./Middlewares/Third_Party/FreeRTOS/Source/portable/GCC/ARM_CM7/r0p1/port.o
LOAD ./Middlewares/Third_Party/FreeRTOS/Source/portable/MemMang/heap_4.o
START GROUP
LOAD /Applications/STM32CubeIDE.app/Contents/Eclipse/plugins/com.st.stm32cube.ide.mcu.externaltools.gnu-tools-for-stm32.12.3.rel1.macos64_1.0.200.202406191456/tools/bin/../lib/gcc/arm-none-eabi/12.3.1/../../../../arm-none-eabi/lib/thumb/v7e-m+fp/hard/libstdc++_nano.a
LOAD /Applications/STM32CubeIDE.app/Contents/Eclipse/plugins/com.st.stm32cube.ide.mcu.externaltools.gnu-tools-for-stm32.12.3.rel1.macos64_1.0.200.202406191456/tools/bin/../lib/gcc/arm-none-eabi/12.3.1/../../../../arm-none-eabi/lib/thumb/v7e-m+fp/hard/libsupc++_nano.a
END GROUP
LOAD /Applications/STM32CubeIDE.app/Contents/Eclipse/plugins/com.st.stm32cube.ide.mcu.externaltools.gnu-tools-for-stm32.12.3.rel1.macos64_1.0.200.202406191456/tools/bin/../lib/gcc/arm-none-eabi/12.3.1/../../../../arm-none-eabi/lib/thumb/v7e-m+fp/hard/libstdc++_nano.a
LOAD /Applications/STM32CubeIDE.app/Contents/Eclipse/plugins/com.st.stm32cube.ide.mcu.externaltools.gnu-tools-for-stm32.12.3.rel1.macos64_1.0.200.202406191456/tools/bin/../lib/gcc/arm-none-eabi/12.3.1/../../../../arm-none-eabi/lib/thumb/v7e-m+fp/hard/libm.a
LOAD /Applications/STM32CubeIDE.app/Contents/Eclipse/plugins/com.st.stm32cube.ide.mcu.externaltools.gnu-tools-for-stm32.12.3.rel1.macos64_1.0.200.202406191456/tools/bin/../lib/gcc/arm-none-eabi/12.3.1/../../../../arm-none-eabi/lib/thumb/v7e-m+fp/hard/libc_nano.a
START GROUP
LOAD /Applications/STM32CubeIDE.app/Contents/Eclipse/plugins/com.st.stm32cube.ide.mcu.externaltools.gnu-tools-for-stm32.12.3.rel1.macos64_1.0.200.202406191456/tools/bin/../lib/gcc/arm-none-eabi/12.3.1/thumb/v7e-m+fp/hard/libgcc.a
LOAD /Applications/STM32CubeIDE.app/Contents/Eclipse/plugins/com.st.stm32cube.ide.mcu.externaltools.gnu-tools-for-stm32.12.3.rel1.macos64_1.0.200.202406191456/tools/bin/../lib/gcc/arm-none-eabi/12.3.1/../../../../arm-none-eabi/lib/thumb/v7e-m+fp/hard/libc_nano.a
END GROUP
START GROUP
LOAD /Applications/STM32CubeIDE.app/Contents/Eclipse/plugins/com.st.stm32cube.ide.mcu.externaltools.gnu-tools-for-stm32.12.3.rel1.macos64_1.0.200.202406191456/tools/bin/../lib/gcc/arm-none-eabi/12.3.1/thumb/v7e-m+fp/hard/libgcc.a
LOAD /Applications/STM32CubeIDE.app/Contents/Eclipse/plugins/com.st.stm32cube.ide.mcu.externaltools.gnu-tools-for-stm32.12.3.rel1.macos64_1.0.200.202406191456/tools/bin/../lib/gcc/arm-none-eabi/12.3.1/../../../../arm-none-eabi/lib/thumb/v7e-m+fp/hard/libc_nano.a
END GROUP
LOAD /Applications/STM32CubeIDE.app/Contents/Eclipse/plugins/com.st.stm32cube.ide.mcu.externaltools.gnu-tools-for-stm32.12.3.rel1.macos64_1.0.200.202406191456/tools/bin/../lib/gcc/arm-none-eabi/12.3.1/thumb/v7e-m+fp/hard/crtend.o
LOAD /Applications/STM32CubeIDE.app/Contents/Eclipse/plugins/com.st.stm32cube.ide.mcu.externaltools.gnu-tools-for-stm32.12.3.rel1.macos64_1.0.200.202406191456/tools/bin/../lib/gcc/arm-none-eabi/12.3.1/thumb/v7e-m+fp/hard/crtn.o
                0x20050000                        _estack = (ORIGIN (RAM) + LENGTH (RAM))
                0x00000200                        _Min_Heap_Size = 0x200
                0x00000400                        _Min_Stack_Size = 0x400

.isr_vector     0x08000000      0x1c8
                0x08000000                        . = ALIGN (0x4)
 *(.isr_vector)
 .isr_vector    0x08000000      0x1c8 ./Core/Startup/startup_stm32f746zgtx.o
                0x08000000                g_pfnVectors
                0x080001c8                        . = ALIGN (0x4)

.text           0x080001d0    0x13334
                0x080001d0                        . = ALIGN (0x4)
 *(.text)
 .text          0x080001d0       0x40 /Applications/STM32CubeIDE.app/Contents/Eclipse/plugins/com.st.stm32cube.ide.mcu.externaltools.gnu-tools-for-stm32.12.3.rel1.macos64_1.0.200.202406191456/tools/bin/../lib/gcc/arm-none-eabi/12.3.1/thumb/v7e-m+fp/hard/crtbegin.o
 .text          0x08000210       0x10 /Applications/STM32CubeIDE.app/Contents/Eclipse/plugins/com.st.stm32cube.ide.mcu.externaltools.gnu-tools-for-stm32.12.3.rel1.macos64_1.0.200.202406191456/tools/bin/../lib/gcc/arm-none-eabi/12.3.1/../../../../arm-none-eabi/lib/thumb/v7e-m+fp/hard/libc_nano.a(libc_a-strlen.o)
                0x08000210                strlen
 .text          0x08000220       0xa0 /Applications/STM32CubeIDE.app/Contents/Eclipse/plugins/com.st.stm32cube.ide.mcu.externaltools.gnu-tools-for-stm32.12.3.rel1.macos64_1.0.200.202406191456/tools/bin/../lib/gcc/arm-none-eabi/12.3.1/../../../../arm-none-eabi/lib/thumb/v7e-m+fp/hard/libc_nano.a(libc_a-memchr.o)
                0x08000220                memchr
 .text          0x080002c0      0x378 /Applications/STM32CubeIDE.app/Contents/Eclipse/plugins/com.st.stm32cube.ide.mcu.externaltools.gnu-tools-for-stm32.12.3.rel1.macos64_1.0.200.202406191456/tools/bin/../lib/gcc/arm-none-eabi/12.3.1/thumb/v7e-m+fp/hard/libgcc.a(_arm_addsubdf3.o)
                0x080002c0                __aeabi_drsub
                0x080002c8                __subdf3
                0x080002c8                __aeabi_dsub
                0x080002cc                __aeabi_dadd
                0x080002cc                __adddf3
                0x08000544                __aeabi_ui2d
                0x08000544                __floatunsidf
                0x08000564                __floatsidf
                0x08000564                __aeabi_i2d
                0x08000588                __extendsfdf2
                0x08000588                __aeabi_f2d
                0x080005cc                __aeabi_ul2d
                0x080005cc                __floatundidf
                0x080005dc                __aeabi_l2d
                0x080005dc                __floatdidf
 .text          0x08000638      0x424 /Applications/STM32CubeIDE.app/Contents/Eclipse/plugins/com.st.stm32cube.ide.mcu.externaltools.gnu-tools-for-stm32.12.3.rel1.macos64_1.0.200.202406191456/tools/bin/../lib/gcc/arm-none-eabi/12.3.1/thumb/v7e-m+fp/hard/libgcc.a(_arm_muldivdf3.o)
                0x08000638                __aeabi_dmul
                0x08000638                __muldf3
                0x0800088c                __aeabi_ddiv
                0x0800088c                __divdf3
 .text          0x08000a5c      0x110 /Applications/STM32CubeIDE.app/Contents/Eclipse/plugins/com.st.stm32cube.ide.mcu.externaltools.gnu-tools-for-stm32.12.3.rel1.macos64_1.0.200.202406191456/tools/bin/../lib/gcc/arm-none-eabi/12.3.1/thumb/v7e-m+fp/hard/libgcc.a(_arm_cmpdf2.o)
                0x08000a5c                __gedf2
                0x08000a5c                __gtdf2
                0x08000a64                __ledf2
                0x08000a64                __ltdf2
                0x08000a6c                __cmpdf2
                0x08000a6c                __eqdf2
                0x08000a6c                __nedf2
                0x08000ae8                __aeabi_cdrcmple
                0x08000af8                __aeabi_cdcmple
                0x08000af8                __aeabi_cdcmpeq
                0x08000b08                __aeabi_dcmpeq
                0x08000b1c                __aeabi_dcmplt
                0x08000b30                __aeabi_dcmple
                0x08000b44                __aeabi_dcmpge
                0x08000b58                __aeabi_dcmpgt
 .text          0x08000b6c       0x50 /Applications/STM32CubeIDE.app/Contents/Eclipse/plugins/com.st.stm32cube.ide.mcu.externaltools.gnu-tools-for-stm32.12.3.rel1.macos64_1.0.200.202406191456/tools/bin/../lib/gcc/arm-none-eabi/12.3.1/thumb/v7e-m+fp/hard/libgcc.a(_arm_fixdfsi.o)
                0x08000b6c                __fixdfsi
                0x08000b6c                __aeabi_d2iz
 .text          0x08000bbc       0x40 /Applications/STM32CubeIDE.app/Contents/Eclipse/plugins/com.st.stm32cube.ide.mcu.externaltools.gnu-tools-for-stm32.12.3.rel1.macos64_1.0.200.202406191456/tools/bin/../lib/gcc/arm-none-eabi/12.3.1/thumb/v7e-m+fp/hard/libgcc.a(_arm_fixunsdfsi.o)
                0x08000bbc                __fixunsdfsi
                0x08000bbc                __aeabi_d2uiz
 .text          0x08000bfc       0x30 /Applications/STM32CubeIDE.app/Contents/Eclipse/plugins/com.st.stm32cube.ide.mcu.externaltools.gnu-tools-for-stm32.12.3.rel1.macos64_1.0.200.202406191456/tools/bin/../lib/gcc/arm-none-eabi/12.3.1/thumb/v7e-m+fp/hard/libgcc.a(_aeabi_uldivmod.o)
                0x08000bfc                __aeabi_uldivmod
 .text          0x08000c2c      0x2bc /Applications/STM32CubeIDE.app/Contents/Eclipse/plugins/com.st.stm32cube.ide.mcu.externaltools.gnu-tools-for-stm32.12.3.rel1.macos64_1.0.200.202406191456/tools/bin/../lib/gcc/arm-none-eabi/12.3.1/thumb/v7e-m+fp/hard/libgcc.a(_udivmoddi4.o)
                0x08000c2c                __udivmoddi4
 .text          0x08000ee8        0x4 /Applications/STM32CubeIDE.app/Contents/Eclipse/plugins/com.st.stm32cube.ide.mcu.externaltools.gnu-tools-for-stm32.12.3.rel1.macos64_1.0.200.202406191456/tools/bin/../lib/gcc/arm-none-eabi/12.3.1/thumb/v7e-m+fp/hard/libgcc.a(_dvmd_tls.o)
                0x08000ee8                __aeabi_ldiv0
                0x08000ee8                __aeabi_idiv0
 *(.text*)
 .text.Driver_Delay_ms
                0x08000eec       0x16 ./Core/Src/ILI9486.o
                0x08000eec                Driver_Delay_ms
 *fill*         0x08000f02        0x2 
 .text.LCD_Reset
                0x08000f04       0x44 ./Core/Src/ILI9486.o
 .text.LCD_SetBackLight
                0x08000f48       0x18 ./Core/Src/ILI9486.o
                0x08000f48                LCD_SetBackLight
 .text.LCD_WriteReg
                0x08000f60       0x48 ./Core/Src/ILI9486.o
                0x08000f60                LCD_WriteReg
 .text.LCD_WriteData
                0x08000fa8       0x48 ./Core/Src/ILI9486.o
                0x08000fa8                LCD_WriteData
 .text.LCD_Write_AllData
                0x08000ff0       0x74 ./Core/Src/ILI9486.o
 .text.LCD_InitReg
                0x08001064      0x212 ./Core/Src/ILI9486.o
 *fill*         0x08001276        0x2 
 .text.LCD_SetGramScanWay
                0x08001278      0x104 ./Core/Src/ILI9486.o
                0x08001278                LCD_SetGramScanWay
 .text.LCD_Init
                0x0800137c       0x52 ./Core/Src/ILI9486.o
                0x0800137c                LCD_Init
 .text.LCD_SetWindow
                0x080013ce       0xa0 ./Core/Src/ILI9486.o
                0x080013ce                LCD_SetWindow
 .text.LCD_SetCursor
                0x0800146e       0x24 ./Core/Src/ILI9486.o
                0x0800146e                LCD_SetCursor
 .text.LCD_SetColor
                0x08001492       0x2c ./Core/Src/ILI9486.o
                0x08001492                LCD_SetColor
 *fill*         0x080014be        0x2 
 .text.LCD_SetPointlColor
                0x080014c0       0x4c ./Core/Src/ILI9486.o
                0x080014c0                LCD_SetPointlColor
 .text.LCD_SetArealColor
                0x0800150c       0x5a ./Core/Src/ILI9486.o
                0x0800150c                LCD_SetArealColor
 *fill*         0x08001566        0x2 
 .text.LCD_Clear
                0x08001568       0x2c ./Core/Src/ILI9486.o
                0x08001568                LCD_Clear
 .text.GUI_Swop
                0x08001594       0x28 ./Core/Src/ILI9486.o
                0x08001594                GUI_Swop
 .text.GUI_DrawPoint
                0x080015bc      0x10c ./Core/Src/ILI9486.o
                0x080015bc                GUI_DrawPoint
 .text.GUI_DrawLine
                0x080016c8      0x180 ./Core/Src/ILI9486.o
                0x080016c8                GUI_DrawLine
 .text.GUI_DrawRectangle
                0x08001848      0x108 ./Core/Src/ILI9486.o
                0x08001848                GUI_DrawRectangle
 .text.GUI_DrawCircle
                0x08001950      0x314 ./Core/Src/ILI9486.o
                0x08001950                GUI_DrawCircle
 .text.GUI_DisChar
                0x08001c64      0x15c ./Core/Src/ILI9486.o
                0x08001c64                GUI_DisChar
 .text.GUI_DisString_EN
                0x08001dc0       0xa4 ./Core/Src/ILI9486.o
                0x08001dc0                GUI_DisString_EN
 .text.GUI_display
                0x08001e64      0x378 ./Core/Src/ILI9486.o
                0x08001e64                GUI_display
 .text.vApplicationGetIdleTaskMemory
                0x080021dc       0x34 ./Core/Src/freertos.o
                0x080021dc                vApplicationGetIdleTaskMemory
 .text.main     0x08002210      0x2ac ./Core/Src/main.o
                0x08002210                main
 .text.SystemClock_Config
                0x080024bc       0xdc ./Core/Src/main.o
                0x080024bc                SystemClock_Config
 .text.MX_CAN1_Init
                0x08002598       0xd4 ./Core/Src/main.o
 .text.MX_SPI1_Init
                0x0800266c       0x7c ./Core/Src/main.o
 .text.MX_SPI4_Init
                0x080026e8       0x7c ./Core/Src/main.o
 .text.MX_TIM1_Init
                0x08002764       0xb4 ./Core/Src/main.o
 .text.MX_TIM2_Init
                0x08002818       0xa8 ./Core/Src/main.o
 .text.MX_TIM3_Init
                0x080028c0       0xf8 ./Core/Src/main.o
 .text.MX_TIM4_Init
                0x080029b8       0xac ./Core/Src/main.o
 .text.MX_TIM5_Init
                0x08002a64       0xcc ./Core/Src/main.o
 .text.MX_TIM8_Init
                0x08002b30       0xb4 ./Core/Src/main.o
 .text.MX_TIM10_Init
                0x08002be4       0x48 ./Core/Src/main.o
 .text.MX_TIM12_Init
                0x08002c2c       0xa0 ./Core/Src/main.o
 .text.MX_USART2_UART_Init
                0x08002ccc       0x60 ./Core/Src/main.o
 .text.MX_USART3_UART_Init
                0x08002d2c       0x60 ./Core/Src/main.o
 .text.MX_DMA_Init
                0x08002d8c       0xa4 ./Core/Src/main.o
 .text.MX_GPIO_Init
                0x08002e30      0x274 ./Core/Src/main.o
 .text.motor_speed
                0x080030a4       0xe8 ./Core/Src/main.o
                0x080030a4                motor_speed
 .text.motor1   0x0800318c       0x8c ./Core/Src/main.o
                0x0800318c                motor1
 .text.motor2   0x08003218       0x8c ./Core/Src/main.o
                0x08003218                motor2
 .text.motor3   0x080032a4       0x80 ./Core/Src/main.o
                0x080032a4                motor3
 .text.motor4   0x08003324       0x8c ./Core/Src/main.o
                0x08003324                motor4
 .text.turn     0x080033b0      0x164 ./Core/Src/main.o
                0x080033b0                turn
 .text.yvj_ergeh
                0x08003514      0x170 ./Core/Src/main.o
                0x08003514                yvj_ergeh
 .text.HAL_CAN_RxFifo0MsgPendingCallback
                0x08003684       0xa8 ./Core/Src/main.o
                0x08003684                HAL_CAN_RxFifo0MsgPendingCallback
 .text.can_transmit
                0x0800372c       0x6a ./Core/Src/main.o
                0x0800372c                can_transmit
 *fill*         0x08003796        0x2 
 .text.Joystick_task
                0x08003798      0x3f0 ./Core/Src/main.o
                0x08003798                Joystick_task
 .text.Ball_task
                0x08003b88      0x164 ./Core/Src/main.o
                0x08003b88                Ball_task
 .text.Seedling_task
                0x08003cec      0x314 ./Core/Src/main.o
                0x08003cec                Seedling_task
 .text.Wheel_task
                0x08004000      0x418 ./Core/Src/main.o
                0x08004000                Wheel_task
 .text.Encoder_task
                0x08004418      0x290 ./Core/Src/main.o
                0x08004418                Encoder_task
 .text.Display_task
                0x080046a8      0xf90 ./Core/Src/main.o
                0x080046a8                Display_task
 .text.Ros_Transmit
                0x08005638      0x1a8 ./Core/Src/main.o
                0x08005638                Ros_Transmit
 .text.HAL_TIM_PeriodElapsedCallback
                0x080057e0       0x24 ./Core/Src/main.o
                0x080057e0                HAL_TIM_PeriodElapsedCallback
 .text.Error_Handler
                0x08005804       0x12 ./Core/Src/main.o
                0x08005804                Error_Handler
 .text._ZN3ros4TimeC2Ev
                0x08005816       0x22 ./Core/Src/mainpp.o
                0x08005816                ros::Time::Time()
                0x08005816                ros::Time::Time()
 .text._ZN3ros3MsgC2Ev
                0x08005838       0x20 ./Core/Src/mainpp.o
                0x08005838                ros::Msg::Msg()
                0x08005838                ros::Msg::Msg()
 .text._ZN8std_msgs4TimeC2Ev
                0x08005858       0x30 ./Core/Src/mainpp.o
                0x08005858                std_msgs::Time::Time()
                0x08005858                std_msgs::Time::Time()
 .text._ZNK8std_msgs4Time9serializeEPh
                0x08005888       0xb0 ./Core/Src/mainpp.o
                0x08005888                std_msgs::Time::serialize(unsigned char*) const
 .text._ZN8std_msgs4Time11deserializeEPh
                0x08005938       0xc8 ./Core/Src/mainpp.o
                0x08005938                std_msgs::Time::deserialize(unsigned char*)
 .text._ZN8std_msgs4Time7getTypeEv
                0x08005a00       0x1c ./Core/Src/mainpp.o
                0x08005a00                std_msgs::Time::getType()
 .text._ZN8std_msgs4Time6getMD5Ev
                0x08005a1c       0x1c ./Core/Src/mainpp.o
                0x08005a1c                std_msgs::Time::getMD5()
 .text._ZN14rosserial_msgs9TopicInfoC2Ev
                0x08005a38       0x48 ./Core/Src/mainpp.o
                0x08005a38                rosserial_msgs::TopicInfo::TopicInfo()
                0x08005a38                rosserial_msgs::TopicInfo::TopicInfo()
 .text._ZNK14rosserial_msgs9TopicInfo9serializeEPh
                0x08005a80      0x136 ./Core/Src/mainpp.o
                0x08005a80                rosserial_msgs::TopicInfo::serialize(unsigned char*) const
 .text._ZN14rosserial_msgs9TopicInfo11deserializeEPh
                0x08005bb6      0x1d0 ./Core/Src/mainpp.o
                0x08005bb6                rosserial_msgs::TopicInfo::deserialize(unsigned char*)
 *fill*         0x08005d86        0x2 
 .text._ZN14rosserial_msgs9TopicInfo7getTypeEv
                0x08005d88       0x1c ./Core/Src/mainpp.o
                0x08005d88                rosserial_msgs::TopicInfo::getType()
 .text._ZN14rosserial_msgs9TopicInfo6getMD5Ev
                0x08005da4       0x1c ./Core/Src/mainpp.o
                0x08005da4                rosserial_msgs::TopicInfo::getMD5()
 .text._ZN14rosserial_msgs3LogC2Ev
                0x08005dc0       0x34 ./Core/Src/mainpp.o
                0x08005dc0                rosserial_msgs::Log::Log()
                0x08005dc0                rosserial_msgs::Log::Log()
 .text._ZNK14rosserial_msgs3Log9serializeEPh
                0x08005df4       0x64 ./Core/Src/mainpp.o
                0x08005df4                rosserial_msgs::Log::serialize(unsigned char*) const
 .text._ZN14rosserial_msgs3Log11deserializeEPh
                0x08005e58       0x90 ./Core/Src/mainpp.o
                0x08005e58                rosserial_msgs::Log::deserialize(unsigned char*)
 .text._ZN14rosserial_msgs3Log7getTypeEv
                0x08005ee8       0x1c ./Core/Src/mainpp.o
                0x08005ee8                rosserial_msgs::Log::getType()
 .text._ZN14rosserial_msgs3Log6getMD5Ev
                0x08005f04       0x1c ./Core/Src/mainpp.o
                0x08005f04                rosserial_msgs::Log::getMD5()
 .text._ZN14rosserial_msgs20RequestParamResponseC2Ev
                0x08005f20       0x5c ./Core/Src/mainpp.o
                0x08005f20                rosserial_msgs::RequestParamResponse::RequestParamResponse()
                0x08005f20                rosserial_msgs::RequestParamResponse::RequestParamResponse()
 .text._ZNK14rosserial_msgs20RequestParamResponse9serializeEPh
                0x08005f7c      0x222 ./Core/Src/mainpp.o
                0x08005f7c                rosserial_msgs::RequestParamResponse::serialize(unsigned char*) const
 .text._ZN14rosserial_msgs20RequestParamResponse11deserializeEPh
                0x0800619e      0x2e2 ./Core/Src/mainpp.o
                0x0800619e                rosserial_msgs::RequestParamResponse::deserialize(unsigned char*)
 .text._ZN14rosserial_msgs20RequestParamResponse7getTypeEv
                0x08006480       0x1c ./Core/Src/mainpp.o
                0x08006480                rosserial_msgs::RequestParamResponse::getType()
 .text._ZN14rosserial_msgs20RequestParamResponse6getMD5Ev
                0x0800649c       0x1c ./Core/Src/mainpp.o
                0x0800649c                rosserial_msgs::RequestParamResponse::getMD5()
 .text._ZN3ros9PublisherC2EPKcPNS_3MsgEi
                0x080064b8       0x2e ./Core/Src/mainpp.o
                0x080064b8                ros::Publisher::Publisher(char const*, ros::Msg*, int)
                0x080064b8                ros::Publisher::Publisher(char const*, ros::Msg*, int)
 .text._ZN3ros9Publisher7publishEPKNS_3MsgE
                0x080064e6       0x28 ./Core/Src/mainpp.o
                0x080064e6                ros::Publisher::publish(ros::Msg const*)
 .text._ZN3ros9Publisher15getEndpointTypeEv
                0x0800650e       0x18 ./Core/Src/mainpp.o
                0x0800650e                ros::Publisher::getEndpointType()
 .text._ZN11SerialClassC2ER20__UART_HandleTypeDef
                0x08006526       0x4c ./Core/Src/mainpp.o
                0x08006526                SerialClass::SerialClass(__UART_HandleTypeDef&)
                0x08006526                SerialClass::SerialClass(__UART_HandleTypeDef&)
 .text._ZN11SerialClass10get_handleEv
                0x08006572       0x1c ./Core/Src/mainpp.o
                0x08006572                SerialClass::get_handle()
 .text._ZN11SerialClass9start_dmaEv
                0x0800658e       0x3c ./Core/Src/mainpp.o
                0x0800658e                SerialClass::start_dma()
 .text._ZN11SerialClass4readEv
                0x080065ca       0x7e ./Core/Src/mainpp.o
                0x080065ca                SerialClass::read()
 .text._ZN11SerialClass5writeEPKhi
                0x08006648       0x88 ./Core/Src/mainpp.o
                0x08006648                SerialClass::write(unsigned char const*, int)
 .text._ZN11SerialClass16tx_cplt_callbackEv
                0x080066d0       0x1e ./Core/Src/mainpp.o
                0x080066d0                SerialClass::tx_cplt_callback()
 .text._ZN11SerialClass10reset_rbufEv
                0x080066ee       0x28 ./Core/Src/mainpp.o
                0x080066ee                SerialClass::reset_rbuf()
 *fill*         0x08006716        0x2 
 .text.HAL_UART_TxCpltCallback
                0x08006718       0x38 ./Core/Src/mainpp.o
                0x08006718                HAL_UART_TxCpltCallback
 .text.HAL_UART_RxCpltCallback
                0x08006750       0x1c ./Core/Src/mainpp.o
                0x08006750                HAL_UART_RxCpltCallback
 .text._ZN13STM32HardwareC2Ev
                0x0800676c       0x20 ./Core/Src/mainpp.o
                0x0800676c                STM32Hardware::STM32Hardware()
                0x0800676c                STM32Hardware::STM32Hardware()
 .text._ZN13STM32Hardware4initEv
                0x0800678c       0x1a ./Core/Src/mainpp.o
                0x0800678c                STM32Hardware::init()
 .text._ZN13STM32Hardware4readEv
                0x080067a6       0x1c ./Core/Src/mainpp.o
                0x080067a6                STM32Hardware::read()
 .text._ZN13STM32Hardware5writeEPhi
                0x080067c2       0x22 ./Core/Src/mainpp.o
                0x080067c2                STM32Hardware::write(unsigned char*, int)
 .text._ZN13STM32Hardware4timeEv
                0x080067e4       0x16 ./Core/Src/mainpp.o
                0x080067e4                STM32Hardware::time()
 *fill*         0x080067fa        0x2 
 .text._ZN8std_msgs19MultiArrayDimensionC2Ev
                0x080067fc       0x3c ./Core/Src/mainpp.o
                0x080067fc                std_msgs::MultiArrayDimension::MultiArrayDimension()
                0x080067fc                std_msgs::MultiArrayDimension::MultiArrayDimension()
 .text._ZNK8std_msgs19MultiArrayDimension9serializeEPh
                0x08006838       0xe6 ./Core/Src/mainpp.o
                0x08006838                std_msgs::MultiArrayDimension::serialize(unsigned char*) const
 .text._ZN8std_msgs19MultiArrayDimension11deserializeEPh
                0x0800691e      0x12a ./Core/Src/mainpp.o
                0x0800691e                std_msgs::MultiArrayDimension::deserialize(unsigned char*)
 .text._ZN8std_msgs19MultiArrayDimension7getTypeEv
                0x08006a48       0x1c ./Core/Src/mainpp.o
                0x08006a48                std_msgs::MultiArrayDimension::getType()
 .text._ZN8std_msgs19MultiArrayDimension6getMD5Ev
                0x08006a64       0x1c ./Core/Src/mainpp.o
                0x08006a64                std_msgs::MultiArrayDimension::getMD5()
 .text._ZN8std_msgs16MultiArrayLayoutC2Ev
                0x08006a80       0x40 ./Core/Src/mainpp.o
                0x08006a80                std_msgs::MultiArrayLayout::MultiArrayLayout()
                0x08006a80                std_msgs::MultiArrayLayout::MultiArrayLayout()
 .text._ZNK8std_msgs16MultiArrayLayout9serializeEPh
                0x08006ac0       0xec ./Core/Src/mainpp.o
                0x08006ac0                std_msgs::MultiArrayLayout::serialize(unsigned char*) const
 .text._ZN8std_msgs16MultiArrayLayout11deserializeEPh
                0x08006bac      0x120 ./Core/Src/mainpp.o
                0x08006bac                std_msgs::MultiArrayLayout::deserialize(unsigned char*)
 .text._ZN8std_msgs16MultiArrayLayout7getTypeEv
                0x08006ccc       0x1c ./Core/Src/mainpp.o
                0x08006ccc                std_msgs::MultiArrayLayout::getType()
 .text._ZN8std_msgs16MultiArrayLayout6getMD5Ev
                0x08006ce8       0x1c ./Core/Src/mainpp.o
                0x08006ce8                std_msgs::MultiArrayLayout::getMD5()
 .text._ZN8std_msgs4Int8C2Ev
                0x08006d04       0x2c ./Core/Src/mainpp.o
                0x08006d04                std_msgs::Int8::Int8()
                0x08006d04                std_msgs::Int8::Int8()
 .text._ZNK8std_msgs4Int89serializeEPh
                0x08006d30       0x34 ./Core/Src/mainpp.o
                0x08006d30                std_msgs::Int8::serialize(unsigned char*) const
 .text._ZN8std_msgs4Int811deserializeEPh
                0x08006d64       0x3e ./Core/Src/mainpp.o
                0x08006d64                std_msgs::Int8::deserialize(unsigned char*)
 *fill*         0x08006da2        0x2 
 .text._ZN8std_msgs4Int87getTypeEv
                0x08006da4       0x1c ./Core/Src/mainpp.o
                0x08006da4                std_msgs::Int8::getType()
 .text._ZN8std_msgs4Int86getMD5Ev
                0x08006dc0       0x1c ./Core/Src/mainpp.o
                0x08006dc0                std_msgs::Int8::getMD5()
 .text._ZN8std_msgs14Int8MultiArrayC2Ev
                0x08006ddc       0x44 ./Core/Src/mainpp.o
                0x08006ddc                std_msgs::Int8MultiArray::Int8MultiArray()
                0x08006ddc                std_msgs::Int8MultiArray::Int8MultiArray()
 .text._ZNK8std_msgs14Int8MultiArray9serializeEPh
                0x08006e20       0xae ./Core/Src/mainpp.o
                0x08006e20                std_msgs::Int8MultiArray::serialize(unsigned char*) const
 .text._ZN8std_msgs14Int8MultiArray11deserializeEPh
                0x08006ece       0xe2 ./Core/Src/mainpp.o
                0x08006ece                std_msgs::Int8MultiArray::deserialize(unsigned char*)
 .text._ZN8std_msgs14Int8MultiArray7getTypeEv
                0x08006fb0       0x1c ./Core/Src/mainpp.o
                0x08006fb0                std_msgs::Int8MultiArray::getType()
 .text._ZN8std_msgs14Int8MultiArray6getMD5Ev
                0x08006fcc       0x1c ./Core/Src/mainpp.o
                0x08006fcc                std_msgs::Int8MultiArray::getMD5()
 .text._ZN13geometry_msgs7Vector3C2Ev
                0x08006fe8       0x50 ./Core/Src/mainpp.o
                0x08006fe8                geometry_msgs::Vector3::Vector3()
                0x08006fe8                geometry_msgs::Vector3::Vector3()
 .text._ZNK13geometry_msgs7Vector39serializeEPh
                0x08007038      0x2e6 ./Core/Src/mainpp.o
                0x08007038                geometry_msgs::Vector3::serialize(unsigned char*) const
 .text._ZN13geometry_msgs7Vector311deserializeEPh
                0x0800731e      0x6be ./Core/Src/mainpp.o
                0x0800731e                geometry_msgs::Vector3::deserialize(unsigned char*)
 .text._ZN13geometry_msgs7Vector37getTypeEv
                0x080079dc       0x1c ./Core/Src/mainpp.o
                0x080079dc                geometry_msgs::Vector3::getType()
 .text._ZN13geometry_msgs7Vector36getMD5Ev
                0x080079f8       0x1c ./Core/Src/mainpp.o
                0x080079f8                geometry_msgs::Vector3::getMD5()
 .text._ZN13geometry_msgs5TwistC2Ev
                0x08007a14       0x38 ./Core/Src/mainpp.o
                0x08007a14                geometry_msgs::Twist::Twist()
                0x08007a14                geometry_msgs::Twist::Twist()
 .text._ZNK13geometry_msgs5Twist9serializeEPh
                0x08007a4c       0x4c ./Core/Src/mainpp.o
                0x08007a4c                geometry_msgs::Twist::serialize(unsigned char*) const
 .text._ZN13geometry_msgs5Twist11deserializeEPh
                0x08007a98       0x4c ./Core/Src/mainpp.o
                0x08007a98                geometry_msgs::Twist::deserialize(unsigned char*)
 .text._ZN13geometry_msgs5Twist7getTypeEv
                0x08007ae4       0x1c ./Core/Src/mainpp.o
                0x08007ae4                geometry_msgs::Twist::getType()
 .text._ZN13geometry_msgs5Twist6getMD5Ev
                0x08007b00       0x1c ./Core/Src/mainpp.o
                0x08007b00                geometry_msgs::Twist::getMD5()
 .text._ZN3ros15NodeHandleBase_C2Ev
                0x08007b1c       0x20 ./Core/Src/mainpp.o
                0x08007b1c                ros::NodeHandleBase_::NodeHandleBase_()
                0x08007b1c                ros::NodeHandleBase_::NodeHandleBase_()
 .text._ZN3ros11NodeHandle_I13STM32HardwareLi25ELi25ELi512ELi512EEC2Ev
                0x08007b3c       0xe4 ./Core/Src/mainpp.o
                0x08007b3c                ros::NodeHandle_<STM32Hardware, 25, 25, 512, 512>::NodeHandle_()
                0x08007b3c                ros::NodeHandle_<STM32Hardware, 25, 25, 512, 512>::NodeHandle_()
 .text._Z9call_backRKN13geometry_msgs5TwistE
                0x08007c20       0x50 ./Core/Src/mainpp.o
                0x08007c20                call_back(geometry_msgs::Twist const&)
 .text._Z4seedRKN8std_msgs4Int8E
                0x08007c70       0x24 ./Core/Src/mainpp.o
                0x08007c70                seed(std_msgs::Int8 const&)
 .text.setup    0x08007c94       0x38 ./Core/Src/mainpp.o
                0x08007c94                setup
 .text.loop     0x08007ccc       0x34 ./Core/Src/mainpp.o
                0x08007ccc                loop
 .text._ZN3ros3Msg8varToArrIPhmEEvT_T0_
                0x08007d00       0x3e ./Core/Src/mainpp.o
                0x08007d00                void ros::Msg::varToArr<unsigned char*, unsigned long>(unsigned char*, unsigned long)
 .text._ZN3ros3Msg8arrToVarImPhEEvRT_T0_
                0x08007d3e       0x4c ./Core/Src/mainpp.o
                0x08007d3e                void ros::Msg::arrToVar<unsigned long, unsigned char*>(unsigned long&, unsigned char*)
 *fill*         0x08007d8a        0x2 
 .text._ZN3ros11Subscriber_C2Ev
                0x08007d8c       0x20 ./Core/Src/mainpp.o
                0x08007d8c                ros::Subscriber_::Subscriber_()
                0x08007d8c                ros::Subscriber_::Subscriber_()
 .text._ZN3ros10SubscriberIN13geometry_msgs5TwistEvEC2EPKcPFvRKS2_Ei
                0x08007dac       0x48 ./Core/Src/mainpp.o
                0x08007dac                ros::Subscriber<geometry_msgs::Twist, void>::Subscriber(char const*, void (*)(geometry_msgs::Twist const&), int)
                0x08007dac                ros::Subscriber<geometry_msgs::Twist, void>::Subscriber(char const*, void (*)(geometry_msgs::Twist const&), int)
 .text._ZN3ros10SubscriberIN8std_msgs4Int8EvEC2EPKcPFvRKS2_Ei
                0x08007df4       0x48 ./Core/Src/mainpp.o
                0x08007df4                ros::Subscriber<std_msgs::Int8, void>::Subscriber(char const*, void (*)(std_msgs::Int8 const&), int)
                0x08007df4                ros::Subscriber<std_msgs::Int8, void>::Subscriber(char const*, void (*)(std_msgs::Int8 const&), int)
 .text._ZN3ros11NodeHandle_I13STM32HardwareLi25ELi25ELi512ELi512EE8initNodeEv
                0x08007e3c       0x3a ./Core/Src/mainpp.o
                0x08007e3c                ros::NodeHandle_<STM32Hardware, 25, 25, 512, 512>::initNode()
 .text._ZN3ros11NodeHandle_I13STM32HardwareLi25ELi25ELi512ELi512EE9advertiseERNS_9PublisherE
                0x08007e76       0x5c ./Core/Src/mainpp.o
                0x08007e76                ros::NodeHandle_<STM32Hardware, 25, 25, 512, 512>::advertise(ros::Publisher&)
 .text._ZN3ros11NodeHandle_I13STM32HardwareLi25ELi25ELi512ELi512EE9subscribeERNS_11Subscriber_E
                0x08007ed2       0x5a ./Core/Src/mainpp.o
                0x08007ed2                ros::NodeHandle_<STM32Hardware, 25, 25, 512, 512>::subscribe(ros::Subscriber_&)
 .text._ZN3ros11NodeHandle_I13STM32HardwareLi25ELi25ELi512ELi512EE8spinOnceEv
                0x08007f2c      0x3a6 ./Core/Src/mainpp.o
                0x08007f2c                ros::NodeHandle_<STM32Hardware, 25, 25, 512, 512>::spinOnce()
 .text._ZN3ros11NodeHandle_I13STM32HardwareLi25ELi25ELi512ELi512EE15requestSyncTimeEv
                0x080082d2       0x3a ./Core/Src/mainpp.o
                0x080082d2                ros::NodeHandle_<STM32Hardware, 25, 25, 512, 512>::requestSyncTime()
 .text._ZN3ros11NodeHandle_I13STM32HardwareLi25ELi25ELi512ELi512EE15negotiateTopicsEv
                0x0800830c      0x1c0 ./Core/Src/mainpp.o
                0x0800830c                ros::NodeHandle_<STM32Hardware, 25, 25, 512, 512>::negotiateTopics()
 .text._ZN3ros11NodeHandle_I13STM32HardwareLi25ELi25ELi512ELi512EE8syncTimeEPh
                0x080084cc       0x94 ./Core/Src/mainpp.o
                0x080084cc                ros::NodeHandle_<STM32Hardware, 25, 25, 512, 512>::syncTime(unsigned char*)
 .text._ZN3ros11NodeHandle_I13STM32HardwareLi25ELi25ELi512ELi512EE7publishEiPKNS_3MsgE
                0x08008560      0x128 ./Core/Src/mainpp.o
                0x08008560                ros::NodeHandle_<STM32Hardware, 25, 25, 512, 512>::publish(int, ros::Msg const*)
 .text._ZN3ros11NodeHandle_I13STM32HardwareLi25ELi25ELi512ELi512EE6setNowERKNS_4TimeE
                0x08008688       0x7c ./Core/Src/mainpp.o
                0x08008688                ros::NodeHandle_<STM32Hardware, 25, 25, 512, 512>::setNow(ros::Time const&)
 .text._ZN3ros11NodeHandle_I13STM32HardwareLi25ELi25ELi512ELi512EE8logerrorEPKc
                0x08008704       0x1c ./Core/Src/mainpp.o
                0x08008704                ros::NodeHandle_<STM32Hardware, 25, 25, 512, 512>::logerror(char const*)
 .text._ZN3ros11NodeHandle_I13STM32HardwareLi25ELi25ELi512ELi512EE3logEcPKc
                0x08008720       0x38 ./Core/Src/mainpp.o
                0x08008720                ros::NodeHandle_<STM32Hardware, 25, 25, 512, 512>::log(char, char const*)
 .text._Z41__static_initialization_and_destruction_0ii
                0x08008758       0x8c ./Core/Src/mainpp.o
 .text._ZN3ros10SubscriberIN8std_msgs4Int8EvE8callbackEPh
                0x080087e4       0x2a ./Core/Src/mainpp.o
                0x080087e4                ros::Subscriber<std_msgs::Int8, void>::callback(unsigned char*)
 .text._ZN3ros10SubscriberIN8std_msgs4Int8EvE15getEndpointTypeEv
                0x0800880e       0x18 ./Core/Src/mainpp.o
                0x0800880e                ros::Subscriber<std_msgs::Int8, void>::getEndpointType()
 .text._ZN3ros10SubscriberIN8std_msgs4Int8EvE10getMsgTypeEv
                0x08008826       0x1c ./Core/Src/mainpp.o
                0x08008826                ros::Subscriber<std_msgs::Int8, void>::getMsgType()
 .text._ZN3ros10SubscriberIN8std_msgs4Int8EvE9getMsgMD5Ev
                0x08008842       0x1c ./Core/Src/mainpp.o
                0x08008842                ros::Subscriber<std_msgs::Int8, void>::getMsgMD5()
 .text._ZN3ros10SubscriberIN13geometry_msgs5TwistEvE8callbackEPh
                0x0800885e       0x2a ./Core/Src/mainpp.o
                0x0800885e                ros::Subscriber<geometry_msgs::Twist, void>::callback(unsigned char*)
 .text._ZN3ros10SubscriberIN13geometry_msgs5TwistEvE15getEndpointTypeEv
                0x08008888       0x18 ./Core/Src/mainpp.o
                0x08008888                ros::Subscriber<geometry_msgs::Twist, void>::getEndpointType()
 .text._ZN3ros10SubscriberIN13geometry_msgs5TwistEvE10getMsgTypeEv
                0x080088a0       0x1c ./Core/Src/mainpp.o
                0x080088a0                ros::Subscriber<geometry_msgs::Twist, void>::getMsgType()
 .text._ZN3ros10SubscriberIN13geometry_msgs5TwistEvE9getMsgMD5Ev
                0x080088bc       0x1c ./Core/Src/mainpp.o
                0x080088bc                ros::Subscriber<geometry_msgs::Twist, void>::getMsgMD5()
 .text._ZN3ros11NodeHandle_I13STM32HardwareLi25ELi25ELi512ELi512EE9connectedEv
                0x080088d8       0x1a ./Core/Src/mainpp.o
                0x080088d8                ros::NodeHandle_<STM32Hardware, 25, 25, 512, 512>::connected()
 .text._GLOBAL__sub_I_serial
                0x080088f2       0x10 ./Core/Src/mainpp.o
 *fill*         0x08008902        0x2 
 .text.HAL_MspInit
                0x08008904       0x50 ./Core/Src/stm32f7xx_hal_msp.o
                0x08008904                HAL_MspInit
 .text.HAL_CAN_MspInit
                0x08008954       0x98 ./Core/Src/stm32f7xx_hal_msp.o
                0x08008954                HAL_CAN_MspInit
 .text.HAL_SPI_MspInit
                0x080089ec      0x230 ./Core/Src/stm32f7xx_hal_msp.o
                0x080089ec                HAL_SPI_MspInit
 .text.HAL_TIM_Encoder_MspInit
                0x08008c1c      0x1c0 ./Core/Src/stm32f7xx_hal_msp.o
                0x08008c1c                HAL_TIM_Encoder_MspInit
 .text.HAL_TIM_PWM_MspInit
                0x08008ddc       0x90 ./Core/Src/stm32f7xx_hal_msp.o
                0x08008ddc                HAL_TIM_PWM_MspInit
 .text.HAL_TIM_Base_MspInit
                0x08008e6c       0x40 ./Core/Src/stm32f7xx_hal_msp.o
                0x08008e6c                HAL_TIM_Base_MspInit
 .text.HAL_TIM_MspPostInit
                0x08008eac      0x144 ./Core/Src/stm32f7xx_hal_msp.o
                0x08008eac                HAL_TIM_MspPostInit
 .text.HAL_UART_MspInit
                0x08008ff0      0x300 ./Core/Src/stm32f7xx_hal_msp.o
                0x08008ff0                HAL_UART_MspInit
 .text.HAL_InitTick
                0x080092f0       0xe4 ./Core/Src/stm32f7xx_hal_timebase_tim.o
                0x080092f0                HAL_InitTick
 .text.NMI_Handler
                0x080093d4        0x8 ./Core/Src/stm32f7xx_it.o
                0x080093d4                NMI_Handler
 .text.HardFault_Handler
                0x080093dc        0x8 ./Core/Src/stm32f7xx_it.o
                0x080093dc                HardFault_Handler
 .text.MemManage_Handler
                0x080093e4        0x8 ./Core/Src/stm32f7xx_it.o
                0x080093e4                MemManage_Handler
 .text.BusFault_Handler
                0x080093ec        0x8 ./Core/Src/stm32f7xx_it.o
                0x080093ec                BusFault_Handler
 .text.UsageFault_Handler
                0x080093f4        0x8 ./Core/Src/stm32f7xx_it.o
                0x080093f4                UsageFault_Handler
 .text.DebugMon_Handler
                0x080093fc        0xe ./Core/Src/stm32f7xx_it.o
                0x080093fc                DebugMon_Handler
 *fill*         0x0800940a        0x2 
 .text.DMA1_Stream1_IRQHandler
                0x0800940c       0x14 ./Core/Src/stm32f7xx_it.o
                0x0800940c                DMA1_Stream1_IRQHandler
 .text.DMA1_Stream3_IRQHandler
                0x08009420       0x14 ./Core/Src/stm32f7xx_it.o
                0x08009420                DMA1_Stream3_IRQHandler
 .text.DMA1_Stream5_IRQHandler
                0x08009434       0x14 ./Core/Src/stm32f7xx_it.o
                0x08009434                DMA1_Stream5_IRQHandler
 .text.DMA1_Stream6_IRQHandler
                0x08009448       0x14 ./Core/Src/stm32f7xx_it.o
                0x08009448                DMA1_Stream6_IRQHandler
 .text.CAN1_RX0_IRQHandler
                0x0800945c       0x14 ./Core/Src/stm32f7xx_it.o
                0x0800945c                CAN1_RX0_IRQHandler
 .text.TIM1_BRK_TIM9_IRQHandler
                0x08009470       0x1c ./Core/Src/stm32f7xx_it.o
                0x08009470                TIM1_BRK_TIM9_IRQHandler
 .text.USART2_IRQHandler
                0x0800948c       0x14 ./Core/Src/stm32f7xx_it.o
                0x0800948c                USART2_IRQHandler
 .text.USART3_IRQHandler
                0x080094a0       0x14 ./Core/Src/stm32f7xx_it.o
                0x080094a0                USART3_IRQHandler
 .text.DMA2_Stream0_IRQHandler
                0x080094b4       0x14 ./Core/Src/stm32f7xx_it.o
                0x080094b4                DMA2_Stream0_IRQHandler
 .text.DMA2_Stream1_IRQHandler
                0x080094c8       0x14 ./Core/Src/stm32f7xx_it.o
                0x080094c8                DMA2_Stream1_IRQHandler
 .text._read    0x080094dc       0x3a ./Core/Src/syscalls.o
                0x080094dc                _read
 .text._write   0x08009516       0x38 ./Core/Src/syscalls.o
                0x08009516                _write
 .text._close   0x0800954e       0x18 ./Core/Src/syscalls.o
                0x0800954e                _close
 .text._lseek   0x08009566       0x1a ./Core/Src/syscalls.o
                0x08009566                _lseek
 .text._sbrk    0x08009580       0x6c ./Core/Src/sysmem.o
                0x08009580                _sbrk
 .text.SystemInit
                0x080095ec       0x24 ./Core/Src/system_stm32f7xx.o
                0x080095ec                SystemInit
 .text._ZN3ros16normalizeSecNSecERmS0_
                0x08009610       0x58 ./Core/Src/time.o
                0x08009610                ros::normalizeSecNSec(unsigned long&, unsigned long&)
 .text.Reset_Handler
                0x08009668       0x50 ./Core/Startup/startup_stm32f746zgtx.o
                0x08009668                Reset_Handler
 .text.Default_Handler
                0x080096b8        0x2 ./Core/Startup/startup_stm32f746zgtx.o
                0x080096b8                SAI1_IRQHandler
                0x080096b8                EXTI2_IRQHandler
                0x080096b8                TIM8_CC_IRQHandler
                0x080096b8                UART8_IRQHandler
                0x080096b8                SPI4_IRQHandler
                0x080096b8                TIM1_CC_IRQHandler
                0x080096b8                DMA2_Stream5_IRQHandler
                0x080096b8                PVD_IRQHandler
                0x080096b8                TAMP_STAMP_IRQHandler
                0x080096b8                CAN2_RX1_IRQHandler
                0x080096b8                EXTI3_IRQHandler
                0x080096b8                TIM8_TRG_COM_TIM14_IRQHandler
                0x080096b8                TIM1_UP_TIM10_IRQHandler
                0x080096b8                TIM8_UP_TIM13_IRQHandler
                0x080096b8                I2C3_ER_IRQHandler
                0x080096b8                EXTI0_IRQHandler
                0x080096b8                I2C2_EV_IRQHandler
                0x080096b8                DMA1_Stream2_IRQHandler
                0x080096b8                FPU_IRQHandler
                0x080096b8                OTG_HS_WKUP_IRQHandler
                0x080096b8                LTDC_ER_IRQHandler
                0x080096b8                CAN2_SCE_IRQHandler
                0x080096b8                DMA2_Stream2_IRQHandler
                0x080096b8                SPI1_IRQHandler
                0x080096b8                TIM6_DAC_IRQHandler
                0x080096b8                DCMI_IRQHandler
                0x080096b8                CAN2_RX0_IRQHandler
                0x080096b8                DMA2_Stream3_IRQHandler
                0x080096b8                SAI2_IRQHandler
                0x080096b8                USART6_IRQHandler
                0x080096b8                CAN1_RX1_IRQHandler
                0x080096b8                UART5_IRQHandler
                0x080096b8                TIM4_IRQHandler
                0x080096b8                QUADSPI_IRQHandler
                0x080096b8                I2C1_EV_IRQHandler
                0x080096b8                UART4_IRQHandler
                0x080096b8                TIM3_IRQHandler
                0x080096b8                RCC_IRQHandler
                0x080096b8                TIM8_BRK_TIM12_IRQHandler
                0x080096b8                Default_Handler
                0x080096b8                CEC_IRQHandler
                0x080096b8                EXTI15_10_IRQHandler
                0x080096b8                ADC_IRQHandler
                0x080096b8                DMA1_Stream7_IRQHandler
                0x080096b8                SPI5_IRQHandler
                0x080096b8                TIM7_IRQHandler
                0x080096b8                SDMMC1_IRQHandler
                0x080096b8                CAN2_TX_IRQHandler
                0x080096b8                TIM5_IRQHandler
                0x080096b8                DMA2_Stream7_IRQHandler
                0x080096b8                I2C3_EV_IRQHandler
                0x080096b8                EXTI9_5_IRQHandler
                0x080096b8                RTC_WKUP_IRQHandler
                0x080096b8                LTDC_IRQHandler
                0x080096b8                ETH_WKUP_IRQHandler
                0x080096b8                SPDIF_RX_IRQHandler
                0x080096b8                SPI2_IRQHandler
                0x080096b8                OTG_HS_EP1_IN_IRQHandler
                0x080096b8                DMA1_Stream0_IRQHandler
                0x080096b8                CAN1_TX_IRQHandler
                0x080096b8                EXTI4_IRQHandler
                0x080096b8                RNG_IRQHandler
                0x080096b8                ETH_IRQHandler
                0x080096b8                OTG_HS_EP1_OUT_IRQHandler
                0x080096b8                WWDG_IRQHandler
                0x080096b8                SPI6_IRQHandler
                0x080096b8                I2C4_EV_IRQHandler
                0x080096b8                TIM2_IRQHandler
                0x080096b8                OTG_FS_WKUP_IRQHandler
                0x080096b8                TIM1_TRG_COM_TIM11_IRQHandler
                0x080096b8                OTG_HS_IRQHandler
                0x080096b8                DMA2D_IRQHandler
                0x080096b8                EXTI1_IRQHandler
                0x080096b8                UART7_IRQHandler
                0x080096b8                I2C2_ER_IRQHandler
                0x080096b8                CAN1_SCE_IRQHandler
                0x080096b8                FLASH_IRQHandler
                0x080096b8                DMA2_Stream4_IRQHandler
                0x080096b8                USART1_IRQHandler
                0x080096b8                OTG_FS_IRQHandler
                0x080096b8                SPI3_IRQHandler
                0x080096b8                DMA1_Stream4_IRQHandler
                0x080096b8                I2C1_ER_IRQHandler
                0x080096b8                FMC_IRQHandler
                0x080096b8                LPTIM1_IRQHandler
                0x080096b8                I2C4_ER_IRQHandler
                0x080096b8                DMA2_Stream6_IRQHandler
                0x080096b8                RTC_Alarm_IRQHandler
 .text.HAL_Init
                0x080096ba       0x1a ./Drivers/STM32F7xx_HAL_Driver/Src/stm32f7xx_hal.o
                0x080096ba                HAL_Init
 .text.HAL_IncTick
                0x080096d4       0x28 ./Drivers/STM32F7xx_HAL_Driver/Src/stm32f7xx_hal.o
                0x080096d4                HAL_IncTick
 .text.HAL_GetTick
                0x080096fc       0x18 ./Drivers/STM32F7xx_HAL_Driver/Src/stm32f7xx_hal.o
                0x080096fc                HAL_GetTick
 .text.HAL_Delay
                0x08009714       0x48 ./Drivers/STM32F7xx_HAL_Driver/Src/stm32f7xx_hal.o
                0x08009714                HAL_Delay
 .text.HAL_CAN_Init
                0x0800975c      0x1f6 ./Drivers/STM32F7xx_HAL_Driver/Src/stm32f7xx_hal_can.o
                0x0800975c                HAL_CAN_Init
 *fill*         0x08009952        0x2 
 .text.HAL_CAN_ConfigFilter
                0x08009954      0x1c0 ./Drivers/STM32F7xx_HAL_Driver/Src/stm32f7xx_hal_can.o
                0x08009954                HAL_CAN_ConfigFilter
 .text.HAL_CAN_Start
                0x08009b14       0x88 ./Drivers/STM32F7xx_HAL_Driver/Src/stm32f7xx_hal_can.o
                0x08009b14                HAL_CAN_Start
 .text.HAL_CAN_AddTxMessage
                0x08009b9c      0x1a0 ./Drivers/STM32F7xx_HAL_Driver/Src/stm32f7xx_hal_can.o
                0x08009b9c                HAL_CAN_AddTxMessage
 .text.HAL_CAN_IsTxMessagePending
                0x08009d3c       0x48 ./Drivers/STM32F7xx_HAL_Driver/Src/stm32f7xx_hal_can.o
                0x08009d3c                HAL_CAN_IsTxMessagePending
 .text.HAL_CAN_GetRxMessage
                0x08009d84      0x224 ./Drivers/STM32F7xx_HAL_Driver/Src/stm32f7xx_hal_can.o
                0x08009d84                HAL_CAN_GetRxMessage
 .text.HAL_CAN_ActivateNotification
                0x08009fa8       0x4c ./Drivers/STM32F7xx_HAL_Driver/Src/stm32f7xx_hal_can.o
                0x08009fa8                HAL_CAN_ActivateNotification
 .text.HAL_CAN_IRQHandler
                0x08009ff4      0x36e ./Drivers/STM32F7xx_HAL_Driver/Src/stm32f7xx_hal_can.o
                0x08009ff4                HAL_CAN_IRQHandler
 .text.HAL_CAN_TxMailbox0CompleteCallback
                0x0800a362       0x14 ./Drivers/STM32F7xx_HAL_Driver/Src/stm32f7xx_hal_can.o
                0x0800a362                HAL_CAN_TxMailbox0CompleteCallback
 .text.HAL_CAN_TxMailbox1CompleteCallback
                0x0800a376       0x14 ./Drivers/STM32F7xx_HAL_Driver/Src/stm32f7xx_hal_can.o
                0x0800a376                HAL_CAN_TxMailbox1CompleteCallback
 .text.HAL_CAN_TxMailbox2CompleteCallback
                0x0800a38a       0x14 ./Drivers/STM32F7xx_HAL_Driver/Src/stm32f7xx_hal_can.o
                0x0800a38a                HAL_CAN_TxMailbox2CompleteCallback
 .text.HAL_CAN_TxMailbox0AbortCallback
                0x0800a39e       0x14 ./Drivers/STM32F7xx_HAL_Driver/Src/stm32f7xx_hal_can.o
                0x0800a39e                HAL_CAN_TxMailbox0AbortCallback
 .text.HAL_CAN_TxMailbox1AbortCallback
                0x0800a3b2       0x14 ./Drivers/STM32F7xx_HAL_Driver/Src/stm32f7xx_hal_can.o
                0x0800a3b2                HAL_CAN_TxMailbox1AbortCallback
 .text.HAL_CAN_TxMailbox2AbortCallback
                0x0800a3c6       0x14 ./Drivers/STM32F7xx_HAL_Driver/Src/stm32f7xx_hal_can.o
                0x0800a3c6                HAL_CAN_TxMailbox2AbortCallback
 .text.HAL_CAN_RxFifo0FullCallback
                0x0800a3da       0x14 ./Drivers/STM32F7xx_HAL_Driver/Src/stm32f7xx_hal_can.o
                0x0800a3da                HAL_CAN_RxFifo0FullCallback
 .text.HAL_CAN_RxFifo1MsgPendingCallback
                0x0800a3ee       0x14 ./Drivers/STM32F7xx_HAL_Driver/Src/stm32f7xx_hal_can.o
                0x0800a3ee                HAL_CAN_RxFifo1MsgPendingCallback
 .text.HAL_CAN_RxFifo1FullCallback
                0x0800a402       0x14 ./Drivers/STM32F7xx_HAL_Driver/Src/stm32f7xx_hal_can.o
                0x0800a402                HAL_CAN_RxFifo1FullCallback
 .text.HAL_CAN_SleepCallback
                0x0800a416       0x14 ./Drivers/STM32F7xx_HAL_Driver/Src/stm32f7xx_hal_can.o
                0x0800a416                HAL_CAN_SleepCallback
 .text.HAL_CAN_WakeUpFromRxMsgCallback
                0x0800a42a       0x14 ./Drivers/STM32F7xx_HAL_Driver/Src/stm32f7xx_hal_can.o
                0x0800a42a                HAL_CAN_WakeUpFromRxMsgCallback
 .text.HAL_CAN_ErrorCallback
                0x0800a43e       0x14 ./Drivers/STM32F7xx_HAL_Driver/Src/stm32f7xx_hal_can.o
                0x0800a43e                HAL_CAN_ErrorCallback
 *fill*         0x0800a452        0x2 
 .text.__NVIC_SetPriorityGrouping
                0x0800a454       0x48 ./Drivers/STM32F7xx_HAL_Driver/Src/stm32f7xx_hal_cortex.o
 .text.__NVIC_GetPriorityGrouping
                0x0800a49c       0x1c ./Drivers/STM32F7xx_HAL_Driver/Src/stm32f7xx_hal_cortex.o
 .text.__NVIC_EnableIRQ
                0x0800a4b8       0x3c ./Drivers/STM32F7xx_HAL_Driver/Src/stm32f7xx_hal_cortex.o
 .text.__NVIC_SetPriority
                0x0800a4f4       0x54 ./Drivers/STM32F7xx_HAL_Driver/Src/stm32f7xx_hal_cortex.o
 .text.NVIC_EncodePriority
                0x0800a548       0x66 ./Drivers/STM32F7xx_HAL_Driver/Src/stm32f7xx_hal_cortex.o
 .text.HAL_NVIC_SetPriorityGrouping
                0x0800a5ae       0x16 ./Drivers/STM32F7xx_HAL_Driver/Src/stm32f7xx_hal_cortex.o
                0x0800a5ae                HAL_NVIC_SetPriorityGrouping
 .text.HAL_NVIC_SetPriority
                0x0800a5c4       0x38 ./Drivers/STM32F7xx_HAL_Driver/Src/stm32f7xx_hal_cortex.o
                0x0800a5c4                HAL_NVIC_SetPriority
 .text.HAL_NVIC_EnableIRQ
                0x0800a5fc       0x1c ./Drivers/STM32F7xx_HAL_Driver/Src/stm32f7xx_hal_cortex.o
                0x0800a5fc                HAL_NVIC_EnableIRQ
 .text.HAL_DMA_Init
                0x0800a618      0x15c ./Drivers/STM32F7xx_HAL_Driver/Src/stm32f7xx_hal_dma.o
                0x0800a618                HAL_DMA_Init
 .text.HAL_DMA_Start_IT
                0x0800a774       0xc0 ./Drivers/STM32F7xx_HAL_Driver/Src/stm32f7xx_hal_dma.o
                0x0800a774                HAL_DMA_Start_IT
 .text.HAL_DMA_Abort
                0x0800a834       0xe0 ./Drivers/STM32F7xx_HAL_Driver/Src/stm32f7xx_hal_dma.o
                0x0800a834                HAL_DMA_Abort
 .text.HAL_DMA_Abort_IT
                0x0800a914       0x44 ./Drivers/STM32F7xx_HAL_Driver/Src/stm32f7xx_hal_dma.o
                0x0800a914                HAL_DMA_Abort_IT
 .text.HAL_DMA_IRQHandler
                0x0800a958      0x314 ./Drivers/STM32F7xx_HAL_Driver/Src/stm32f7xx_hal_dma.o
                0x0800a958                HAL_DMA_IRQHandler
 .text.DMA_SetConfig
                0x0800ac6c       0x5c ./Drivers/STM32F7xx_HAL_Driver/Src/stm32f7xx_hal_dma.o
 .text.DMA_CalcBaseAndBitshift
                0x0800acc8       0x6c ./Drivers/STM32F7xx_HAL_Driver/Src/stm32f7xx_hal_dma.o
 .text.DMA_CheckFifoParam
                0x0800ad34       0xf8 ./Drivers/STM32F7xx_HAL_Driver/Src/stm32f7xx_hal_dma.o
 .text.HAL_GPIO_Init
                0x0800ae2c      0x358 ./Drivers/STM32F7xx_HAL_Driver/Src/stm32f7xx_hal_gpio.o
                0x0800ae2c                HAL_GPIO_Init
 .text.HAL_GPIO_ReadPin
                0x0800b184       0x30 ./Drivers/STM32F7xx_HAL_Driver/Src/stm32f7xx_hal_gpio.o
                0x0800b184                HAL_GPIO_ReadPin
 .text.HAL_GPIO_WritePin
                0x0800b1b4       0x32 ./Drivers/STM32F7xx_HAL_Driver/Src/stm32f7xx_hal_gpio.o
                0x0800b1b4                HAL_GPIO_WritePin
 .text.HAL_GPIO_TogglePin
                0x0800b1e6       0x34 ./Drivers/STM32F7xx_HAL_Driver/Src/stm32f7xx_hal_gpio.o
                0x0800b1e6                HAL_GPIO_TogglePin
 *fill*         0x0800b21a        0x2 
 .text.HAL_PWR_EnableBkUpAccess
                0x0800b21c       0x20 ./Drivers/STM32F7xx_HAL_Driver/Src/stm32f7xx_hal_pwr.o
                0x0800b21c                HAL_PWR_EnableBkUpAccess
 .text.HAL_PWREx_EnableOverDrive
                0x0800b23c       0xa0 ./Drivers/STM32F7xx_HAL_Driver/Src/stm32f7xx_hal_pwr_ex.o
                0x0800b23c                HAL_PWREx_EnableOverDrive
 .text.HAL_RCC_OscConfig
                0x0800b2dc      0x548 ./Drivers/STM32F7xx_HAL_Driver/Src/stm32f7xx_hal_rcc.o
                0x0800b2dc                HAL_RCC_OscConfig
 .text.HAL_RCC_ClockConfig
                0x0800b824      0x1d8 ./Drivers/STM32F7xx_HAL_Driver/Src/stm32f7xx_hal_rcc.o
                0x0800b824                HAL_RCC_ClockConfig
 .text.HAL_RCC_GetSysClockFreq
                0x0800b9fc      0x20c ./Drivers/STM32F7xx_HAL_Driver/Src/stm32f7xx_hal_rcc.o
                0x0800b9fc                HAL_RCC_GetSysClockFreq
 .text.HAL_RCC_GetHCLKFreq
                0x0800bc08       0x18 ./Drivers/STM32F7xx_HAL_Driver/Src/stm32f7xx_hal_rcc.o
                0x0800bc08                HAL_RCC_GetHCLKFreq
 .text.HAL_RCC_GetPCLK1Freq
                0x0800bc20       0x28 ./Drivers/STM32F7xx_HAL_Driver/Src/stm32f7xx_hal_rcc.o
                0x0800bc20                HAL_RCC_GetPCLK1Freq
 .text.HAL_RCC_GetPCLK2Freq
                0x0800bc48       0x28 ./Drivers/STM32F7xx_HAL_Driver/Src/stm32f7xx_hal_rcc.o
                0x0800bc48                HAL_RCC_GetPCLK2Freq
 .text.HAL_RCC_GetClockConfig
                0x0800bc70       0x64 ./Drivers/STM32F7xx_HAL_Driver/Src/stm32f7xx_hal_rcc.o
                0x0800bc70                HAL_RCC_GetClockConfig
 .text.HAL_RCCEx_PeriphCLKConfig
                0x0800bcd4      0x7e0 ./Drivers/STM32F7xx_HAL_Driver/Src/stm32f7xx_hal_rcc_ex.o
                0x0800bcd4                HAL_RCCEx_PeriphCLKConfig
 .text.HAL_SPI_Init
                0x0800c4b4      0x156 ./Drivers/STM32F7xx_HAL_Driver/Src/stm32f7xx_hal_spi.o
                0x0800c4b4                HAL_SPI_Init
 .text.HAL_SPI_Transmit
                0x0800c60a      0x2dc ./Drivers/STM32F7xx_HAL_Driver/Src/stm32f7xx_hal_spi.o
                0x0800c60a                HAL_SPI_Transmit
 .text.HAL_SPI_TransmitReceive
                0x0800c8e6      0x426 ./Drivers/STM32F7xx_HAL_Driver/Src/stm32f7xx_hal_spi.o
                0x0800c8e6                HAL_SPI_TransmitReceive
 .text.SPI_WaitFlagStateUntilTimeout
                0x0800cd0c      0x110 ./Drivers/STM32F7xx_HAL_Driver/Src/stm32f7xx_hal_spi.o
 .text.SPI_WaitFifoStateUntilTimeout
                0x0800ce1c      0x12c ./Drivers/STM32F7xx_HAL_Driver/Src/stm32f7xx_hal_spi.o
 .text.SPI_EndRxTxTransaction
                0x0800cf48       0xd4 ./Drivers/STM32F7xx_HAL_Driver/Src/stm32f7xx_hal_spi.o
 .text.HAL_TIM_Base_Init
                0x0800d01c       0xae ./Drivers/STM32F7xx_HAL_Driver/Src/stm32f7xx_hal_tim.o
                0x0800d01c                HAL_TIM_Base_Init
 *fill*         0x0800d0ca        0x2 
 .text.HAL_TIM_Base_Start_IT
                0x0800d0cc       0xf0 ./Drivers/STM32F7xx_HAL_Driver/Src/stm32f7xx_hal_tim.o
                0x0800d0cc                HAL_TIM_Base_Start_IT
 .text.HAL_TIM_PWM_Init
                0x0800d1bc       0xae ./Drivers/STM32F7xx_HAL_Driver/Src/stm32f7xx_hal_tim.o
                0x0800d1bc                HAL_TIM_PWM_Init
 *fill*         0x0800d26a        0x2 
 .text.HAL_TIM_PWM_Start
                0x0800d26c      0x1f4 ./Drivers/STM32F7xx_HAL_Driver/Src/stm32f7xx_hal_tim.o
                0x0800d26c                HAL_TIM_PWM_Start
 .text.HAL_TIM_Encoder_Init
                0x0800d460      0x14c ./Drivers/STM32F7xx_HAL_Driver/Src/stm32f7xx_hal_tim.o
                0x0800d460                HAL_TIM_Encoder_Init
 .text.HAL_TIM_Encoder_Start
                0x0800d5ac      0x11c ./Drivers/STM32F7xx_HAL_Driver/Src/stm32f7xx_hal_tim.o
                0x0800d5ac                HAL_TIM_Encoder_Start
 .text.HAL_TIM_IRQHandler
                0x0800d6c8      0x23e ./Drivers/STM32F7xx_HAL_Driver/Src/stm32f7xx_hal_tim.o
                0x0800d6c8                HAL_TIM_IRQHandler
 *fill*         0x0800d906        0x2 
 .text.HAL_TIM_PWM_ConfigChannel
                0x0800d908      0x228 ./Drivers/STM32F7xx_HAL_Driver/Src/stm32f7xx_hal_tim.o
                0x0800d908                HAL_TIM_PWM_ConfigChannel
 .text.HAL_TIM_OC_DelayElapsedCallback
                0x0800db30       0x14 ./Drivers/STM32F7xx_HAL_Driver/Src/stm32f7xx_hal_tim.o
                0x0800db30                HAL_TIM_OC_DelayElapsedCallback
 .text.HAL_TIM_IC_CaptureCallback
                0x0800db44       0x14 ./Drivers/STM32F7xx_HAL_Driver/Src/stm32f7xx_hal_tim.o
                0x0800db44                HAL_TIM_IC_CaptureCallback
 .text.HAL_TIM_PWM_PulseFinishedCallback
                0x0800db58       0x14 ./Drivers/STM32F7xx_HAL_Driver/Src/stm32f7xx_hal_tim.o
                0x0800db58                HAL_TIM_PWM_PulseFinishedCallback
 .text.HAL_TIM_TriggerCallback
                0x0800db6c       0x14 ./Drivers/STM32F7xx_HAL_Driver/Src/stm32f7xx_hal_tim.o
                0x0800db6c                HAL_TIM_TriggerCallback
 .text.TIM_Base_SetConfig
                0x0800db80      0x140 ./Drivers/STM32F7xx_HAL_Driver/Src/stm32f7xx_hal_tim.o
                0x0800db80                TIM_Base_SetConfig
 .text.TIM_OC1_SetConfig
                0x0800dcc0       0xe4 ./Drivers/STM32F7xx_HAL_Driver/Src/stm32f7xx_hal_tim.o
 .text.TIM_OC2_SetConfig
                0x0800dda4       0xf0 ./Drivers/STM32F7xx_HAL_Driver/Src/stm32f7xx_hal_tim.o
                0x0800dda4                TIM_OC2_SetConfig
 .text.TIM_OC3_SetConfig
                0x0800de94       0xec ./Drivers/STM32F7xx_HAL_Driver/Src/stm32f7xx_hal_tim.o
 .text.TIM_OC4_SetConfig
                0x0800df80       0xb0 ./Drivers/STM32F7xx_HAL_Driver/Src/stm32f7xx_hal_tim.o
 .text.TIM_OC5_SetConfig
                0x0800e030       0xa4 ./Drivers/STM32F7xx_HAL_Driver/Src/stm32f7xx_hal_tim.o
 .text.TIM_OC6_SetConfig
                0x0800e0d4       0xa8 ./Drivers/STM32F7xx_HAL_Driver/Src/stm32f7xx_hal_tim.o
 .text.TIM_CCxChannelCmd
                0x0800e17c       0x4a ./Drivers/STM32F7xx_HAL_Driver/Src/stm32f7xx_hal_tim.o
                0x0800e17c                TIM_CCxChannelCmd
 *fill*         0x0800e1c6        0x2 
 .text.HAL_TIMEx_MasterConfigSynchronization
                0x0800e1c8      0x11c ./Drivers/STM32F7xx_HAL_Driver/Src/stm32f7xx_hal_tim_ex.o
                0x0800e1c8                HAL_TIMEx_MasterConfigSynchronization
 .text.HAL_TIMEx_CommutCallback
                0x0800e2e4       0x14 ./Drivers/STM32F7xx_HAL_Driver/Src/stm32f7xx_hal_tim_ex.o
                0x0800e2e4                HAL_TIMEx_CommutCallback
 .text.HAL_TIMEx_BreakCallback
                0x0800e2f8       0x14 ./Drivers/STM32F7xx_HAL_Driver/Src/stm32f7xx_hal_tim_ex.o
                0x0800e2f8                HAL_TIMEx_BreakCallback
 .text.HAL_TIMEx_Break2Callback
                0x0800e30c       0x14 ./Drivers/STM32F7xx_HAL_Driver/Src/stm32f7xx_hal_tim_ex.o
                0x0800e30c                HAL_TIMEx_Break2Callback
 .text.HAL_UART_Init
                0x0800e320       0x9c ./Drivers/STM32F7xx_HAL_Driver/Src/stm32f7xx_hal_uart.o
                0x0800e320                HAL_UART_Init
 .text.HAL_UART_Transmit_DMA
                0x0800e3bc       0xf8 ./Drivers/STM32F7xx_HAL_Driver/Src/stm32f7xx_hal_uart.o
                0x0800e3bc                HAL_UART_Transmit_DMA
 .text.HAL_UART_Receive_DMA
                0x0800e4b4       0x88 ./Drivers/STM32F7xx_HAL_Driver/Src/stm32f7xx_hal_uart.o
                0x0800e4b4                HAL_UART_Receive_DMA
 .text.HAL_UART_IRQHandler
                0x0800e53c      0x5a4 ./Drivers/STM32F7xx_HAL_Driver/Src/stm32f7xx_hal_uart.o
                0x0800e53c                HAL_UART_IRQHandler
 .text.HAL_UART_TxHalfCpltCallback
                0x0800eae0       0x14 ./Drivers/STM32F7xx_HAL_Driver/Src/stm32f7xx_hal_uart.o
                0x0800eae0                HAL_UART_TxHalfCpltCallback
 .text.HAL_UART_RxHalfCpltCallback
                0x0800eaf4       0x14 ./Drivers/STM32F7xx_HAL_Driver/Src/stm32f7xx_hal_uart.o
                0x0800eaf4                HAL_UART_RxHalfCpltCallback
 .text.HAL_UART_ErrorCallback
                0x0800eb08       0x14 ./Drivers/STM32F7xx_HAL_Driver/Src/stm32f7xx_hal_uart.o
                0x0800eb08                HAL_UART_ErrorCallback
 .text.HAL_UARTEx_RxEventCallback
                0x0800eb1c       0x18 ./Drivers/STM32F7xx_HAL_Driver/Src/stm32f7xx_hal_uart.o
                0x0800eb1c                HAL_UARTEx_RxEventCallback
 .text.UART_SetConfig
                0x0800eb34      0x4c8 ./Drivers/STM32F7xx_HAL_Driver/Src/stm32f7xx_hal_uart.o
                0x0800eb34                UART_SetConfig
 .text.UART_AdvFeatureConfig
                0x0800effc      0x144 ./Drivers/STM32F7xx_HAL_Driver/Src/stm32f7xx_hal_uart.o
                0x0800effc                UART_AdvFeatureConfig
 .text.UART_CheckIdleState
                0x0800f140       0x6e ./Drivers/STM32F7xx_HAL_Driver/Src/stm32f7xx_hal_uart.o
                0x0800f140                UART_CheckIdleState
 .text.UART_WaitOnFlagUntilTimeout
                0x0800f1ae      0x18c ./Drivers/STM32F7xx_HAL_Driver/Src/stm32f7xx_hal_uart.o
                0x0800f1ae                UART_WaitOnFlagUntilTimeout
 *fill*         0x0800f33a        0x2 
 .text.UART_Start_Receive_DMA
                0x0800f33c      0x140 ./Drivers/STM32F7xx_HAL_Driver/Src/stm32f7xx_hal_uart.o
                0x0800f33c                UART_Start_Receive_DMA
 .text.UART_EndTxTransfer
                0x0800f47c       0x4c ./Drivers/STM32F7xx_HAL_Driver/Src/stm32f7xx_hal_uart.o
 .text.UART_EndRxTransfer
                0x0800f4c8       0xc8 ./Drivers/STM32F7xx_HAL_Driver/Src/stm32f7xx_hal_uart.o
 .text.UART_DMATransmitCplt
                0x0800f590       0x96 ./Drivers/STM32F7xx_HAL_Driver/Src/stm32f7xx_hal_uart.o
 .text.UART_DMATxHalfCplt
                0x0800f626       0x1c ./Drivers/STM32F7xx_HAL_Driver/Src/stm32f7xx_hal_uart.o
 .text.UART_DMAReceiveCplt
                0x0800f642      0x128 ./Drivers/STM32F7xx_HAL_Driver/Src/stm32f7xx_hal_uart.o
 .text.UART_DMARxHalfCplt
                0x0800f76a       0x3e ./Drivers/STM32F7xx_HAL_Driver/Src/stm32f7xx_hal_uart.o
 .text.UART_DMAError
                0x0800f7a8       0x7e ./Drivers/STM32F7xx_HAL_Driver/Src/stm32f7xx_hal_uart.o
 .text.UART_DMAAbortOnError
                0x0800f826       0x2c ./Drivers/STM32F7xx_HAL_Driver/Src/stm32f7xx_hal_uart.o
 .text.UART_EndTransmit_IT
                0x0800f852       0x54 ./Drivers/STM32F7xx_HAL_Driver/Src/stm32f7xx_hal_uart.o
 .text.makeFreeRtosPriority
                0x0800f8a6       0x30 ./Middlewares/Third_Party/FreeRTOS/Source/CMSIS_RTOS/cmsis_os.o
 .text.osKernelStart
                0x0800f8d6        0xe ./Middlewares/Third_Party/FreeRTOS/Source/CMSIS_RTOS/cmsis_os.o
                0x0800f8d6                osKernelStart
 .text.osThreadCreate
                0x0800f8e4       0x98 ./Middlewares/Third_Party/FreeRTOS/Source/CMSIS_RTOS/cmsis_os.o
                0x0800f8e4                osThreadCreate
 .text.osDelay  0x0800f97c       0x28 ./Middlewares/Third_Party/FreeRTOS/Source/CMSIS_RTOS/cmsis_os.o
                0x0800f97c                osDelay
 .text.vListInitialise
                0x0800f9a4       0x40 ./Middlewares/Third_Party/FreeRTOS/Source/list.o
                0x0800f9a4                vListInitialise
 .text.vListInitialiseItem
                0x0800f9e4       0x1a ./Middlewares/Third_Party/FreeRTOS/Source/list.o
                0x0800f9e4                vListInitialiseItem
 .text.vListInsertEnd
                0x0800f9fe       0x48 ./Middlewares/Third_Party/FreeRTOS/Source/list.o
                0x0800f9fe                vListInsertEnd
 .text.vListInsert
                0x0800fa46       0x72 ./Middlewares/Third_Party/FreeRTOS/Source/list.o
                0x0800fa46                vListInsert
 .text.uxListRemove
                0x0800fab8       0x54 ./Middlewares/Third_Party/FreeRTOS/Source/list.o
                0x0800fab8                uxListRemove
 .text.xTaskCreateStatic
                0x0800fb0c       0xcc ./Middlewares/Third_Party/FreeRTOS/Source/tasks.o
                0x0800fb0c                xTaskCreateStatic
 .text.xTaskCreate
                0x0800fbd8       0x8a ./Middlewares/Third_Party/FreeRTOS/Source/tasks.o
                0x0800fbd8                xTaskCreate
 .text.prvInitialiseNewTask
                0x0800fc62      0x114 ./Middlewares/Third_Party/FreeRTOS/Source/tasks.o
 *fill*         0x0800fd76        0x2 
 .text.prvAddNewTaskToReadyList
                0x0800fd78       0xd4 ./Middlewares/Third_Party/FreeRTOS/Source/tasks.o
 .text.vTaskDelay
                0x0800fe4c       0x70 ./Middlewares/Third_Party/FreeRTOS/Source/tasks.o
                0x0800fe4c                vTaskDelay
 .text.vTaskStartScheduler
                0x0800febc       0xcc ./Middlewares/Third_Party/FreeRTOS/Source/tasks.o
                0x0800febc                vTaskStartScheduler
 .text.vTaskSuspendAll
                0x0800ff88       0x1c ./Middlewares/Third_Party/FreeRTOS/Source/tasks.o
                0x0800ff88                vTaskSuspendAll
 .text.xTaskResumeAll
                0x0800ffa4      0x140 ./Middlewares/Third_Party/FreeRTOS/Source/tasks.o
                0x0800ffa4                xTaskResumeAll
 .text.xTaskIncrementTick
                0x080100e4      0x178 ./Middlewares/Third_Party/FreeRTOS/Source/tasks.o
                0x080100e4                xTaskIncrementTick
 .text.vTaskSwitchContext
                0x0801025c       0xbc ./Middlewares/Third_Party/FreeRTOS/Source/tasks.o
                0x0801025c                vTaskSwitchContext
 .text.prvIdleTask
                0x08010318       0x30 ./Middlewares/Third_Party/FreeRTOS/Source/tasks.o
 .text.prvInitialiseTaskLists
                0x08010348       0x80 ./Middlewares/Third_Party/FreeRTOS/Source/tasks.o
 .text.prvCheckTasksWaitingTermination
                0x080103c8       0x5c ./Middlewares/Third_Party/FreeRTOS/Source/tasks.o
 .text.prvDeleteTCB
                0x08010424       0x64 ./Middlewares/Third_Party/FreeRTOS/Source/tasks.o
 .text.prvResetNextTaskUnblockTime
                0x08010488       0x40 ./Middlewares/Third_Party/FreeRTOS/Source/tasks.o
 .text.prvAddCurrentTaskToDelayedList
                0x080104c8       0xcc ./Middlewares/Third_Party/FreeRTOS/Source/tasks.o
 .text.pxPortInitialiseStack
                0x08010594       0x68 ./Middlewares/Third_Party/FreeRTOS/Source/portable/GCC/ARM_CM7/r0p1/port.o
                0x08010594                pxPortInitialiseStack
 .text.prvTaskExitError
                0x080105fc       0x64 ./Middlewares/Third_Party/FreeRTOS/Source/portable/GCC/ARM_CM7/r0p1/port.o
 .text.SVC_Handler
                0x08010660       0x28 ./Middlewares/Third_Party/FreeRTOS/Source/portable/GCC/ARM_CM7/r0p1/port.o
                0x08010660                SVC_Handler
 .text.prvPortStartFirstTask
                0x08010688       0x28 ./Middlewares/Third_Party/FreeRTOS/Source/portable/GCC/ARM_CM7/r0p1/port.o
 .text.xPortStartScheduler
                0x080106b0       0xfc ./Middlewares/Third_Party/FreeRTOS/Source/portable/GCC/ARM_CM7/r0p1/port.o
                0x080106b0                xPortStartScheduler
 .text.vPortEnterCritical
                0x080107ac       0x6c ./Middlewares/Third_Party/FreeRTOS/Source/portable/GCC/ARM_CM7/r0p1/port.o
                0x080107ac                vPortEnterCritical
 .text.vPortExitCritical
                0x08010818       0x58 ./Middlewares/Third_Party/FreeRTOS/Source/portable/GCC/ARM_CM7/r0p1/port.o
                0x08010818                vPortExitCritical
 .text.PendSV_Handler
                0x08010870       0x68 ./Middlewares/Third_Party/FreeRTOS/Source/portable/GCC/ARM_CM7/r0p1/port.o
                0x08010870                PendSV_Handler
 .text.SysTick_Handler
                0x080108d8       0x48 ./Middlewares/Third_Party/FreeRTOS/Source/portable/GCC/ARM_CM7/r0p1/port.o
                0x080108d8                SysTick_Handler
 .text.vPortSetupTimerInterrupt
                0x08010920       0x48 ./Middlewares/Third_Party/FreeRTOS/Source/portable/GCC/ARM_CM7/r0p1/port.o
                0x08010920                vPortSetupTimerInterrupt
 .text.vPortEnableVFP
                0x08010968       0x14 ./Middlewares/Third_Party/FreeRTOS/Source/portable/GCC/ARM_CM7/r0p1/port.o
 .text.pvPortMalloc
                0x0801097c      0x19c ./Middlewares/Third_Party/FreeRTOS/Source/portable/MemMang/heap_4.o
                0x0801097c                pvPortMalloc
 .text.vPortFree
                0x08010b18       0xc0 ./Middlewares/Third_Party/FreeRTOS/Source/portable/MemMang/heap_4.o
                0x08010b18                vPortFree
 .text.prvHeapInit
                0x08010bd8       0xc4 ./Middlewares/Third_Party/FreeRTOS/Source/portable/MemMang/heap_4.o
 .text.prvInsertBlockIntoFreeList
                0x08010c9c       0xb4 ./Middlewares/Third_Party/FreeRTOS/Source/portable/MemMang/heap_4.o
 .text.atan2    0x08010d50        0x4 /Applications/STM32CubeIDE.app/Contents/Eclipse/plugins/com.st.stm32cube.ide.mcu.externaltools.gnu-tools-for-stm32.12.3.rel1.macos64_1.0.200.202406191456/tools/bin/../lib/gcc/arm-none-eabi/12.3.1/../../../../arm-none-eabi/lib/thumb/v7e-m+fp/hard/libm.a(libm_a-w_atan2.o)
                0x08010d50                atan2
 *fill*         0x08010d54        0x4 
 .text.hypot    0x08010d58       0x68 /Applications/STM32CubeIDE.app/Contents/Eclipse/plugins/com.st.stm32cube.ide.mcu.externaltools.gnu-tools-for-stm32.12.3.rel1.macos64_1.0.200.202406191456/tools/bin/../lib/gcc/arm-none-eabi/12.3.1/../../../../arm-none-eabi/lib/thumb/v7e-m+fp/hard/libm.a(libm_a-w_hypot.o)
                0x08010d58                hypot
 .text.__ieee754_atan2
                0x08010dc0      0x18c /Applications/STM32CubeIDE.app/Contents/Eclipse/plugins/com.st.stm32cube.ide.mcu.externaltools.gnu-tools-for-stm32.12.3.rel1.macos64_1.0.200.202406191456/tools/bin/../lib/gcc/arm-none-eabi/12.3.1/../../../../arm-none-eabi/lib/thumb/v7e-m+fp/hard/libm.a(libm_a-e_atan2.o)
                0x08010dc0                __ieee754_atan2
 *fill*         0x08010f4c        0x4 
 .text.atan     0x08010f50      0x330 /Applications/STM32CubeIDE.app/Contents/Eclipse/plugins/com.st.stm32cube.ide.mcu.externaltools.gnu-tools-for-stm32.12.3.rel1.macos64_1.0.200.202406191456/tools/bin/../lib/gcc/arm-none-eabi/12.3.1/../../../../arm-none-eabi/lib/thumb/v7e-m+fp/hard/libm.a(libm_a-s_atan.o)
                0x08010f50                atan
 .text.cos      0x08011280       0xa8 /Applications/STM32CubeIDE.app/Contents/Eclipse/plugins/com.st.stm32cube.ide.mcu.externaltools.gnu-tools-for-stm32.12.3.rel1.macos64_1.0.200.202406191456/tools/bin/../lib/gcc/arm-none-eabi/12.3.1/../../../../arm-none-eabi/lib/thumb/v7e-m+fp/hard/libm.a(libm_a-s_cos.o)
                0x08011280                cos
 .text.fabs     0x08011328       0x10 /Applications/STM32CubeIDE.app/Contents/Eclipse/plugins/com.st.stm32cube.ide.mcu.externaltools.gnu-tools-for-stm32.12.3.rel1.macos64_1.0.200.202406191456/tools/bin/../lib/gcc/arm-none-eabi/12.3.1/../../../../arm-none-eabi/lib/thumb/v7e-m+fp/hard/libm.a(libm_a-s_fabs.o)
                0x08011328                fabs
 .text.finite   0x08011338       0x16 /Applications/STM32CubeIDE.app/Contents/Eclipse/plugins/com.st.stm32cube.ide.mcu.externaltools.gnu-tools-for-stm32.12.3.rel1.macos64_1.0.200.202406191456/tools/bin/../lib/gcc/arm-none-eabi/12.3.1/../../../../arm-none-eabi/lib/thumb/v7e-m+fp/hard/libm.a(libm_a-s_finite.o)
                0x08011338                finite
 *fill*         0x0801134e        0x2 
 .text.sin      0x08011350       0xa8 /Applications/STM32CubeIDE.app/Contents/Eclipse/plugins/com.st.stm32cube.ide.mcu.externaltools.gnu-tools-for-stm32.12.3.rel1.macos64_1.0.200.202406191456/tools/bin/../lib/gcc/arm-none-eabi/12.3.1/../../../../arm-none-eabi/lib/thumb/v7e-m+fp/hard/libm.a(libm_a-s_sin.o)
                0x08011350                sin
 .text.__ieee754_hypot
                0x080113f8      0x22c /Applications/STM32CubeIDE.app/Contents/Eclipse/plugins/com.st.stm32cube.ide.mcu.externaltools.gnu-tools-for-stm32.12.3.rel1.macos64_1.0.200.202406191456/tools/bin/../lib/gcc/arm-none-eabi/12.3.1/../../../../arm-none-eabi/lib/thumb/v7e-m+fp/hard/libm.a(libm_a-e_hypot.o)
                0x080113f8                __ieee754_hypot
 *fill*         0x08011624        0x4 
 .text.__ieee754_rem_pio2
                0x08011628      0x3f8 /Applications/STM32CubeIDE.app/Contents/Eclipse/plugins/com.st.stm32cube.ide.mcu.externaltools.gnu-tools-for-stm32.12.3.rel1.macos64_1.0.200.202406191456/tools/bin/../lib/gcc/arm-none-eabi/12.3.1/../../../../arm-none-eabi/lib/thumb/v7e-m+fp/hard/libm.a(libm_a-e_rem_pio2.o)
                0x08011628                __ieee754_rem_pio2
 .text.__kernel_rem_pio2
                0x08011a20      0x6b0 /Applications/STM32CubeIDE.app/Contents/Eclipse/plugins/com.st.stm32cube.ide.mcu.externaltools.gnu-tools-for-stm32.12.3.rel1.macos64_1.0.200.202406191456/tools/bin/../lib/gcc/arm-none-eabi/12.3.1/../../../../arm-none-eabi/lib/thumb/v7e-m+fp/hard/libm.a(libm_a-k_rem_pio2.o)
                0x08011a20                __kernel_rem_pio2
 .text.__kernel_cos
                0x080120d0      0x18c /Applications/STM32CubeIDE.app/Contents/Eclipse/plugins/com.st.stm32cube.ide.mcu.externaltools.gnu-tools-for-stm32.12.3.rel1.macos64_1.0.200.202406191456/tools/bin/../lib/gcc/arm-none-eabi/12.3.1/../../../../arm-none-eabi/lib/thumb/v7e-m+fp/hard/libm.a(libm_a-k_cos.o)
                0x080120d0                __kernel_cos
 *fill*         0x0801225c        0x4 
 .text.__kernel_sin
                0x08012260      0x174 /Applications/STM32CubeIDE.app/Contents/Eclipse/plugins/com.st.stm32cube.ide.mcu.externaltools.gnu-tools-for-stm32.12.3.rel1.macos64_1.0.200.202406191456/tools/bin/../lib/gcc/arm-none-eabi/12.3.1/../../../../arm-none-eabi/lib/thumb/v7e-m+fp/hard/libm.a(libm_a-k_sin.o)
                0x08012260                __kernel_sin
 *fill*         0x080123d4        0x4 
 .text.scalbn   0x080123d8       0xfc /Applications/STM32CubeIDE.app/Contents/Eclipse/plugins/com.st.stm32cube.ide.mcu.externaltools.gnu-tools-for-stm32.12.3.rel1.macos64_1.0.200.202406191456/tools/bin/../lib/gcc/arm-none-eabi/12.3.1/../../../../arm-none-eabi/lib/thumb/v7e-m+fp/hard/libm.a(libm_a-s_scalbn.o)
                0x080123d8                scalbn
 .text.__ieee754_sqrt
                0x080124d4      0x1b4 /Applications/STM32CubeIDE.app/Contents/Eclipse/plugins/com.st.stm32cube.ide.mcu.externaltools.gnu-tools-for-stm32.12.3.rel1.macos64_1.0.200.202406191456/tools/bin/../lib/gcc/arm-none-eabi/12.3.1/../../../../arm-none-eabi/lib/thumb/v7e-m+fp/hard/libm.a(libm_a-e_sqrt.o)
                0x080124d4                __ieee754_sqrt
 .text.floor    0x08012688       0xf8 /Applications/STM32CubeIDE.app/Contents/Eclipse/plugins/com.st.stm32cube.ide.mcu.externaltools.gnu-tools-for-stm32.12.3.rel1.macos64_1.0.200.202406191456/tools/bin/../lib/gcc/arm-none-eabi/12.3.1/../../../../arm-none-eabi/lib/thumb/v7e-m+fp/hard/libm.a(libm_a-s_floor.o)
                0x08012688                floor
 .text.__sflush_r
                0x08012780      0x108 /Applications/STM32CubeIDE.app/Contents/Eclipse/plugins/com.st.stm32cube.ide.mcu.externaltools.gnu-tools-for-stm32.12.3.rel1.macos64_1.0.200.202406191456/tools/bin/../lib/gcc/arm-none-eabi/12.3.1/../../../../arm-none-eabi/lib/thumb/v7e-m+fp/hard/libc_nano.a(libc_a-fflush.o)
                0x08012780                __sflush_r
 .text._fflush_r
                0x08012888       0x50 /Applications/STM32CubeIDE.app/Contents/Eclipse/plugins/com.st.stm32cube.ide.mcu.externaltools.gnu-tools-for-stm32.12.3.rel1.macos64_1.0.200.202406191456/tools/bin/../lib/gcc/arm-none-eabi/12.3.1/../../../../arm-none-eabi/lib/thumb/v7e-m+fp/hard/libc_nano.a(libc_a-fflush.o)
                0x08012888                _fflush_r
 .text.fflush   0x080128d8       0x28 /Applications/STM32CubeIDE.app/Contents/Eclipse/plugins/com.st.stm32cube.ide.mcu.externaltools.gnu-tools-for-stm32.12.3.rel1.macos64_1.0.200.202406191456/tools/bin/../lib/gcc/arm-none-eabi/12.3.1/../../../../arm-none-eabi/lib/thumb/v7e-m+fp/hard/libc_nano.a(libc_a-fflush.o)
                0x080128d8                fflush
 .text.sprintf  0x08012900       0x40 /Applications/STM32CubeIDE.app/Contents/Eclipse/plugins/com.st.stm32cube.ide.mcu.externaltools.gnu-tools-for-stm32.12.3.rel1.macos64_1.0.200.202406191456/tools/bin/../lib/gcc/arm-none-eabi/12.3.1/../../../../arm-none-eabi/lib/thumb/v7e-m+fp/hard/libc_nano.a(libc_a-sprintf.o)
                0x08012900                sprintf
                0x08012900                siprintf
 .text.realloc  0x08012940       0x10 /Applications/STM32CubeIDE.app/Contents/Eclipse/plugins/com.st.stm32cube.ide.mcu.externaltools.gnu-tools-for-stm32.12.3.rel1.macos64_1.0.200.202406191456/tools/bin/../lib/gcc/arm-none-eabi/12.3.1/../../../../arm-none-eabi/lib/thumb/v7e-m+fp/hard/libc_nano.a(libc_a-realloc.o)
                0x08012940                realloc
 .text.std      0x08012950       0x6c /Applications/STM32CubeIDE.app/Contents/Eclipse/plugins/com.st.stm32cube.ide.mcu.externaltools.gnu-tools-for-stm32.12.3.rel1.macos64_1.0.200.202406191456/tools/bin/../lib/gcc/arm-none-eabi/12.3.1/../../../../arm-none-eabi/lib/thumb/v7e-m+fp/hard/libc_nano.a(libc_a-findfp.o)
 .text.stdio_exit_handler
                0x080129bc       0x18 /Applications/STM32CubeIDE.app/Contents/Eclipse/plugins/com.st.stm32cube.ide.mcu.externaltools.gnu-tools-for-stm32.12.3.rel1.macos64_1.0.200.202406191456/tools/bin/../lib/gcc/arm-none-eabi/12.3.1/../../../../arm-none-eabi/lib/thumb/v7e-m+fp/hard/libc_nano.a(libc_a-findfp.o)
 .text.cleanup_stdio
                0x080129d4       0x40 /Applications/STM32CubeIDE.app/Contents/Eclipse/plugins/com.st.stm32cube.ide.mcu.externaltools.gnu-tools-for-stm32.12.3.rel1.macos64_1.0.200.202406191456/tools/bin/../lib/gcc/arm-none-eabi/12.3.1/../../../../arm-none-eabi/lib/thumb/v7e-m+fp/hard/libc_nano.a(libc_a-findfp.o)
 .text.global_stdio_init.part.0
                0x08012a14       0x3c /Applications/STM32CubeIDE.app/Contents/Eclipse/plugins/com.st.stm32cube.ide.mcu.externaltools.gnu-tools-for-stm32.12.3.rel1.macos64_1.0.200.202406191456/tools/bin/../lib/gcc/arm-none-eabi/12.3.1/../../../../arm-none-eabi/lib/thumb/v7e-m+fp/hard/libc_nano.a(libc_a-findfp.o)
 .text.__sfp_lock_acquire
                0x08012a50        0xc /Applications/STM32CubeIDE.app/Contents/Eclipse/plugins/com.st.stm32cube.ide.mcu.externaltools.gnu-tools-for-stm32.12.3.rel1.macos64_1.0.200.202406191456/tools/bin/../lib/gcc/arm-none-eabi/12.3.1/../../../../arm-none-eabi/lib/thumb/v7e-m+fp/hard/libc_nano.a(libc_a-findfp.o)
                0x08012a50                __sfp_lock_acquire
 .text.__sfp_lock_release
                0x08012a5c        0xc /Applications/STM32CubeIDE.app/Contents/Eclipse/plugins/com.st.stm32cube.ide.mcu.externaltools.gnu-tools-for-stm32.12.3.rel1.macos64_1.0.200.202406191456/tools/bin/../lib/gcc/arm-none-eabi/12.3.1/../../../../arm-none-eabi/lib/thumb/v7e-m+fp/hard/libc_nano.a(libc_a-findfp.o)
                0x08012a5c                __sfp_lock_release
 .text.__sinit  0x08012a68       0x30 /Applications/STM32CubeIDE.app/Contents/Eclipse/plugins/com.st.stm32cube.ide.mcu.externaltools.gnu-tools-for-stm32.12.3.rel1.macos64_1.0.200.202406191456/tools/bin/../lib/gcc/arm-none-eabi/12.3.1/../../../../arm-none-eabi/lib/thumb/v7e-m+fp/hard/libc_nano.a(libc_a-findfp.o)
                0x08012a68                __sinit
 .text._realloc_r
                0x08012a98       0x5c /Applications/STM32CubeIDE.app/Contents/Eclipse/plugins/com.st.stm32cube.ide.mcu.externaltools.gnu-tools-for-stm32.12.3.rel1.macos64_1.0.200.202406191456/tools/bin/../lib/gcc/arm-none-eabi/12.3.1/../../../../arm-none-eabi/lib/thumb/v7e-m+fp/hard/libc_nano.a(libc_a-reallocr.o)
                0x08012a98                _realloc_r
 .text._fwalk_sglue
                0x08012af4       0x3c /Applications/STM32CubeIDE.app/Contents/Eclipse/plugins/com.st.stm32cube.ide.mcu.externaltools.gnu-tools-for-stm32.12.3.rel1.macos64_1.0.200.202406191456/tools/bin/../lib/gcc/arm-none-eabi/12.3.1/../../../../arm-none-eabi/lib/thumb/v7e-m+fp/hard/libc_nano.a(libc_a-fwalk.o)
                0x08012af4                _fwalk_sglue
 .text.memset   0x08012b30       0x10 /Applications/STM32CubeIDE.app/Contents/Eclipse/plugins/com.st.stm32cube.ide.mcu.externaltools.gnu-tools-for-stm32.12.3.rel1.macos64_1.0.200.202406191456/tools/bin/../lib/gcc/arm-none-eabi/12.3.1/../../../../arm-none-eabi/lib/thumb/v7e-m+fp/hard/libc_nano.a(libc_a-memset.o)
                0x08012b30                memset
 .text.__errno  0x08012b40        0xc /Applications/STM32CubeIDE.app/Contents/Eclipse/plugins/com.st.stm32cube.ide.mcu.externaltools.gnu-tools-for-stm32.12.3.rel1.macos64_1.0.200.202406191456/tools/bin/../lib/gcc/arm-none-eabi/12.3.1/../../../../arm-none-eabi/lib/thumb/v7e-m+fp/hard/libc_nano.a(libc_a-errno.o)
                0x08012b40                __errno
 .text.__libc_init_array
                0x08012b4c       0x48 /Applications/STM32CubeIDE.app/Contents/Eclipse/plugins/com.st.stm32cube.ide.mcu.externaltools.gnu-tools-for-stm32.12.3.rel1.macos64_1.0.200.202406191456/tools/bin/../lib/gcc/arm-none-eabi/12.3.1/../../../../arm-none-eabi/lib/thumb/v7e-m+fp/hard/libc_nano.a(libc_a-init.o)
                0x08012b4c                __libc_init_array
 .text.__retarget_lock_init_recursive
                0x08012b94        0x2 /Applications/STM32CubeIDE.app/Contents/Eclipse/plugins/com.st.stm32cube.ide.mcu.externaltools.gnu-tools-for-stm32.12.3.rel1.macos64_1.0.200.202406191456/tools/bin/../lib/gcc/arm-none-eabi/12.3.1/../../../../arm-none-eabi/lib/thumb/v7e-m+fp/hard/libc_nano.a(libc_a-lock.o)
                0x08012b94                __retarget_lock_init_recursive
 .text.__retarget_lock_acquire_recursive
                0x08012b96        0x2 /Applications/STM32CubeIDE.app/Contents/Eclipse/plugins/com.st.stm32cube.ide.mcu.externaltools.gnu-tools-for-stm32.12.3.rel1.macos64_1.0.200.202406191456/tools/bin/../lib/gcc/arm-none-eabi/12.3.1/../../../../arm-none-eabi/lib/thumb/v7e-m+fp/hard/libc_nano.a(libc_a-lock.o)
                0x08012b96                __retarget_lock_acquire_recursive
 .text.__retarget_lock_release_recursive
                0x08012b98        0x2 /Applications/STM32CubeIDE.app/Contents/Eclipse/plugins/com.st.stm32cube.ide.mcu.externaltools.gnu-tools-for-stm32.12.3.rel1.macos64_1.0.200.202406191456/tools/bin/../lib/gcc/arm-none-eabi/12.3.1/../../../../arm-none-eabi/lib/thumb/v7e-m+fp/hard/libc_nano.a(libc_a-lock.o)
                0x08012b98                __retarget_lock_release_recursive
 .text.memcpy   0x08012b9a       0x1c /Applications/STM32CubeIDE.app/Contents/Eclipse/plugins/com.st.stm32cube.ide.mcu.externaltools.gnu-tools-for-stm32.12.3.rel1.macos64_1.0.200.202406191456/tools/bin/../lib/gcc/arm-none-eabi/12.3.1/../../../../arm-none-eabi/lib/thumb/v7e-m+fp/hard/libc_nano.a(libc_a-memcpy-stub.o)
                0x08012b9a                memcpy
 *fill*         0x08012bb6        0x2 
 .text._free_r  0x08012bb8       0x94 /Applications/STM32CubeIDE.app/Contents/Eclipse/plugins/com.st.stm32cube.ide.mcu.externaltools.gnu-tools-for-stm32.12.3.rel1.macos64_1.0.200.202406191456/tools/bin/../lib/gcc/arm-none-eabi/12.3.1/../../../../arm-none-eabi/lib/thumb/v7e-m+fp/hard/libc_nano.a(libc_a-freer.o)
                0x08012bb8                _free_r
 .text.__ssputs_r
                0x08012c4c       0xb6 /Applications/STM32CubeIDE.app/Contents/Eclipse/plugins/com.st.stm32cube.ide.mcu.externaltools.gnu-tools-for-stm32.12.3.rel1.macos64_1.0.200.202406191456/tools/bin/../lib/gcc/arm-none-eabi/12.3.1/../../../../arm-none-eabi/lib/thumb/v7e-m+fp/hard/libc_nano.a(libc_a-nano-svfprintf.o)
                0x08012c4c                __ssputs_r
 *fill*         0x08012d02        0x2 
 .text._svfprintf_r
                0x08012d04      0x1f8 /Applications/STM32CubeIDE.app/Contents/Eclipse/plugins/com.st.stm32cube.ide.mcu.externaltools.gnu-tools-for-stm32.12.3.rel1.macos64_1.0.200.202406191456/tools/bin/../lib/gcc/arm-none-eabi/12.3.1/../../../../arm-none-eabi/lib/thumb/v7e-m+fp/hard/libc_nano.a(libc_a-nano-svfprintf.o)
                0x08012d04                _svfprintf_r
                0x08012d04                _svfiprintf_r
 .text.sbrk_aligned
                0x08012efc       0x44 /Applications/STM32CubeIDE.app/Contents/Eclipse/plugins/com.st.stm32cube.ide.mcu.externaltools.gnu-tools-for-stm32.12.3.rel1.macos64_1.0.200.202406191456/tools/bin/../lib/gcc/arm-none-eabi/12.3.1/../../../../arm-none-eabi/lib/thumb/v7e-m+fp/hard/libc_nano.a(libc_a-mallocr.o)
 .text._malloc_r
                0x08012f40      0x100 /Applications/STM32CubeIDE.app/Contents/Eclipse/plugins/com.st.stm32cube.ide.mcu.externaltools.gnu-tools-for-stm32.12.3.rel1.macos64_1.0.200.202406191456/tools/bin/../lib/gcc/arm-none-eabi/12.3.1/../../../../arm-none-eabi/lib/thumb/v7e-m+fp/hard/libc_nano.a(libc_a-mallocr.o)
                0x08012f40                _malloc_r
 .text._printf_common
                0x08013040       0xda /Applications/STM32CubeIDE.app/Contents/Eclipse/plugins/com.st.stm32cube.ide.mcu.externaltools.gnu-tools-for-stm32.12.3.rel1.macos64_1.0.200.202406191456/tools/bin/../lib/gcc/arm-none-eabi/12.3.1/../../../../arm-none-eabi/lib/thumb/v7e-m+fp/hard/libc_nano.a(libc_a-nano-vfprintf_i.o)
                0x08013040                _printf_common
 *fill*         0x0801311a        0x2 
 .text._printf_i
                0x0801311c      0x240 /Applications/STM32CubeIDE.app/Contents/Eclipse/plugins/com.st.stm32cube.ide.mcu.externaltools.gnu-tools-for-stm32.12.3.rel1.macos64_1.0.200.202406191456/tools/bin/../lib/gcc/arm-none-eabi/12.3.1/../../../../arm-none-eabi/lib/thumb/v7e-m+fp/hard/libc_nano.a(libc_a-nano-vfprintf_i.o)
                0x0801311c                _printf_i
 .text.__malloc_lock
                0x0801335c        0xc /Applications/STM32CubeIDE.app/Contents/Eclipse/plugins/com.st.stm32cube.ide.mcu.externaltools.gnu-tools-for-stm32.12.3.rel1.macos64_1.0.200.202406191456/tools/bin/../lib/gcc/arm-none-eabi/12.3.1/../../../../arm-none-eabi/lib/thumb/v7e-m+fp/hard/libc_nano.a(libc_a-mlock.o)
                0x0801335c                __malloc_lock
 .text.__malloc_unlock
                0x08013368        0xc /Applications/STM32CubeIDE.app/Contents/Eclipse/plugins/com.st.stm32cube.ide.mcu.externaltools.gnu-tools-for-stm32.12.3.rel1.macos64_1.0.200.202406191456/tools/bin/../lib/gcc/arm-none-eabi/12.3.1/../../../../arm-none-eabi/lib/thumb/v7e-m+fp/hard/libc_nano.a(libc_a-mlock.o)
                0x08013368                __malloc_unlock
 .text._malloc_usable_size_r
                0x08013374       0x10 /Applications/STM32CubeIDE.app/Contents/Eclipse/plugins/com.st.stm32cube.ide.mcu.externaltools.gnu-tools-for-stm32.12.3.rel1.macos64_1.0.200.202406191456/tools/bin/../lib/gcc/arm-none-eabi/12.3.1/../../../../arm-none-eabi/lib/thumb/v7e-m+fp/hard/libc_nano.a(libc_a-msizer.o)
                0x08013374                _malloc_usable_size_r
 .text.__sread  0x08013384       0x22 /Applications/STM32CubeIDE.app/Contents/Eclipse/plugins/com.st.stm32cube.ide.mcu.externaltools.gnu-tools-for-stm32.12.3.rel1.macos64_1.0.200.202406191456/tools/bin/../lib/gcc/arm-none-eabi/12.3.1/../../../../arm-none-eabi/lib/thumb/v7e-m+fp/hard/libc_nano.a(libc_a-stdio.o)
                0x08013384                __sread
 .text.__swrite