../Core/Src/ILI9486.c:34:6:Driver_Delay_ms	16	static
../Core/Src/ILI9486.c:40:6:Driver_Delay_us	24	static
../Core/Src/ILI9486.c:46:13:LCD_Reset	8	static
../Core/Src/ILI9486.c:56:7:LCD_SetBackLight	8	static
../Core/Src/ILI9486.c:65:6:LCD_WriteReg	16	static
../Core/Src/ILI9486.c:74:6:LCD_WriteData	16	static
../Core/Src/ILI9486.c:89:13:LCD_Write_AllData	24	static
../Core/Src/ILI9486.c:114:13:LCD_InitReg	8	static
../Core/Src/ILI9486.c:227:6:LCD_SetGramScanWay	24	static
../Core/Src/ILI9486.c:293:6:LCD_Init	16	static
../Core/Src/ILI9486.c:325:6:LCD_SetWindow	24	static
../Core/Src/ILI9486.c:349:6:LCD_SetCursor	16	static
../Core/Src/ILI9486.c:360:6:LCD_SetColor	16	static
../Core/Src/ILI9486.c:372:6:LCD_SetPointlColor	16	static
../Core/Src/ILI9486.c:389:6:LCD_SetArealColor	24	static
../Core/Src/ILI9486.c:397:6:LCD_Clear	24	static
../Core/Src/ILI9486.c:404:6:GUI_Swop	24	static
../Core/Src/ILI9486.c:415:6:GUI_Clear	16	static
../Core/Src/ILI9486.c:428:6:GUI_DrawPoint	32	static
../Core/Src/ILI9486.c:467:6:GUI_DrawLine	64	static
../Core/Src/ILI9486.c:527:6:GUI_DrawRectangle	40	static
../Core/Src/ILI9486.c:568:6:GUI_DrawCircle	40	static
../Core/Src/ILI9486.c:637:6:GUI_DisChar	48	static
../Core/Src/ILI9486.c:683:6:GUI_DisString_EN	40	static
../Core/Src/ILI9486.c:727:6:GUI_DisNum	560	static
../Core/Src/ILI9486.c:771:6:GUI_Disbitmap	40	static
../Core/Src/ILI9486.c:796:6:GUI_DisGrayMap	40	static
../Core/Src/ILI9486.c:820:8:GUI_GetFontSize	24	static
../Core/Src/ILI9486.c:927:6:GUI_display	32	static
