../Core/Src/main.c:270:5:main	240	static
../Core/Src/main.c:417:6:SystemClock_Config	88	static
../Core/Src/main.c:475:13:MX_CAN1_Init	48	static
../Core/Src/main.c:533:13:MX_SPI1_Init	8	static
../Core/Src/main.c:573:13:MX_SPI4_Init	8	static
../Core/Src/main.c:613:13:MX_TIM1_Init	56	static
../Core/Src/main.c:664:13:MX_TIM2_Init	56	static
../Core/Src/main.c:713:13:MX_TIM3_Init	48	static
../Core/Src/main.c:774:13:MX_TIM4_Init	56	static
../Core/Src/main.c:823:13:MX_TIM5_Init	48	static
../Core/Src/main.c:876:13:MX_TIM8_Init	56	static
../Core/Src/main.c:927:13:MX_TIM10_Init	8	static
../Core/Src/main.c:958:13:MX_TIM12_Init	40	static
../Core/Src/main.c:1004:13:MX_USART2_UART_Init	8	static
../Core/Src/main.c:1039:13:MX_USART3_UART_Init	8	static
../Core/Src/main.c:1072:13:MX_DMA_Init	16	static
../Core/Src/main.c:1106:13:MX_GPIO_Init	64	static
../Core/Src/main.c:1262:6:switch_StateChanged_Ball	4	static
../Core/Src/main.c:1274:6:motor_speed	32	static
../Core/Src/main.c:1290:6:motor1	8	static
../Core/Src/main.c:1308:6:motor2	8	static
../Core/Src/main.c:1326:6:motor3	8	static
../Core/Src/main.c:1344:6:motor4	8	static
../Core/Src/main.c:1364:6:turn	8	static
../Core/Src/main.c:1397:6:yvj_ergeh	16	static
../Core/Src/main.c:1411:5:GetPos_M5	8	static
../Core/Src/main.c:1415:6:HAL_CAN_RxFifo0MsgPendingCallback	32	static
../Core/Src/main.c:1437:6:can_transmit	56	static
../Core/Src/main.c:1463:6:Joystick_task	16	static
../Core/Src/main.c:1540:6:Ball_task	16	static
../Core/Src/main.c:1601:6:Seedling_task	16	static
../Core/Src/main.c:1752:6:Wheel_task	16	static
../Core/Src/main.c:1825:6:Encoder_task	16	static
../Core/Src/main.c:1895:6:Display_task	48	static
../Core/Src/main.c:2054:6:Ros_Transmit	16	static
../Core/Src/main.c:2123:6:M3508_task	16	static
../Core/Src/main.c:2162:6:HAL_TIM_PeriodElapsedCallback	16	static
../Core/Src/main.c:2179:6:Error_Handler	4	static,ignoring_inline_asm
