../Core/Src/stm32f7xx_it.c:100:6:NMI_Handler	4	static
../Core/Src/stm32f7xx_it.c:115:6:HardFault_Handler	4	static
../Core/Src/stm32f7xx_it.c:130:6:MemManage_Handler	4	static
../Core/Src/stm32f7xx_it.c:145:6:BusFault_Handler	4	static
../Core/Src/stm32f7xx_it.c:160:6:UsageFault_Handler	4	static
../Core/Src/stm32f7xx_it.c:175:6:DebugMon_Handler	4	static
../Core/Src/stm32f7xx_it.c:195:6:DMA1_Stream1_IRQHandler	8	static
../Core/Src/stm32f7xx_it.c:209:6:DMA1_Stream3_IRQHandler	8	static
../Core/Src/stm32f7xx_it.c:223:6:DMA1_Stream5_IRQHandler	8	static
../Core/Src/stm32f7xx_it.c:237:6:DMA1_Stream6_IRQHandler	8	static
../Core/Src/stm32f7xx_it.c:251:6:CAN1_RX0_IRQHandler	8	static
../Core/Src/stm32f7xx_it.c:265:6:TIM1_BRK_TIM9_IRQHandler	8	static
../Core/Src/stm32f7xx_it.c:280:6:USART2_IRQHandler	8	static
../Core/Src/stm32f7xx_it.c:294:6:USART3_IRQHandler	8	static
../Core/Src/stm32f7xx_it.c:308:6:DMA2_Stream0_IRQHandler	8	static
../Core/Src/stm32f7xx_it.c:322:6:DMA2_Stream1_IRQHandler	8	static
